{
  "jsonSchemaSemanticVersion": "1.1.0",
  "imports": [
    {
      "corpusPath": "local:/Color.cdm.json",
      "moniker": "resolvedFrom"
    }
  ],
  "definitions": [
    {
      "entityName": "Resolved_Color_referenceOnly",
      "exhibitsTraits": [
        {
          "traitReference": "has.entitySchemaAbstractionLevel",
          "arguments": [
            {
              "name": "level",
              "value": "resolved"
            }
          ]
        }
      ],
      "attributeContext": {
        "type": "entity",
        "name": "Resolved_Color_referenceOnly",
        "definition": "resolvedFrom/Color",
        "contents": [
          {
            "type": "attributeDefinition",
            "name": "ColorName",
            "parent": "Resolved_Color_referenceOnly/attributeContext/Resolved_Color_referenceOnly",
            "definition": "resolvedFrom/Color/hasAttributes/ColorName",
            "contents": [
              "Resolved_Color_referenceOnly/hasAttributes/ColorName"
            ]
          },
          {
            "type": "attributeDefinition",
            "name": "RGBColor",
            "parent": "Resolved_Color_referenceOnly/attributeContext/Resolved_Color_referenceOnly",
            "definition": "resolvedFrom/Color/hasAttributes/RGBColor",
            "contents": [
              {
                "type": "projection",
                "name": "projection",
                "parent": "Resolved_Color_referenceOnly/attributeContext/Resolved_Color_referenceOnly/RGBColor",
                "definition": "resolvedFrom/Color/hasAttributes/RGBColor/entity/projection",
                "contents": [
                  {
                    "type": "source",
                    "name": "source",
                    "parent": "Resolved_Color_referenceOnly/attributeContext/Resolved_Color_referenceOnly/RGBColor/projection",
                    "contents": [
                      {
                        "type": "entity",
                        "name": "RGB",
                        "parent": "Resolved_Color_referenceOnly/attributeContext/Resolved_Color_referenceOnly/RGBColor/projection/source",
                        "definition": "resolvedFrom/RGB",
                        "contents": [
                          {
                            "type": "attributeDefinition",
                            "name": "Red",
                            "parent": "Resolved_Color_referenceOnly/attributeContext/Resolved_Color_referenceOnly/RGBColor/projection/source/RGB",
                            "definition": "resolvedFrom/RGB/hasAttributes/Red"
                          },
                          {
                            "type": "attributeDefinition",
                            "name": "Green",
                            "parent": "Resolved_Color_referenceOnly/attributeContext/Resolved_Color_referenceOnly/RGBColor/projection/source/RGB",
                            "definition": "resolvedFrom/RGB/hasAttributes/Green"
                          },
                          {
                            "type": "attributeDefinition",
                            "name": "Blue",
                            "parent": "Resolved_Color_referenceOnly/attributeContext/Resolved_Color_referenceOnly/RGBColor/projection/source/RGB",
                            "definition": "resolvedFrom/RGB/hasAttributes/Blue"
                          },
                          {
                            "type": "attributeDefinition",
                            "name": "IsGrayscale",
                            "parent": "Resolved_Color_referenceOnly/attributeContext/Resolved_Color_referenceOnly/RGBColor/projection/source/RGB",
                            "definition": "resolvedFrom/RGB/hasAttributes/IsGrayscale"
                          }
                        ]
                      }
                    ]
                  }
                ]
              },
              {
                "type": "generatedSet",
                "name": "_generatedAttributeSet",
                "parent": "Resolved_Color_referenceOnly/attributeContext/Resolved_Color_referenceOnly/RGBColor",
                "contents": [
                  {
                    "type": "operationExcludeAttributes",
                    "name": "operation/index2/operationExcludeAttributes",
                    "parent": "Resolved_Color_referenceOnly/attributeContext/Resolved_Color_referenceOnly/RGBColor/_generatedAttributeSet",
                    "contents": [
                      {
                        "type": "attributeDefinition",
                        "name": "Red",
                        "parent": "Resolved_Color_referenceOnly/attributeContext/Resolved_Color_referenceOnly/RGBColor/_generatedAttributeSet/operation/index2/operationExcludeAttributes",
                        "contents": [
                          "Resolved_Color_referenceOnly/hasAttributes/Red"
                        ]
                      },
                      {
                        "type": "attributeDefinition",
                        "name": "Green",
                        "parent": "Resolved_Color_referenceOnly/attributeContext/Resolved_Color_referenceOnly/RGBColor/_generatedAttributeSet/operation/index2/operationExcludeAttributes",
                        "contents": [
                          "Resolved_Color_referenceOnly/hasAttributes/Green"
                        ]
                      },
                      {
                        "type": "attributeDefinition",
                        "name": "Blue",
                        "parent": "Resolved_Color_referenceOnly/attributeContext/Resolved_Color_referenceOnly/RGBColor/_generatedAttributeSet/operation/index2/operationExcludeAttributes",
                        "contents": [
                          "Resolved_Color_referenceOnly/hasAttributes/Blue"
                        ]
                      },
                      {
                        "type": "attributeDefinition",
                        "name": "IsGrayscale",
                        "parent": "Resolved_Color_referenceOnly/attributeContext/Resolved_Color_referenceOnly/RGBColor/_generatedAttributeSet/operation/index2/operationExcludeAttributes",
                        "contents": [
                          "Resolved_Color_referenceOnly/hasAttributes/IsGrayscale"
                        ]
                      }
                    ]
                  }
                ]
              }
            ]
          }
        ]
      },
      "hasAttributes": [
        {
          "name": "ColorName",
          "appliedTraits": [
            "is.dataFormat.character",
            "is.dataFormat.big",
            "is.dataFormat.array"
          ],
          "attributeContext": "Resolved_Color_referenceOnly/attributeContext/Resolved_Color_referenceOnly/ColorName",
          "isPrimaryKey": true,
          "dataFormat": "String"
        },
        {
          "name": "Red",
          "appliedTraits": [
            "is.dataFormat.character",
            "is.dataFormat.big",
            "is.dataFormat.array"
          ],
          "attributeContext": "Resolved_Color_referenceOnly/attributeContext/Resolved_Color_referenceOnly/RGBColor/_generatedAttributeSet/operation/index2/operationExcludeAttributes/Red",
          "dataFormat": "String"
        },
        {
          "name": "Green",
          "appliedTraits": [
            "is.dataFormat.character",
            "is.dataFormat.big",
            "is.dataFormat.array"
          ],
          "attributeContext": "Resolved_Color_referenceOnly/attributeContext/Resolved_Color_referenceOnly/RGBColor/_generatedAttributeSet/operation/index2/operationExcludeAttributes/Green",
          "dataFormat": "String"
        },
        {
          "name": "Blue",
          "appliedTraits": [
            "is.dataFormat.character",
            "is.dataFormat.big",
            "is.dataFormat.array"
          ],
          "attributeContext": "Resolved_Color_referenceOnly/attributeContext/Resolved_Color_referenceOnly/RGBColor/_generatedAttributeSet/operation/index2/operationExcludeAttributes/Blue",
          "dataFormat": "String"
        },
        {
          "name": "IsGrayscale",
          "appliedTraits": [
            "is.dataFormat.boolean"
          ],
          "attributeContext": "Resolved_Color_referenceOnly/attributeContext/Resolved_Color_referenceOnly/RGBColor/_generatedAttributeSet/operation/index2/operationExcludeAttributes/IsGrayscale",
          "dataFormat": "Boolean"
        }
      ]
    }
  ]
}