{
  "jsonSchemaSemanticVersion": "1.1.0",
  "imports": [
    {
      "corpusPath": "local:/Person.cdm.json",
      "moniker": "resolvedFrom"
    }
  ],
  "definitions": [
    {
      "entityName": "Resolved_Person_referenceOnly_normalized_structured",
      "attributeContext": {
        "type": "entity",
        "name": "Resolved_Person_referenceOnly_normalized_structured",
        "definition": "resolvedFrom/Person",
        "contents": [
          {
            "type": "attributeDefinition",
            "name": "contactAt",
            "parent": "Resolved_Person_referenceOnly_normalized_structured/attributeContext/Resolved_Person_referenceOnly_normalized_structured",
            "definition": "resolvedFrom/Person/hasAttributes/contactAt",
            "contents": [
              {
                "type": "projection",
                "name": "projection",
                "parent": "Resolved_Person_referenceOnly_normalized_structured/attributeContext/Resolved_Person_referenceOnly_normalized_structured/contactAt",
                "definition": "resolvedFrom/Person/hasAttributes/contactAt/entity/projection",
                "contents": [
                  {
                    "type": "source",
                    "name": "source",
                    "parent": "Resolved_Person_referenceOnly_normalized_structured/attributeContext/Resolved_Person_referenceOnly_normalized_structured/contactAt/projection",
                    "contents": [
                      {
                        "type": "entity",
                        "name": "ContactKinds",
                        "parent": "Resolved_Person_referenceOnly_normalized_structured/attributeContext/Resolved_Person_referenceOnly_normalized_structured/contactAt/projection/source",
                        "definition": "resolvedFrom/Person/hasAttributes/contactAt/entity/projection/source/ContactKinds",
                        "contents": [
                          {
                            "type": "attributeDefinition",
                            "name": "emailKind",
                            "parent": "Resolved_Person_referenceOnly_normalized_structured/attributeContext/Resolved_Person_referenceOnly_normalized_structured/contactAt/projection/source/ContactKinds",
                            "definition": "resolvedFrom/Person/hasAttributes/contactAt/entity/projection/source/ContactKinds/hasAttributes/emailKind",
                            "contents": [
                              {
                                "type": "entity",
                                "name": "Email",
                                "parent": "Resolved_Person_referenceOnly_normalized_structured/attributeContext/Resolved_Person_referenceOnly_normalized_structured/contactAt/projection/source/ContactKinds/emailKind",
                                "definition": "resolvedFrom/Email",
                                "contents": [
                                  {
                                    "type": "attributeDefinition",
                                    "name": "emailId",
                                    "parent": "Resolved_Person_referenceOnly_normalized_structured/attributeContext/Resolved_Person_referenceOnly_normalized_structured/contactAt/projection/source/ContactKinds/emailKind/Email",
                                    "definition": "resolvedFrom/Email/hasAttributes/emailId"
                                  },
                                  {
                                    "type": "attributeDefinition",
                                    "name": "address",
                                    "parent": "Resolved_Person_referenceOnly_normalized_structured/attributeContext/Resolved_Person_referenceOnly_normalized_structured/contactAt/projection/source/ContactKinds/emailKind/Email",
                                    "definition": "resolvedFrom/Email/hasAttributes/address"
                                  },
                                  {
                                    "type": "attributeDefinition",
                                    "name": "isPrimary",
                                    "parent": "Resolved_Person_referenceOnly_normalized_structured/attributeContext/Resolved_Person_referenceOnly_normalized_structured/contactAt/projection/source/ContactKinds/emailKind/Email",
                                    "definition": "resolvedFrom/Email/hasAttributes/isPrimary"
                                  },
                                  {
                                    "type": "attributeDefinition",
                                    "name": "userId",
                                    "parent": "Resolved_Person_referenceOnly_normalized_structured/attributeContext/Resolved_Person_referenceOnly_normalized_structured/contactAt/projection/source/ContactKinds/emailKind/Email",
                                    "definition": "resolvedFrom/Email/hasAttributes/userId"
                                  }
                                ]
                              }
                            ]
                          },
                          {
                            "type": "attributeDefinition",
                            "name": "phoneKind",
                            "parent": "Resolved_Person_referenceOnly_normalized_structured/attributeContext/Resolved_Person_referenceOnly_normalized_structured/contactAt/projection/source/ContactKinds",
                            "definition": "resolvedFrom/Person/hasAttributes/contactAt/entity/projection/source/ContactKinds/hasAttributes/phoneKind",
                            "contents": [
                              {
                                "type": "entity",
                                "name": "Phone",
                                "parent": "Resolved_Person_referenceOnly_normalized_structured/attributeContext/Resolved_Person_referenceOnly_normalized_structured/contactAt/projection/source/ContactKinds/phoneKind",
                                "definition": "resolvedFrom/Phone",
                                "contents": [
                                  {
                                    "type": "attributeDefinition",
                                    "name": "phoneId",
                                    "parent": "Resolved_Person_referenceOnly_normalized_structured/attributeContext/Resolved_Person_referenceOnly_normalized_structured/contactAt/projection/source/ContactKinds/phoneKind/Phone",
                                    "definition": "resolvedFrom/Phone/hasAttributes/phoneId"
                                  },
                                  {
                                    "type": "attributeDefinition",
                                    "name": "number",
                                    "parent": "Resolved_Person_referenceOnly_normalized_structured/attributeContext/Resolved_Person_referenceOnly_normalized_structured/contactAt/projection/source/ContactKinds/phoneKind/Phone",
                                    "definition": "resolvedFrom/Phone/hasAttributes/number"
                                  },
                                  {
                                    "type": "attributeDefinition",
                                    "name": "isPrimary",
                                    "parent": "Resolved_Person_referenceOnly_normalized_structured/attributeContext/Resolved_Person_referenceOnly_normalized_structured/contactAt/projection/source/ContactKinds/phoneKind/Phone",
                                    "definition": "resolvedFrom/Phone/hasAttributes/isPrimary"
                                  },
                                  {
                                    "type": "attributeDefinition",
                                    "name": "userId",
                                    "parent": "Resolved_Person_referenceOnly_normalized_structured/attributeContext/Resolved_Person_referenceOnly_normalized_structured/contactAt/projection/source/ContactKinds/phoneKind/Phone",
                                    "definition": "resolvedFrom/Phone/hasAttributes/userId"
                                  }
                                ]
                              }
                            ]
                          },
                          {
                            "type": "attributeDefinition",
                            "name": "socialKind",
                            "parent": "Resolved_Person_referenceOnly_normalized_structured/attributeContext/Resolved_Person_referenceOnly_normalized_structured/contactAt/projection/source/ContactKinds",
                            "definition": "resolvedFrom/Person/hasAttributes/contactAt/entity/projection/source/ContactKinds/hasAttributes/socialKind",
                            "contents": [
                              {
                                "type": "entity",
                                "name": "Social",
                                "parent": "Resolved_Person_referenceOnly_normalized_structured/attributeContext/Resolved_Person_referenceOnly_normalized_structured/contactAt/projection/source/ContactKinds/socialKind",
                                "definition": "resolvedFrom/Social",
                                "contents": [
                                  {
                                    "type": "attributeDefinition",
                                    "name": "socialId",
                                    "parent": "Resolved_Person_referenceOnly_normalized_structured/attributeContext/Resolved_Person_referenceOnly_normalized_structured/contactAt/projection/source/ContactKinds/socialKind/Social",
                                    "definition": "resolvedFrom/Social/hasAttributes/socialId"
                                  },
                                  {
                                    "type": "attributeDefinition",
                                    "name": "account",
                                    "parent": "Resolved_Person_referenceOnly_normalized_structured/attributeContext/Resolved_Person_referenceOnly_normalized_structured/contactAt/projection/source/ContactKinds/socialKind/Social",
                                    "definition": "resolvedFrom/Social/hasAttributes/account"
                                  },
                                  {
                                    "type": "attributeDefinition",
                                    "name": "isPrimary",
                                    "parent": "Resolved_Person_referenceOnly_normalized_structured/attributeContext/Resolved_Person_referenceOnly_normalized_structured/contactAt/projection/source/ContactKinds/socialKind/Social",
                                    "definition": "resolvedFrom/Social/hasAttributes/isPrimary"
                                  },
                                  {
                                    "type": "attributeDefinition",
                                    "name": "userId",
                                    "parent": "Resolved_Person_referenceOnly_normalized_structured/attributeContext/Resolved_Person_referenceOnly_normalized_structured/contactAt/projection/source/ContactKinds/socialKind/Social",
                                    "definition": "resolvedFrom/Social/hasAttributes/userId"
                                  }
                                ]
                              }
                            ]
                          }
                        ]
                      }
                    ]
                  }
                ]
              }
            ]
          },
          {
            "type": "attributeDefinition",
            "name": "personId",
            "parent": "Resolved_Person_referenceOnly_normalized_structured/attributeContext/Resolved_Person_referenceOnly_normalized_structured",
            "definition": "resolvedFrom/Person/hasAttributes/personId",
            "contents": [
              "Resolved_Person_referenceOnly_normalized_structured/hasAttributes/personId"
            ]
          },
          {
            "type": "attributeDefinition",
            "name": "personName",
            "parent": "Resolved_Person_referenceOnly_normalized_structured/attributeContext/Resolved_Person_referenceOnly_normalized_structured",
            "definition": "resolvedFrom/Person/hasAttributes/personName",
            "contents": [
              "Resolved_Person_referenceOnly_normalized_structured/hasAttributes/personName"
            ]
          }
        ]
      },
      "hasAttributes": [
        {
          "name": "personId",
          "appliedTraits": [
            "is.dataFormat.integer"
          ],
          "attributeContext": "Resolved_Person_referenceOnly_normalized_structured/attributeContext/Resolved_Person_referenceOnly_normalized_structured/personId",
          "isPrimaryKey": true,
          "dataFormat": "Int32"
        },
        {
          "name": "personName",
          "appliedTraits": [
            "is.dataFormat.character",
            "is.dataFormat.big",
            "is.dataFormat.array"
          ],
          "attributeContext": "Resolved_Person_referenceOnly_normalized_structured/attributeContext/Resolved_Person_referenceOnly_normalized_structured/personName",
          "dataFormat": "String"
        }
      ]
    }
  ]
}