Resolved_Sales_referenceOnly_normalized_structured/attributeContext/Resolved_Sales_referenceOnly_normalized_structured/extends
Resolved_Sales_referenceOnly_normalized_structured/attributeContext/Resolved_Sales_referenceOnly_normalized_structured/extends/CdmEntity
Resolved_Sales_referenceOnly_normalized_structured/attributeContext/Resolved_Sales_referenceOnly_normalized_structured/ProductsBought
Resolved_Sales_referenceOnly_normalized_structured/attributeContext/Resolved_Sales_referenceOnly_normalized_structured/ProductsBought/ProductsOfThree
Resolved_Sales_referenceOnly_normalized_structured/attributeContext/Resolved_Sales_referenceOnly_normalized_structured/ProductsBought/ProductsOfThree/extends
Resolved_Sales_referenceOnly_normalized_structured/attributeContext/Resolved_Sales_referenceOnly_normalized_structured/ProductsBought/ProductsOfThree/extends/CdmEntity
Resolved_Sales_referenceOnly_normalized_structured/attributeContext/Resolved_Sales_referenceOnly_normalized_structured/ProductsBought/ProductsOfThree/ThreeProductsBought
Resolved_Sales_referenceOnly_normalized_structured/attributeContext/Resolved_Sales_referenceOnly_normalized_structured/ProductsBought/ProductsOfThree/ThreeProductsBought/Product
Resolved_Sales_referenceOnly_normalized_structured/attributeContext/Resolved_Sales_referenceOnly_normalized_structured/ProductsBought/ProductsOfThree/ThreeProductsBought/Product/extends
Resolved_Sales_referenceOnly_normalized_structured/attributeContext/Resolved_Sales_referenceOnly_normalized_structured/ProductsBought/ProductsOfThree/ThreeProductsBought/Product/extends/CdmEntity
Resolved_Sales_referenceOnly_normalized_structured/attributeContext/Resolved_Sales_referenceOnly_normalized_structured/ProductsBought/ProductsOfThree/ThreeProductsBought/Product/ProductId
Resolved_Sales_referenceOnly_normalized_structured/attributeContext/Resolved_Sales_referenceOnly_normalized_structured/ProductsBought/ProductsOfThree/ThreeProductsBought/Product/ProductName
Resolved_Sales_referenceOnly_normalized_structured/attributeContext/Resolved_Sales_referenceOnly_normalized_structured/TotalPricePaid
output:/Resolved_Sales_referenceOnly_normalized_structured.cdm.json/Resolved_Sales_referenceOnly_normalized_structured/attributeContext/Resolved_Sales_referenceOnly_normalized_structured/TotalPricePaid/Resolved_Sales_referenceOnly_normalized_structured/hasAttributes/TotalPricePaid/(ref)
output:/Resolved_Sales_referenceOnly_normalized_structured.cdm.json/Resolved_Sales_referenceOnly_normalized_structured/hasAttributes/TotalPricePaid
is.dataFormat.numeric.shaped
is.dataFormat.numeric.shaped
