Resolved_NewPerson_referenceOnly/attributeContext/Resolved_NewPerson_referenceOnly/extends
Resolved_NewPerson_referenceOnly/attributeContext/Resolved_NewPerson_referenceOnly/extends/CdmEntity
Resolved_NewPerson_referenceOnly/attributeContext/Resolved_NewPerson_referenceOnly/PersonInfo
Resolved_NewPerson_referenceOnly/attributeContext/Resolved_NewPerson_referenceOnly/PersonInfo/projection
Resolved_NewPerson_referenceOnly/attributeContext/Resolved_NewPerson_referenceOnly/PersonInfo/projection/source
Resolved_NewPerson_referenceOnly/attributeContext/Resolved_NewPerson_referenceOnly/PersonInfo/projection/source/projection
Resolved_NewPerson_referenceOnly/attributeContext/Resolved_NewPerson_referenceOnly/PersonInfo/projection/source/projection/source
Resolved_NewPerson_referenceOnly/attributeContext/Resolved_NewPerson_referenceOnly/PersonInfo/projection/source/projection/source/projection
Resolved_NewPerson_referenceOnly/attributeContext/Resolved_NewPerson_referenceOnly/PersonInfo/projection/source/projection/source/projection/source
Resolved_NewPerson_referenceOnly/attributeContext/Resolved_NewPerson_referenceOnly/PersonInfo/projection/source/projection/source/projection/source/projection
Resolved_NewPerson_referenceOnly/attributeContext/Resolved_NewPerson_referenceOnly/PersonInfo/projection/source/projection/source/projection/source/projection/source
Resolved_NewPerson_referenceOnly/attributeContext/Resolved_NewPerson_referenceOnly/PersonInfo/projection/source/projection/source/projection/source/projection/source/projection
Resolved_NewPerson_referenceOnly/attributeContext/Resolved_NewPerson_referenceOnly/PersonInfo/projection/source/projection/source/projection/source/projection/source/projection/source
Resolved_NewPerson_referenceOnly/attributeContext/Resolved_NewPerson_referenceOnly/PersonInfo/projection/source/projection/source/projection/source/projection/source/projection/source/Person
Resolved_NewPerson_referenceOnly/attributeContext/Resolved_NewPerson_referenceOnly/PersonInfo/projection/source/projection/source/projection/source/projection/source/projection/source/Person/extends
Resolved_NewPerson_referenceOnly/attributeContext/Resolved_NewPerson_referenceOnly/PersonInfo/projection/source/projection/source/projection/source/projection/source/projection/source/Person/extends/CdmEntity
Resolved_NewPerson_referenceOnly/attributeContext/Resolved_NewPerson_referenceOnly/PersonInfo/projection/source/projection/source/projection/source/projection/source/projection/source/Person/name
Resolved_NewPerson_referenceOnly/attributeContext/Resolved_NewPerson_referenceOnly/PersonInfo/projection/source/projection/source/projection/source/projection/source/projection/source/Person/age
Resolved_NewPerson_referenceOnly/attributeContext/Resolved_NewPerson_referenceOnly/PersonInfo/projection/source/projection/source/projection/source/projection/source/projection/source/Person/address
Resolved_NewPerson_referenceOnly/attributeContext/Resolved_NewPerson_referenceOnly/PersonInfo/projection/source/projection/source/projection/source/projection/source/projection/source/Person/phoneNumber
Resolved_NewPerson_referenceOnly/attributeContext/Resolved_NewPerson_referenceOnly/PersonInfo/projection/source/projection/source/projection/source/projection/source/projection/source/Person/email
Resolved_NewPerson_referenceOnly/attributeContext/Resolved_NewPerson_referenceOnly/PersonInfo/projection/source/projection/source/_generatedAttributeSet
Resolved_NewPerson_referenceOnly/attributeContext/Resolved_NewPerson_referenceOnly/PersonInfo/projection/source/projection/source/_generatedAttributeSet/operation/index1/operationExcludeAttributes
Resolved_NewPerson_referenceOnly/attributeContext/Resolved_NewPerson_referenceOnly/PersonInfo/projection/source/projection/source/_generatedAttributeSet/operation/index1/operationExcludeAttributes/name
output:/Resolved_NewPerson_referenceOnly.cdm.json/Resolved_NewPerson_referenceOnly/attributeContext/Resolved_NewPerson_referenceOnly/PersonInfo/projection/source/projection/source/_generatedAttributeSet/operation/index1/operationExcludeAttributes/name/Resolved_NewPerson_referenceOnly/hasAttributes/name/(ref)
Resolved_NewPerson_referenceOnly/attributeContext/Resolved_NewPerson_referenceOnly/PersonInfo/projection/source/projection/source/_generatedAttributeSet/operation/index1/operationExcludeAttributes/age
output:/Resolved_NewPerson_referenceOnly.cdm.json/Resolved_NewPerson_referenceOnly/attributeContext/Resolved_NewPerson_referenceOnly/PersonInfo/projection/source/projection/source/_generatedAttributeSet/operation/index1/operationExcludeAttributes/age/Resolved_NewPerson_referenceOnly/hasAttributes/age/(ref)
output:/Resolved_NewPerson_referenceOnly.cdm.json/Resolved_NewPerson_referenceOnly/hasAttributes/name
is.dataFormat.character
is.dataFormat.big
is.dataFormat.array
is.dataFormat.character
is.dataFormat.array
output:/Resolved_NewPerson_referenceOnly.cdm.json/Resolved_NewPerson_referenceOnly/hasAttributes/age
is.dataFormat.integer
is.dataFormat.integer
