Resolved_NewPerson_normalized/attributeContext/Resolved_NewPerson_normalized/extends
Resolved_NewPerson_normalized/attributeContext/Resolved_NewPerson_normalized/extends/Person
Resolved_NewPerson_normalized/attributeContext/Resolved_NewPerson_normalized/extends/Person/extends
Resolved_NewPerson_normalized/attributeContext/Resolved_NewPerson_normalized/extends/Person/extends/CdmEntity
Resolved_NewPerson_normalized/attributeContext/Resolved_NewPerson_normalized/extends/Person/name
output:/Resolved_NewPerson_normalized.cdm.json/Resolved_NewPerson_normalized/attributeContext/Resolved_NewPerson_normalized/extends/Person/name/Resolved_NewPerson_normalized/hasAttributes/name/(ref)
Resolved_NewPerson_normalized/attributeContext/Resolved_NewPerson_normalized/extends/Person/age
output:/Resolved_NewPerson_normalized.cdm.json/Resolved_NewPerson_normalized/attributeContext/Resolved_NewPerson_normalized/extends/Person/age/Resolved_NewPerson_normalized/hasAttributes/age/(ref)
Resolved_NewPerson_normalized/attributeContext/Resolved_NewPerson_normalized/extends/Person/address
output:/Resolved_NewPerson_normalized.cdm.json/Resolved_NewPerson_normalized/attributeContext/Resolved_NewPerson_normalized/extends/Person/address/Resolved_NewPerson_normalized/hasAttributes/address/(ref)
Resolved_NewPerson_normalized/attributeContext/Resolved_NewPerson_normalized/extends/Person/phoneNumber
output:/Resolved_NewPerson_normalized.cdm.json/Resolved_NewPerson_normalized/attributeContext/Resolved_NewPerson_normalized/extends/Person/phoneNumber/Resolved_NewPerson_normalized/hasAttributes/phoneNumber/(ref)
Resolved_NewPerson_normalized/attributeContext/Resolved_NewPerson_normalized/extends/Person/email
output:/Resolved_NewPerson_normalized.cdm.json/Resolved_NewPerson_normalized/attributeContext/Resolved_NewPerson_normalized/extends/Person/email/Resolved_NewPerson_normalized/hasAttributes/email/(ref)
Resolved_NewPerson_normalized/attributeContext/Resolved_NewPerson_normalized/extends/_generatedAttributeSet
Resolved_NewPerson_normalized/attributeContext/Resolved_NewPerson_normalized/extends/_generatedAttributeSet/_generatedAttributeRound0
Resolved_NewPerson_normalized/attributeContext/Resolved_NewPerson_normalized/extends/_generatedAttributeSet/_generatedAttributeRound0/supporting_name
Resolved_NewPerson_normalized/attributeContext/Resolved_NewPerson_normalized/extends/_generatedAttributeSet/_generatedAttributeRound0/supporting_age
Resolved_NewPerson_normalized/attributeContext/Resolved_NewPerson_normalized/extends/_generatedAttributeSet/_generatedAttributeRound0/supporting_address
Resolved_NewPerson_normalized/attributeContext/Resolved_NewPerson_normalized/extends/_generatedAttributeSet/_generatedAttributeRound0/supporting_phoneNumber
Resolved_NewPerson_normalized/attributeContext/Resolved_NewPerson_normalized/extends/_generatedAttributeSet/_generatedAttributeRound0/supporting_email
output:/Resolved_NewPerson_normalized.cdm.json/Resolved_NewPerson_normalized/attributeContext/Resolved_NewPerson_normalized/extends/_generatedAttributeSet/_generatedAttributeRound0/supporting_email/Resolved_NewPerson_normalized/hasAttributes/PersonInfo_display/(ref)
output:/Resolved_NewPerson_normalized.cdm.json/Resolved_NewPerson_normalized/hasAttributes/name
is.dataFormat.character
is.dataFormat.big
is.dataFormat.array
is.dataFormat.character
is.dataFormat.array
output:/Resolved_NewPerson_normalized.cdm.json/Resolved_NewPerson_normalized/hasAttributes/age
is.dataFormat.integer
is.dataFormat.integer
output:/Resolved_NewPerson_normalized.cdm.json/Resolved_NewPerson_normalized/hasAttributes/address
is.dataFormat.character
is.dataFormat.big
is.dataFormat.array
is.dataFormat.character
is.dataFormat.array
output:/Resolved_NewPerson_normalized.cdm.json/Resolved_NewPerson_normalized/hasAttributes/phoneNumber
is.dataFormat.character
is.dataFormat.big
is.dataFormat.array
is.dataFormat.character
is.dataFormat.array
output:/Resolved_NewPerson_normalized.cdm.json/Resolved_NewPerson_normalized/hasAttributes/email
is.dataFormat.character
is.dataFormat.big
is.dataFormat.array
is.dataFormat.character
is.dataFormat.array
output:/Resolved_NewPerson_normalized.cdm.json/Resolved_NewPerson_normalized/hasAttributes/PersonInfo_display
is.dataFormat.character
is.dataFormat.big
is.dataFormat.array
means.reference.displayText
is.addedInSupportOf
  [Parameter (Name / DefaultValue): inSupportOf / ]
  [Argument Value: email]
is.dataFormat.character
is.dataFormat.array
