{
  "jsonSchemaSemanticVersion": "1.1.0",
  "imports": [
    {
      "corpusPath": "local:/BusinessPerson.cdm.json",
      "moniker": "resolvedFrom"
    }
  ],
  "definitions": [
    {
      "entityName": "Resolved_BusinessPerson_normalized",
      "attributeContext": {
        "type": "entity",
        "name": "Resolved_BusinessPerson_normalized",
        "definition": "resolvedFrom/BusinessPerson",
        "contents": [
          {
            "type": "attributeDefinition",
            "name": "contactAt",
            "parent": "Resolved_BusinessPerson_normalized/attributeContext/Resolved_BusinessPerson_normalized",
            "definition": "resolvedFrom/BusinessPerson/hasAttributes/contactAt",
            "contents": [
              {
                "type": "entity",
                "name": "ContactKinds",
                "parent": "Resolved_BusinessPerson_normalized/attributeContext/Resolved_BusinessPerson_normalized/contactAt",
                "definition": "resolvedFrom/BusinessPerson/hasAttributes/contactAt/entity/ContactKinds",
                "contents": [
                  {
                    "type": "attributeDefinition",
                    "name": "emailKind",
                    "parent": "Resolved_BusinessPerson_normalized/attributeContext/Resolved_BusinessPerson_normalized/contactAt/ContactKinds",
                    "definition": "resolvedFrom/BusinessPerson/hasAttributes/contactAt/entity/ContactKinds/hasAttributes/emailKind",
                    "contents": [
                      {
                        "type": "entity",
                        "name": "Email",
                        "parent": "Resolved_BusinessPerson_normalized/attributeContext/Resolved_BusinessPerson_normalized/contactAt/ContactKinds/emailKind",
                        "definition": "resolvedFrom/Email",
                        "contents": [
                          {
                            "type": "attributeDefinition",
                            "name": "emailId",
                            "parent": "Resolved_BusinessPerson_normalized/attributeContext/Resolved_BusinessPerson_normalized/contactAt/ContactKinds/emailKind/Email",
                            "definition": "resolvedFrom/Email/hasAttributes/emailId"
                          },
                          {
                            "type": "attributeDefinition",
                            "name": "address",
                            "parent": "Resolved_BusinessPerson_normalized/attributeContext/Resolved_BusinessPerson_normalized/contactAt/ContactKinds/emailKind/Email",
                            "definition": "resolvedFrom/Email/hasAttributes/address"
                          },
                          {
                            "type": "attributeDefinition",
                            "name": "isPrimary",
                            "parent": "Resolved_BusinessPerson_normalized/attributeContext/Resolved_BusinessPerson_normalized/contactAt/ContactKinds/emailKind/Email",
                            "definition": "resolvedFrom/Email/hasAttributes/isPrimary"
                          }
                        ]
                      }
                    ]
                  },
                  {
                    "type": "attributeDefinition",
                    "name": "phoneKind",
                    "parent": "Resolved_BusinessPerson_normalized/attributeContext/Resolved_BusinessPerson_normalized/contactAt/ContactKinds",
                    "definition": "resolvedFrom/BusinessPerson/hasAttributes/contactAt/entity/ContactKinds/hasAttributes/phoneKind",
                    "contents": [
                      {
                        "type": "entity",
                        "name": "Phone",
                        "parent": "Resolved_BusinessPerson_normalized/attributeContext/Resolved_BusinessPerson_normalized/contactAt/ContactKinds/phoneKind",
                        "definition": "resolvedFrom/Phone",
                        "contents": [
                          {
                            "type": "attributeDefinition",
                            "name": "phoneId",
                            "parent": "Resolved_BusinessPerson_normalized/attributeContext/Resolved_BusinessPerson_normalized/contactAt/ContactKinds/phoneKind/Phone",
                            "definition": "resolvedFrom/Phone/hasAttributes/phoneId"
                          },
                          {
                            "type": "attributeDefinition",
                            "name": "number",
                            "parent": "Resolved_BusinessPerson_normalized/attributeContext/Resolved_BusinessPerson_normalized/contactAt/ContactKinds/phoneKind/Phone",
                            "definition": "resolvedFrom/Phone/hasAttributes/number"
                          },
                          {
                            "type": "attributeDefinition",
                            "name": "isPrimary",
                            "parent": "Resolved_BusinessPerson_normalized/attributeContext/Resolved_BusinessPerson_normalized/contactAt/ContactKinds/phoneKind/Phone",
                            "definition": "resolvedFrom/Phone/hasAttributes/isPrimary"
                          }
                        ]
                      }
                    ]
                  }
                ]
              }
            ]
          }
        ]
      }
    }
  ]
}