Resolved_BusinessPerson_default/attributeContext/Resolved_BusinessPerson_default/contactAt
Resolved_BusinessPerson_default/attributeContext/Resolved_BusinessPerson_default/contactAt/ContactKinds
Resolved_BusinessPerson_default/attributeContext/Resolved_BusinessPerson_default/contactAt/ContactKinds/emailKind
Resolved_BusinessPerson_default/attributeContext/Resolved_BusinessPerson_default/contactAt/ContactKinds/emailKind/Email
Resolved_BusinessPerson_default/attributeContext/Resolved_BusinessPerson_default/contactAt/ContactKinds/emailKind/Email/emailId
Resolved_BusinessPerson_default/attributeContext/Resolved_BusinessPerson_default/contactAt/ContactKinds/emailKind/Email/address
Resolved_BusinessPerson_default/attributeContext/Resolved_BusinessPerson_default/contactAt/ContactKinds/emailKind/Email/isPrimary
Resolved_BusinessPerson_default/attributeContext/Resolved_BusinessPerson_default/contactAt/ContactKinds/phoneKind
Resolved_BusinessPerson_default/attributeContext/Resolved_BusinessPerson_default/contactAt/ContactKinds/phoneKind/Phone
Resolved_BusinessPerson_default/attributeContext/Resolved_BusinessPerson_default/contactAt/ContactKinds/phoneKind/Phone/phoneId
Resolved_BusinessPerson_default/attributeContext/Resolved_BusinessPerson_default/contactAt/ContactKinds/phoneKind/Phone/number
Resolved_BusinessPerson_default/attributeContext/Resolved_BusinessPerson_default/contactAt/ContactKinds/phoneKind/Phone/isPrimary
Resolved_BusinessPerson_default/attributeContext/Resolved_BusinessPerson_default/contactAt/_generatedAttributeSet
Resolved_BusinessPerson_default/attributeContext/Resolved_BusinessPerson_default/contactAt/_generatedAttributeSet/count
output:/Resolved_BusinessPerson_default.cdm.json/Resolved_BusinessPerson_default/attributeContext/Resolved_BusinessPerson_default/contactAt/_generatedAttributeSet/count/Resolved_BusinessPerson_default/hasAttributes/count/(ref)
Resolved_BusinessPerson_default/attributeContext/Resolved_BusinessPerson_default/contactAt/_generatedAttributeSet/_generatedAttributeRound0
Resolved_BusinessPerson_default/attributeContext/Resolved_BusinessPerson_default/contactAt/_generatedAttributeSet/_generatedAttributeRound0/emailId1
output:/Resolved_BusinessPerson_default.cdm.json/Resolved_BusinessPerson_default/attributeContext/Resolved_BusinessPerson_default/contactAt/_generatedAttributeSet/_generatedAttributeRound0/emailId1/Resolved_BusinessPerson_default/hasAttributes/emailId1/(ref)
Resolved_BusinessPerson_default/attributeContext/Resolved_BusinessPerson_default/contactAt/_generatedAttributeSet/_generatedAttributeRound0/address1
output:/Resolved_BusinessPerson_default.cdm.json/Resolved_BusinessPerson_default/attributeContext/Resolved_BusinessPerson_default/contactAt/_generatedAttributeSet/_generatedAttributeRound0/address1/Resolved_BusinessPerson_default/hasAttributes/address1/(ref)
Resolved_BusinessPerson_default/attributeContext/Resolved_BusinessPerson_default/contactAt/_generatedAttributeSet/_generatedAttributeRound0/isPrimary1
output:/Resolved_BusinessPerson_default.cdm.json/Resolved_BusinessPerson_default/attributeContext/Resolved_BusinessPerson_default/contactAt/_generatedAttributeSet/_generatedAttributeRound0/isPrimary1/Resolved_BusinessPerson_default/hasAttributes/isPrimary1/(ref)
Resolved_BusinessPerson_default/attributeContext/Resolved_BusinessPerson_default/contactAt/_generatedAttributeSet/_generatedAttributeRound0/phoneId1
output:/Resolved_BusinessPerson_default.cdm.json/Resolved_BusinessPerson_default/attributeContext/Resolved_BusinessPerson_default/contactAt/_generatedAttributeSet/_generatedAttributeRound0/phoneId1/Resolved_BusinessPerson_default/hasAttributes/phoneId1/(ref)
Resolved_BusinessPerson_default/attributeContext/Resolved_BusinessPerson_default/contactAt/_generatedAttributeSet/_generatedAttributeRound0/number1
output:/Resolved_BusinessPerson_default.cdm.json/Resolved_BusinessPerson_default/attributeContext/Resolved_BusinessPerson_default/contactAt/_generatedAttributeSet/_generatedAttributeRound0/number1/Resolved_BusinessPerson_default/hasAttributes/number1/(ref)
Resolved_BusinessPerson_default/attributeContext/Resolved_BusinessPerson_default/contactAt/_generatedAttributeSet/_generatedAttributeRound1
Resolved_BusinessPerson_default/attributeContext/Resolved_BusinessPerson_default/contactAt/_generatedAttributeSet/_generatedAttributeRound1/emailId2
output:/Resolved_BusinessPerson_default.cdm.json/Resolved_BusinessPerson_default/attributeContext/Resolved_BusinessPerson_default/contactAt/_generatedAttributeSet/_generatedAttributeRound1/emailId2/Resolved_BusinessPerson_default/hasAttributes/emailId2/(ref)
Resolved_BusinessPerson_default/attributeContext/Resolved_BusinessPerson_default/contactAt/_generatedAttributeSet/_generatedAttributeRound1/address2
output:/Resolved_BusinessPerson_default.cdm.json/Resolved_BusinessPerson_default/attributeContext/Resolved_BusinessPerson_default/contactAt/_generatedAttributeSet/_generatedAttributeRound1/address2/Resolved_BusinessPerson_default/hasAttributes/address2/(ref)
Resolved_BusinessPerson_default/attributeContext/Resolved_BusinessPerson_default/contactAt/_generatedAttributeSet/_generatedAttributeRound1/isPrimary2
output:/Resolved_BusinessPerson_default.cdm.json/Resolved_BusinessPerson_default/attributeContext/Resolved_BusinessPerson_default/contactAt/_generatedAttributeSet/_generatedAttributeRound1/isPrimary2/Resolved_BusinessPerson_default/hasAttributes/isPrimary2/(ref)
Resolved_BusinessPerson_default/attributeContext/Resolved_BusinessPerson_default/contactAt/_generatedAttributeSet/_generatedAttributeRound1/phoneId2
output:/Resolved_BusinessPerson_default.cdm.json/Resolved_BusinessPerson_default/attributeContext/Resolved_BusinessPerson_default/contactAt/_generatedAttributeSet/_generatedAttributeRound1/phoneId2/Resolved_BusinessPerson_default/hasAttributes/phoneId2/(ref)
Resolved_BusinessPerson_default/attributeContext/Resolved_BusinessPerson_default/contactAt/_generatedAttributeSet/_generatedAttributeRound1/number2
output:/Resolved_BusinessPerson_default.cdm.json/Resolved_BusinessPerson_default/attributeContext/Resolved_BusinessPerson_default/contactAt/_generatedAttributeSet/_generatedAttributeRound1/number2/Resolved_BusinessPerson_default/hasAttributes/number2/(ref)
output:/Resolved_BusinessPerson_default.cdm.json/Resolved_BusinessPerson_default/hasAttributes/count
is.dataFormat.integer
is.linkedEntity.array.count
is.dataFormat.integer
output:/Resolved_BusinessPerson_default.cdm.json/Resolved_BusinessPerson_default/hasAttributes/emailId1
is.dataFormat.integer
is.identifiedBy
  [Parameter (Name / DefaultValue): attribute / this.attribute]
  [Argument Value: Resolved_BusinessPerson_default/(resolvedAttributes)/emailId]
is.dataFormat.integer
output:/Resolved_BusinessPerson_default.cdm.json/Resolved_BusinessPerson_default/hasAttributes/address1
is.dataFormat.character
is.dataFormat.big
is.dataFormat.array
is.dataFormat.character
is.dataFormat.array
output:/Resolved_BusinessPerson_default.cdm.json/Resolved_BusinessPerson_default/hasAttributes/isPrimary1
is.dataFormat.boolean
is.dataFormat.boolean
output:/Resolved_BusinessPerson_default.cdm.json/Resolved_BusinessPerson_default/hasAttributes/phoneId1
is.dataFormat.integer
is.identifiedBy
  [Parameter (Name / DefaultValue): attribute / this.attribute]
  [Argument Value: Resolved_BusinessPerson_default/(resolvedAttributes)/phoneId]
is.dataFormat.integer
output:/Resolved_BusinessPerson_default.cdm.json/Resolved_BusinessPerson_default/hasAttributes/number1
is.dataFormat.character
is.dataFormat.big
is.dataFormat.array
is.dataFormat.character
is.dataFormat.array
output:/Resolved_BusinessPerson_default.cdm.json/Resolved_BusinessPerson_default/hasAttributes/emailId2
is.dataFormat.integer
is.identifiedBy
  [Parameter (Name / DefaultValue): attribute / this.attribute]
  [Argument Value: Resolved_BusinessPerson_default/(resolvedAttributes)/emailId]
is.dataFormat.integer
output:/Resolved_BusinessPerson_default.cdm.json/Resolved_BusinessPerson_default/hasAttributes/address2
is.dataFormat.character
is.dataFormat.big
is.dataFormat.array
is.dataFormat.character
is.dataFormat.array
output:/Resolved_BusinessPerson_default.cdm.json/Resolved_BusinessPerson_default/hasAttributes/isPrimary2
is.dataFormat.boolean
is.dataFormat.boolean
output:/Resolved_BusinessPerson_default.cdm.json/Resolved_BusinessPerson_default/hasAttributes/phoneId2
is.dataFormat.integer
is.identifiedBy
  [Parameter (Name / DefaultValue): attribute / this.attribute]
  [Argument Value: Resolved_BusinessPerson_default/(resolvedAttributes)/phoneId]
is.dataFormat.integer
output:/Resolved_BusinessPerson_default.cdm.json/Resolved_BusinessPerson_default/hasAttributes/number2
is.dataFormat.character
is.dataFormat.big
is.dataFormat.array
is.dataFormat.character
is.dataFormat.array
