Resolved_NewPerson_default/attributeContext/Resolved_NewPerson_default/extends
Resolved_NewPerson_default/attributeContext/Resolved_NewPerson_default/extends/CdmEntity
Resolved_NewPerson_default/attributeContext/Resolved_NewPerson_default/PersonInfo
Resolved_NewPerson_default/attributeContext/Resolved_NewPerson_default/PersonInfo/projection
Resolved_NewPerson_default/attributeContext/Resolved_NewPerson_default/PersonInfo/projection/source
Resolved_NewPerson_default/attributeContext/Resolved_NewPerson_default/PersonInfo/projection/source/projection
Resolved_NewPerson_default/attributeContext/Resolved_NewPerson_default/PersonInfo/projection/source/projection/source
Resolved_NewPerson_default/attributeContext/Resolved_NewPerson_default/PersonInfo/projection/source/_generatedAttributeSet
Resolved_NewPerson_default/attributeContext/Resolved_NewPerson_default/PersonInfo/projection/source/_generatedAttributeSet/operation/index1/operationRenameAttributes
Resolved_NewPerson_default/attributeContext/Resolved_NewPerson_default/PersonInfo/projection/source/_generatedAttributeSet/operation/index1/operationRenameAttributes/PersonInfo
Resolved_NewPerson_default/attributeContext/Resolved_NewPerson_default/PersonInfo/projection/source/_generatedAttributeSet/operation/index1/operationRenameAttributes/PersonInfo/name
output:/Resolved_NewPerson_default.cdm.json/Resolved_NewPerson_default/attributeContext/Resolved_NewPerson_default/PersonInfo/projection/source/_generatedAttributeSet/operation/index1/operationRenameAttributes/PersonInfo/name/Resolved_NewPerson_default/hasAttributes/name/(ref)
Resolved_NewPerson_default/attributeContext/Resolved_NewPerson_default/PersonInfo/_generatedAttributeSet
Resolved_NewPerson_default/attributeContext/Resolved_NewPerson_default/PersonInfo/_generatedAttributeSet/operation/index1/operationAddSupportingAttribute
Resolved_NewPerson_default/attributeContext/Resolved_NewPerson_default/PersonInfo/_generatedAttributeSet/operation/index1/operationAddSupportingAttribute/name_display
output:/Resolved_NewPerson_default.cdm.json/Resolved_NewPerson_default/attributeContext/Resolved_NewPerson_default/PersonInfo/_generatedAttributeSet/operation/index1/operationAddSupportingAttribute/name_display/Resolved_NewPerson_default/hasAttributes/name_display/(ref)
output:/Resolved_NewPerson_default.cdm.json/Resolved_NewPerson_default/hasAttributes/name
is.dataFormat.character
is.dataFormat.big
is.dataFormat.array
is.dataFormat.character
is.dataFormat.array
output:/Resolved_NewPerson_default.cdm.json/Resolved_NewPerson_default/hasAttributes/name_display
is.dataFormat.character
is.dataFormat.big
is.dataFormat.array
means.reference.displayText
is.addedInSupportOf
  [Parameter (Name / DefaultValue): inSupportOf / ]
  [Argument Value: name]
is.virtual.attribute
is.dataFormat.character
is.dataFormat.array
