Resolved_ThreeMusketeers_default/attributeContext/Resolved_ThreeMusketeers_default/extends
Resolved_ThreeMusketeers_default/attributeContext/Resolved_ThreeMusketeers_default/extends/CdmEntity
Resolved_ThreeMusketeers_default/attributeContext/Resolved_ThreeMusketeers_default/ThreePeople
Resolved_ThreeMusketeers_default/attributeContext/Resolved_ThreeMusketeers_default/ThreePeople/projection
Resolved_ThreeMusketeers_default/attributeContext/Resolved_ThreeMusketeers_default/ThreePeople/projection/source
Resolved_ThreeMusketeers_default/attributeContext/Resolved_ThreeMusketeers_default/ThreePeople/projection/source/projection
Resolved_ThreeMusketeers_default/attributeContext/Resolved_ThreeMusketeers_default/ThreePeople/projection/source/projection/source
Resolved_ThreeMusketeers_default/attributeContext/Resolved_ThreeMusketeers_default/ThreePeople/projection/source/projection/source/Person
Resolved_ThreeMusketeers_default/attributeContext/Resolved_ThreeMusketeers_default/ThreePeople/projection/source/projection/source/Person/extends
Resolved_ThreeMusketeers_default/attributeContext/Resolved_ThreeMusketeers_default/ThreePeople/projection/source/projection/source/Person/extends/CdmEntity
Resolved_ThreeMusketeers_default/attributeContext/Resolved_ThreeMusketeers_default/ThreePeople/projection/source/projection/source/Person/name
Resolved_ThreeMusketeers_default/attributeContext/Resolved_ThreeMusketeers_default/ThreePeople/projection/source/projection/source/Person/age
Resolved_ThreeMusketeers_default/attributeContext/Resolved_ThreeMusketeers_default/ThreePeople/projection/source/projection/source/Person/address
Resolved_ThreeMusketeers_default/attributeContext/Resolved_ThreeMusketeers_default/ThreePeople/_generatedAttributeSet
Resolved_ThreeMusketeers_default/attributeContext/Resolved_ThreeMusketeers_default/ThreePeople/_generatedAttributeSet/operation/index1/operationRenameAttributes
Resolved_ThreeMusketeers_default/attributeContext/Resolved_ThreeMusketeers_default/ThreePeople/_generatedAttributeSet/operation/index1/operationRenameAttributes/name
output:/Resolved_ThreeMusketeers_default.cdm.json/Resolved_ThreeMusketeers_default/attributeContext/Resolved_ThreeMusketeers_default/ThreePeople/_generatedAttributeSet/operation/index1/operationRenameAttributes/name/Resolved_ThreeMusketeers_default/hasAttributes/name/(ref)
Resolved_ThreeMusketeers_default/attributeContext/Resolved_ThreeMusketeers_default/ThreePeople/_generatedAttributeSet/operation/index1/operationRenameAttributes/age
output:/Resolved_ThreeMusketeers_default.cdm.json/Resolved_ThreeMusketeers_default/attributeContext/Resolved_ThreeMusketeers_default/ThreePeople/_generatedAttributeSet/operation/index1/operationRenameAttributes/age/Resolved_ThreeMusketeers_default/hasAttributes/age/(ref)
Resolved_ThreeMusketeers_default/attributeContext/Resolved_ThreeMusketeers_default/ThreePeople/_generatedAttributeSet/operation/index1/operationRenameAttributes/address
output:/Resolved_ThreeMusketeers_default.cdm.json/Resolved_ThreeMusketeers_default/attributeContext/Resolved_ThreeMusketeers_default/ThreePeople/_generatedAttributeSet/operation/index1/operationRenameAttributes/address/Resolved_ThreeMusketeers_default/hasAttributes/address/(ref)
output:/Resolved_ThreeMusketeers_default.cdm.json/Resolved_ThreeMusketeers_default/hasAttributes/name
is.dataFormat.character
is.dataFormat.big
is.dataFormat.array
is.dataFormat.character
is.dataFormat.array
output:/Resolved_ThreeMusketeers_default.cdm.json/Resolved_ThreeMusketeers_default/hasAttributes/age
is.dataFormat.integer
is.dataFormat.integer
output:/Resolved_ThreeMusketeers_default.cdm.json/Resolved_ThreeMusketeers_default/hasAttributes/address
is.dataFormat.character
is.dataFormat.big
is.dataFormat.array
is.dataFormat.character
is.dataFormat.array
