{
  "jsonSchemaSemanticVersion": "1.1.0",
  "imports": [
    {
      "corpusPath": "local:/FriendGroup.cdm.json",
      "moniker": "resolvedFrom"
    }
  ],
  "definitions": [
    {
      "entityName": "Resolved_FriendGroup_normalized",
      "attributeContext": {
        "type": "entity",
        "name": "Resolved_FriendGroup_normalized",
        "definition": "resolvedFrom/FriendGroup",
        "contents": [
          {
            "type": "entityReferenceExtends",
            "name": "extends",
            "parent": "Resolved_FriendGroup_normalized/attributeContext/Resolved_FriendGroup_normalized",
            "contents": [
              {
                "type": "entity",
                "name": "CdmEntity",
                "parent": "Resolved_FriendGroup_normalized/attributeContext/Resolved_FriendGroup_normalized/extends",
                "definition": "resolvedFrom/CdmEntity"
              }
            ]
          },
          {
            "type": "attributeDefinition",
            "name": "GroupOfPeople",
            "parent": "Resolved_FriendGroup_normalized/attributeContext/Resolved_FriendGroup_normalized",
            "definition": "resolvedFrom/FriendGroup/hasAttributes/GroupOfPeople",
            "contents": [
              {
                "type": "entity",
                "name": "ThreeMusketeers",
                "parent": "Resolved_FriendGroup_normalized/attributeContext/Resolved_FriendGroup_normalized/GroupOfPeople",
                "definition": "resolvedFrom/ThreeMusketeers",
                "contents": [
                  {
                    "type": "entityReferenceExtends",
                    "name": "extends",
                    "parent": "Resolved_FriendGroup_normalized/attributeContext/Resolved_FriendGroup_normalized/GroupOfPeople/ThreeMusketeers",
                    "contents": [
                      {
                        "type": "entity",
                        "name": "CdmEntity",
                        "parent": "Resolved_FriendGroup_normalized/attributeContext/Resolved_FriendGroup_normalized/GroupOfPeople/ThreeMusketeers/extends",
                        "definition": "resolvedFrom/CdmEntity"
                      }
                    ]
                  },
                  {
                    "type": "attributeDefinition",
                    "name": "ThreePeople",
                    "parent": "Resolved_FriendGroup_normalized/attributeContext/Resolved_FriendGroup_normalized/GroupOfPeople/ThreeMusketeers",
                    "definition": "resolvedFrom/ThreeMusketeers/hasAttributes/ThreePeople",
                    "contents": [
                      {
                        "type": "entity",
                        "name": "Person",
                        "parent": "Resolved_FriendGroup_normalized/attributeContext/Resolved_FriendGroup_normalized/GroupOfPeople/ThreeMusketeers/ThreePeople",
                        "definition": "resolvedFrom/Person",
                        "contents": [
                          {
                            "type": "entityReferenceExtends",
                            "name": "extends",
                            "parent": "Resolved_FriendGroup_normalized/attributeContext/Resolved_FriendGroup_normalized/GroupOfPeople/ThreeMusketeers/ThreePeople/Person",
                            "contents": [
                              {
                                "type": "entity",
                                "name": "CdmEntity",
                                "parent": "Resolved_FriendGroup_normalized/attributeContext/Resolved_FriendGroup_normalized/GroupOfPeople/ThreeMusketeers/ThreePeople/Person/extends",
                                "definition": "resolvedFrom/CdmEntity"
                              }
                            ]
                          },
                          {
                            "type": "attributeDefinition",
                            "name": "name",
                            "parent": "Resolved_FriendGroup_normalized/attributeContext/Resolved_FriendGroup_normalized/GroupOfPeople/ThreeMusketeers/ThreePeople/Person",
                            "definition": "resolvedFrom/Person/hasAttributes/name"
                          },
                          {
                            "type": "attributeDefinition",
                            "name": "age",
                            "parent": "Resolved_FriendGroup_normalized/attributeContext/Resolved_FriendGroup_normalized/GroupOfPeople/ThreeMusketeers/ThreePeople/Person",
                            "definition": "resolvedFrom/Person/hasAttributes/age"
                          },
                          {
                            "type": "attributeDefinition",
                            "name": "address",
                            "parent": "Resolved_FriendGroup_normalized/attributeContext/Resolved_FriendGroup_normalized/GroupOfPeople/ThreeMusketeers/ThreePeople/Person",
                            "definition": "resolvedFrom/Person/hasAttributes/address"
                          }
                        ]
                      }
                    ]
                  }
                ]
              }
            ]
          }
        ]
      },
      "version": "1.1"
    }
  ]
}