Resolved_Sales_referenceOnly_normalized/attributeContext/Resolved_Sales_referenceOnly_normalized/extends
Resolved_Sales_referenceOnly_normalized/attributeContext/Resolved_Sales_referenceOnly_normalized/extends/CdmEntity
Resolved_Sales_referenceOnly_normalized/attributeContext/Resolved_Sales_referenceOnly_normalized/ProductsBought
Resolved_Sales_referenceOnly_normalized/attributeContext/Resolved_Sales_referenceOnly_normalized/ProductsBought/ProductsOfThree
Resolved_Sales_referenceOnly_normalized/attributeContext/Resolved_Sales_referenceOnly_normalized/ProductsBought/ProductsOfThree/extends
Resolved_Sales_referenceOnly_normalized/attributeContext/Resolved_Sales_referenceOnly_normalized/ProductsBought/ProductsOfThree/extends/CdmEntity
Resolved_Sales_referenceOnly_normalized/attributeContext/Resolved_Sales_referenceOnly_normalized/ProductsBought/ProductsOfThree/ThreeProductsBought
Resolved_Sales_referenceOnly_normalized/attributeContext/Resolved_Sales_referenceOnly_normalized/ProductsBought/ProductsOfThree/ThreeProductsBought/Product
Resolved_Sales_referenceOnly_normalized/attributeContext/Resolved_Sales_referenceOnly_normalized/ProductsBought/ProductsOfThree/ThreeProductsBought/Product/extends
Resolved_Sales_referenceOnly_normalized/attributeContext/Resolved_Sales_referenceOnly_normalized/ProductsBought/ProductsOfThree/ThreeProductsBought/Product/extends/CdmEntity
Resolved_Sales_referenceOnly_normalized/attributeContext/Resolved_Sales_referenceOnly_normalized/ProductsBought/ProductsOfThree/ThreeProductsBought/Product/ProductId
Resolved_Sales_referenceOnly_normalized/attributeContext/Resolved_Sales_referenceOnly_normalized/ProductsBought/ProductsOfThree/ThreeProductsBought/Product/ProductName
Resolved_Sales_referenceOnly_normalized/attributeContext/Resolved_Sales_referenceOnly_normalized/ProductsBought/_generatedAttributeSet
Resolved_Sales_referenceOnly_normalized/attributeContext/Resolved_Sales_referenceOnly_normalized/ProductsBought/_generatedAttributeSet/_generatedAttributeRound0
Resolved_Sales_referenceOnly_normalized/attributeContext/Resolved_Sales_referenceOnly_normalized/ProductsBought/_generatedAttributeSet/_generatedAttributeRound0/ProductName1
output:/Resolved_Sales_referenceOnly_normalized.cdm.json/Resolved_Sales_referenceOnly_normalized/attributeContext/Resolved_Sales_referenceOnly_normalized/ProductsBought/_generatedAttributeSet/_generatedAttributeRound0/ProductName1/Resolved_Sales_referenceOnly_normalized/hasAttributes/ProductsBoughtProductName1/(ref)
Resolved_Sales_referenceOnly_normalized/attributeContext/Resolved_Sales_referenceOnly_normalized/ProductsBought/_generatedAttributeSet/_generatedAttributeRound0/ProductCount
output:/Resolved_Sales_referenceOnly_normalized.cdm.json/Resolved_Sales_referenceOnly_normalized/attributeContext/Resolved_Sales_referenceOnly_normalized/ProductsBought/_generatedAttributeSet/_generatedAttributeRound0/ProductCount/Resolved_Sales_referenceOnly_normalized/hasAttributes/ProductsBoughtProductCount/(ref)
Resolved_Sales_referenceOnly_normalized/attributeContext/Resolved_Sales_referenceOnly_normalized/ProductsBought/_generatedAttributeSet/_generatedAttributeRound0/ProductName3
output:/Resolved_Sales_referenceOnly_normalized.cdm.json/Resolved_Sales_referenceOnly_normalized/attributeContext/Resolved_Sales_referenceOnly_normalized/ProductsBought/_generatedAttributeSet/_generatedAttributeRound0/ProductName3/Resolved_Sales_referenceOnly_normalized/hasAttributes/ProductsBoughtProductName3/(ref)
Resolved_Sales_referenceOnly_normalized/attributeContext/Resolved_Sales_referenceOnly_normalized/TotalPricePaid
output:/Resolved_Sales_referenceOnly_normalized.cdm.json/Resolved_Sales_referenceOnly_normalized/attributeContext/Resolved_Sales_referenceOnly_normalized/TotalPricePaid/Resolved_Sales_referenceOnly_normalized/hasAttributes/TotalPricePaid/(ref)
output:/Resolved_Sales_referenceOnly_normalized.cdm.json/Resolved_Sales_referenceOnly_normalized/hasAttributes/ProductsBoughtProductName1
is.dataFormat.character
is.dataFormat.big
is.dataFormat.array
is.dataFormat.character
is.dataFormat.array
output:/Resolved_Sales_referenceOnly_normalized.cdm.json/Resolved_Sales_referenceOnly_normalized/hasAttributes/ProductsBoughtProductCount
is.dataFormat.integer
is.linkedEntity.array.count
is.dataFormat.integer
output:/Resolved_Sales_referenceOnly_normalized.cdm.json/Resolved_Sales_referenceOnly_normalized/hasAttributes/ProductsBoughtProductName3
is.dataFormat.character
is.dataFormat.big
is.dataFormat.array
is.dataFormat.character
is.dataFormat.array
output:/Resolved_Sales_referenceOnly_normalized.cdm.json/Resolved_Sales_referenceOnly_normalized/hasAttributes/TotalPricePaid
is.dataFormat.numeric.shaped
is.dataFormat.numeric.shaped
