Resolved_ThreeMusketeers_referenceOnly_normalized_structured/attributeContext/Resolved_ThreeMusketeers_referenceOnly_normalized_structured/extends
Resolved_ThreeMusketeers_referenceOnly_normalized_structured/attributeContext/Resolved_ThreeMusketeers_referenceOnly_normalized_structured/extends/CdmEntity
Resolved_ThreeMusketeers_referenceOnly_normalized_structured/attributeContext/Resolved_ThreeMusketeers_referenceOnly_normalized_structured/ThreePeople
Resolved_ThreeMusketeers_referenceOnly_normalized_structured/attributeContext/Resolved_ThreeMusketeers_referenceOnly_normalized_structured/ThreePeople/projection
Resolved_ThreeMusketeers_referenceOnly_normalized_structured/attributeContext/Resolved_ThreeMusketeers_referenceOnly_normalized_structured/ThreePeople/projection/source
Resolved_ThreeMusketeers_referenceOnly_normalized_structured/attributeContext/Resolved_ThreeMusketeers_referenceOnly_normalized_structured/ThreePeople/projection/source/projection
Resolved_ThreeMusketeers_referenceOnly_normalized_structured/attributeContext/Resolved_ThreeMusketeers_referenceOnly_normalized_structured/ThreePeople/projection/source/projection/source
Resolved_ThreeMusketeers_referenceOnly_normalized_structured/attributeContext/Resolved_ThreeMusketeers_referenceOnly_normalized_structured/ThreePeople/projection/source/projection/source/projection
Resolved_ThreeMusketeers_referenceOnly_normalized_structured/attributeContext/Resolved_ThreeMusketeers_referenceOnly_normalized_structured/ThreePeople/projection/source/projection/source/projection/source
Resolved_ThreeMusketeers_referenceOnly_normalized_structured/attributeContext/Resolved_ThreeMusketeers_referenceOnly_normalized_structured/ThreePeople/projection/source/projection/source/projection/source/projection
Resolved_ThreeMusketeers_referenceOnly_normalized_structured/attributeContext/Resolved_ThreeMusketeers_referenceOnly_normalized_structured/ThreePeople/projection/source/projection/source/projection/source/projection/source
Resolved_ThreeMusketeers_referenceOnly_normalized_structured/attributeContext/Resolved_ThreeMusketeers_referenceOnly_normalized_structured/ThreePeople/projection/source/projection/source/projection/source/projection/source/Person
Resolved_ThreeMusketeers_referenceOnly_normalized_structured/attributeContext/Resolved_ThreeMusketeers_referenceOnly_normalized_structured/ThreePeople/projection/source/projection/source/projection/source/projection/source/Person/extends
Resolved_ThreeMusketeers_referenceOnly_normalized_structured/attributeContext/Resolved_ThreeMusketeers_referenceOnly_normalized_structured/ThreePeople/projection/source/projection/source/projection/source/projection/source/Person/extends/CdmEntity
Resolved_ThreeMusketeers_referenceOnly_normalized_structured/attributeContext/Resolved_ThreeMusketeers_referenceOnly_normalized_structured/ThreePeople/projection/source/projection/source/projection/source/projection/source/Person/name
Resolved_ThreeMusketeers_referenceOnly_normalized_structured/attributeContext/Resolved_ThreeMusketeers_referenceOnly_normalized_structured/ThreePeople/projection/source/projection/source/projection/source/projection/source/Person/age
Resolved_ThreeMusketeers_referenceOnly_normalized_structured/attributeContext/Resolved_ThreeMusketeers_referenceOnly_normalized_structured/ThreePeople/projection/source/projection/source/projection/source/projection/source/Person/address
Resolved_ThreeMusketeers_referenceOnly_normalized_structured/attributeContext/Resolved_ThreeMusketeers_referenceOnly_normalized_structured/ThreePeople/_generatedAttributeSet
Resolved_ThreeMusketeers_referenceOnly_normalized_structured/attributeContext/Resolved_ThreeMusketeers_referenceOnly_normalized_structured/ThreePeople/_generatedAttributeSet/operation/index1/operationRenameAttributes
Resolved_ThreeMusketeers_referenceOnly_normalized_structured/attributeContext/Resolved_ThreeMusketeers_referenceOnly_normalized_structured/ThreePeople/_generatedAttributeSet/operation/index1/operationRenameAttributes/name_1
Resolved_ThreeMusketeers_referenceOnly_normalized_structured/attributeContext/Resolved_ThreeMusketeers_referenceOnly_normalized_structured/ThreePeople/_generatedAttributeSet/operation/index1/operationRenameAttributes/name_1/name_1@1
Resolved_ThreeMusketeers_referenceOnly_normalized_structured/attributeContext/Resolved_ThreeMusketeers_referenceOnly_normalized_structured/ThreePeople/_generatedAttributeSet/operation/index1/operationRenameAttributes/name_1/name_1@1/name_1_1
output:/Resolved_ThreeMusketeers_referenceOnly_normalized_structured.cdm.json/Resolved_ThreeMusketeers_referenceOnly_normalized_structured/attributeContext/Resolved_ThreeMusketeers_referenceOnly_normalized_structured/ThreePeople/_generatedAttributeSet/operation/index1/operationRenameAttributes/name_1/name_1@1/name_1_1/Resolved_ThreeMusketeers_referenceOnly_normalized_structured/hasAttributes/name_1_1/(ref)
Resolved_ThreeMusketeers_referenceOnly_normalized_structured/attributeContext/Resolved_ThreeMusketeers_referenceOnly_normalized_structured/ThreePeople/_generatedAttributeSet/operation/index1/operationRenameAttributes/name_1/name_1@2
Resolved_ThreeMusketeers_referenceOnly_normalized_structured/attributeContext/Resolved_ThreeMusketeers_referenceOnly_normalized_structured/ThreePeople/_generatedAttributeSet/operation/index1/operationRenameAttributes/name_1/name_1@2/name_1_2
output:/Resolved_ThreeMusketeers_referenceOnly_normalized_structured.cdm.json/Resolved_ThreeMusketeers_referenceOnly_normalized_structured/attributeContext/Resolved_ThreeMusketeers_referenceOnly_normalized_structured/ThreePeople/_generatedAttributeSet/operation/index1/operationRenameAttributes/name_1/name_1@2/name_1_2/Resolved_ThreeMusketeers_referenceOnly_normalized_structured/hasAttributes/name_1_2/(ref)
Resolved_ThreeMusketeers_referenceOnly_normalized_structured/attributeContext/Resolved_ThreeMusketeers_referenceOnly_normalized_structured/ThreePeople/_generatedAttributeSet/operation/index1/operationRenameAttributes/age_1
Resolved_ThreeMusketeers_referenceOnly_normalized_structured/attributeContext/Resolved_ThreeMusketeers_referenceOnly_normalized_structured/ThreePeople/_generatedAttributeSet/operation/index1/operationRenameAttributes/age_1/age_1@1
Resolved_ThreeMusketeers_referenceOnly_normalized_structured/attributeContext/Resolved_ThreeMusketeers_referenceOnly_normalized_structured/ThreePeople/_generatedAttributeSet/operation/index1/operationRenameAttributes/age_1/age_1@1/age_1_1
output:/Resolved_ThreeMusketeers_referenceOnly_normalized_structured.cdm.json/Resolved_ThreeMusketeers_referenceOnly_normalized_structured/attributeContext/Resolved_ThreeMusketeers_referenceOnly_normalized_structured/ThreePeople/_generatedAttributeSet/operation/index1/operationRenameAttributes/age_1/age_1@1/age_1_1/Resolved_ThreeMusketeers_referenceOnly_normalized_structured/hasAttributes/age_1_1/(ref)
Resolved_ThreeMusketeers_referenceOnly_normalized_structured/attributeContext/Resolved_ThreeMusketeers_referenceOnly_normalized_structured/ThreePeople/_generatedAttributeSet/operation/index1/operationRenameAttributes/age_1/age_1@2
Resolved_ThreeMusketeers_referenceOnly_normalized_structured/attributeContext/Resolved_ThreeMusketeers_referenceOnly_normalized_structured/ThreePeople/_generatedAttributeSet/operation/index1/operationRenameAttributes/age_1/age_1@2/age_1_2
output:/Resolved_ThreeMusketeers_referenceOnly_normalized_structured.cdm.json/Resolved_ThreeMusketeers_referenceOnly_normalized_structured/attributeContext/Resolved_ThreeMusketeers_referenceOnly_normalized_structured/ThreePeople/_generatedAttributeSet/operation/index1/operationRenameAttributes/age_1/age_1@2/age_1_2/Resolved_ThreeMusketeers_referenceOnly_normalized_structured/hasAttributes/age_1_2/(ref)
Resolved_ThreeMusketeers_referenceOnly_normalized_structured/attributeContext/Resolved_ThreeMusketeers_referenceOnly_normalized_structured/ThreePeople/_generatedAttributeSet/operation/index1/operationRenameAttributes/address_1
Resolved_ThreeMusketeers_referenceOnly_normalized_structured/attributeContext/Resolved_ThreeMusketeers_referenceOnly_normalized_structured/ThreePeople/_generatedAttributeSet/operation/index1/operationRenameAttributes/address_1/address_1@1
Resolved_ThreeMusketeers_referenceOnly_normalized_structured/attributeContext/Resolved_ThreeMusketeers_referenceOnly_normalized_structured/ThreePeople/_generatedAttributeSet/operation/index1/operationRenameAttributes/address_1/address_1@1/address_1_1
output:/Resolved_ThreeMusketeers_referenceOnly_normalized_structured.cdm.json/Resolved_ThreeMusketeers_referenceOnly_normalized_structured/attributeContext/Resolved_ThreeMusketeers_referenceOnly_normalized_structured/ThreePeople/_generatedAttributeSet/operation/index1/operationRenameAttributes/address_1/address_1@1/address_1_1/Resolved_ThreeMusketeers_referenceOnly_normalized_structured/hasAttributes/address_1_1/(ref)
Resolved_ThreeMusketeers_referenceOnly_normalized_structured/attributeContext/Resolved_ThreeMusketeers_referenceOnly_normalized_structured/ThreePeople/_generatedAttributeSet/operation/index1/operationRenameAttributes/address_1/address_1@2
Resolved_ThreeMusketeers_referenceOnly_normalized_structured/attributeContext/Resolved_ThreeMusketeers_referenceOnly_normalized_structured/ThreePeople/_generatedAttributeSet/operation/index1/operationRenameAttributes/address_1/address_1@2/address_1_2
output:/Resolved_ThreeMusketeers_referenceOnly_normalized_structured.cdm.json/Resolved_ThreeMusketeers_referenceOnly_normalized_structured/attributeContext/Resolved_ThreeMusketeers_referenceOnly_normalized_structured/ThreePeople/_generatedAttributeSet/operation/index1/operationRenameAttributes/address_1/address_1@2/address_1_2/Resolved_ThreeMusketeers_referenceOnly_normalized_structured/hasAttributes/address_1_2/(ref)
Resolved_ThreeMusketeers_referenceOnly_normalized_structured/attributeContext/Resolved_ThreeMusketeers_referenceOnly_normalized_structured/ThreePeople/_generatedAttributeSet/operation/index1/operationRenameAttributes/name_2
Resolved_ThreeMusketeers_referenceOnly_normalized_structured/attributeContext/Resolved_ThreeMusketeers_referenceOnly_normalized_structured/ThreePeople/_generatedAttributeSet/operation/index1/operationRenameAttributes/name_2/name_2@1
Resolved_ThreeMusketeers_referenceOnly_normalized_structured/attributeContext/Resolved_ThreeMusketeers_referenceOnly_normalized_structured/ThreePeople/_generatedAttributeSet/operation/index1/operationRenameAttributes/name_2/name_2@1/name_2_1
output:/Resolved_ThreeMusketeers_referenceOnly_normalized_structured.cdm.json/Resolved_ThreeMusketeers_referenceOnly_normalized_structured/attributeContext/Resolved_ThreeMusketeers_referenceOnly_normalized_structured/ThreePeople/_generatedAttributeSet/operation/index1/operationRenameAttributes/name_2/name_2@1/name_2_1/Resolved_ThreeMusketeers_referenceOnly_normalized_structured/hasAttributes/name_2_1/(ref)
Resolved_ThreeMusketeers_referenceOnly_normalized_structured/attributeContext/Resolved_ThreeMusketeers_referenceOnly_normalized_structured/ThreePeople/_generatedAttributeSet/operation/index1/operationRenameAttributes/name_2/name_2@2
Resolved_ThreeMusketeers_referenceOnly_normalized_structured/attributeContext/Resolved_ThreeMusketeers_referenceOnly_normalized_structured/ThreePeople/_generatedAttributeSet/operation/index1/operationRenameAttributes/name_2/name_2@2/name_2_2
output:/Resolved_ThreeMusketeers_referenceOnly_normalized_structured.cdm.json/Resolved_ThreeMusketeers_referenceOnly_normalized_structured/attributeContext/Resolved_ThreeMusketeers_referenceOnly_normalized_structured/ThreePeople/_generatedAttributeSet/operation/index1/operationRenameAttributes/name_2/name_2@2/name_2_2/Resolved_ThreeMusketeers_referenceOnly_normalized_structured/hasAttributes/name_2_2/(ref)
Resolved_ThreeMusketeers_referenceOnly_normalized_structured/attributeContext/Resolved_ThreeMusketeers_referenceOnly_normalized_structured/ThreePeople/_generatedAttributeSet/operation/index1/operationRenameAttributes/age_2
Resolved_ThreeMusketeers_referenceOnly_normalized_structured/attributeContext/Resolved_ThreeMusketeers_referenceOnly_normalized_structured/ThreePeople/_generatedAttributeSet/operation/index1/operationRenameAttributes/age_2/age_2@1
Resolved_ThreeMusketeers_referenceOnly_normalized_structured/attributeContext/Resolved_ThreeMusketeers_referenceOnly_normalized_structured/ThreePeople/_generatedAttributeSet/operation/index1/operationRenameAttributes/age_2/age_2@1/age_2_1
output:/Resolved_ThreeMusketeers_referenceOnly_normalized_structured.cdm.json/Resolved_ThreeMusketeers_referenceOnly_normalized_structured/attributeContext/Resolved_ThreeMusketeers_referenceOnly_normalized_structured/ThreePeople/_generatedAttributeSet/operation/index1/operationRenameAttributes/age_2/age_2@1/age_2_1/Resolved_ThreeMusketeers_referenceOnly_normalized_structured/hasAttributes/age_2_1/(ref)
Resolved_ThreeMusketeers_referenceOnly_normalized_structured/attributeContext/Resolved_ThreeMusketeers_referenceOnly_normalized_structured/ThreePeople/_generatedAttributeSet/operation/index1/operationRenameAttributes/age_2/age_2@2
Resolved_ThreeMusketeers_referenceOnly_normalized_structured/attributeContext/Resolved_ThreeMusketeers_referenceOnly_normalized_structured/ThreePeople/_generatedAttributeSet/operation/index1/operationRenameAttributes/age_2/age_2@2/age_2_2
output:/Resolved_ThreeMusketeers_referenceOnly_normalized_structured.cdm.json/Resolved_ThreeMusketeers_referenceOnly_normalized_structured/attributeContext/Resolved_ThreeMusketeers_referenceOnly_normalized_structured/ThreePeople/_generatedAttributeSet/operation/index1/operationRenameAttributes/age_2/age_2@2/age_2_2/Resolved_ThreeMusketeers_referenceOnly_normalized_structured/hasAttributes/age_2_2/(ref)
Resolved_ThreeMusketeers_referenceOnly_normalized_structured/attributeContext/Resolved_ThreeMusketeers_referenceOnly_normalized_structured/ThreePeople/_generatedAttributeSet/operation/index1/operationRenameAttributes/address_2
Resolved_ThreeMusketeers_referenceOnly_normalized_structured/attributeContext/Resolved_ThreeMusketeers_referenceOnly_normalized_structured/ThreePeople/_generatedAttributeSet/operation/index1/operationRenameAttributes/address_2/address_2@1
Resolved_ThreeMusketeers_referenceOnly_normalized_structured/attributeContext/Resolved_ThreeMusketeers_referenceOnly_normalized_structured/ThreePeople/_generatedAttributeSet/operation/index1/operationRenameAttributes/address_2/address_2@1/address_2_1
output:/Resolved_ThreeMusketeers_referenceOnly_normalized_structured.cdm.json/Resolved_ThreeMusketeers_referenceOnly_normalized_structured/attributeContext/Resolved_ThreeMusketeers_referenceOnly_normalized_structured/ThreePeople/_generatedAttributeSet/operation/index1/operationRenameAttributes/address_2/address_2@1/address_2_1/Resolved_ThreeMusketeers_referenceOnly_normalized_structured/hasAttributes/address_2_1/(ref)
Resolved_ThreeMusketeers_referenceOnly_normalized_structured/attributeContext/Resolved_ThreeMusketeers_referenceOnly_normalized_structured/ThreePeople/_generatedAttributeSet/operation/index1/operationRenameAttributes/address_2/address_2@2
Resolved_ThreeMusketeers_referenceOnly_normalized_structured/attributeContext/Resolved_ThreeMusketeers_referenceOnly_normalized_structured/ThreePeople/_generatedAttributeSet/operation/index1/operationRenameAttributes/address_2/address_2@2/address_2_2
output:/Resolved_ThreeMusketeers_referenceOnly_normalized_structured.cdm.json/Resolved_ThreeMusketeers_referenceOnly_normalized_structured/attributeContext/Resolved_ThreeMusketeers_referenceOnly_normalized_structured/ThreePeople/_generatedAttributeSet/operation/index1/operationRenameAttributes/address_2/address_2@2/address_2_2/Resolved_ThreeMusketeers_referenceOnly_normalized_structured/hasAttributes/address_2_2/(ref)
Resolved_ThreeMusketeers_referenceOnly_normalized_structured/attributeContext/Resolved_ThreeMusketeers_referenceOnly_normalized_structured/ThreePeople/_generatedAttributeSet/operation/index1/operationRenameAttributes/name_3
Resolved_ThreeMusketeers_referenceOnly_normalized_structured/attributeContext/Resolved_ThreeMusketeers_referenceOnly_normalized_structured/ThreePeople/_generatedAttributeSet/operation/index1/operationRenameAttributes/name_3/name_3@1
Resolved_ThreeMusketeers_referenceOnly_normalized_structured/attributeContext/Resolved_ThreeMusketeers_referenceOnly_normalized_structured/ThreePeople/_generatedAttributeSet/operation/index1/operationRenameAttributes/name_3/name_3@1/name_3_1
output:/Resolved_ThreeMusketeers_referenceOnly_normalized_structured.cdm.json/Resolved_ThreeMusketeers_referenceOnly_normalized_structured/attributeContext/Resolved_ThreeMusketeers_referenceOnly_normalized_structured/ThreePeople/_generatedAttributeSet/operation/index1/operationRenameAttributes/name_3/name_3@1/name_3_1/Resolved_ThreeMusketeers_referenceOnly_normalized_structured/hasAttributes/name_3_1/(ref)
Resolved_ThreeMusketeers_referenceOnly_normalized_structured/attributeContext/Resolved_ThreeMusketeers_referenceOnly_normalized_structured/ThreePeople/_generatedAttributeSet/operation/index1/operationRenameAttributes/name_3/name_3@2
Resolved_ThreeMusketeers_referenceOnly_normalized_structured/attributeContext/Resolved_ThreeMusketeers_referenceOnly_normalized_structured/ThreePeople/_generatedAttributeSet/operation/index1/operationRenameAttributes/name_3/name_3@2/name_3_2
output:/Resolved_ThreeMusketeers_referenceOnly_normalized_structured.cdm.json/Resolved_ThreeMusketeers_referenceOnly_normalized_structured/attributeContext/Resolved_ThreeMusketeers_referenceOnly_normalized_structured/ThreePeople/_generatedAttributeSet/operation/index1/operationRenameAttributes/name_3/name_3@2/name_3_2/Resolved_ThreeMusketeers_referenceOnly_normalized_structured/hasAttributes/name_3_2/(ref)
Resolved_ThreeMusketeers_referenceOnly_normalized_structured/attributeContext/Resolved_ThreeMusketeers_referenceOnly_normalized_structured/ThreePeople/_generatedAttributeSet/operation/index1/operationRenameAttributes/age_3
Resolved_ThreeMusketeers_referenceOnly_normalized_structured/attributeContext/Resolved_ThreeMusketeers_referenceOnly_normalized_structured/ThreePeople/_generatedAttributeSet/operation/index1/operationRenameAttributes/age_3/age_3@1
Resolved_ThreeMusketeers_referenceOnly_normalized_structured/attributeContext/Resolved_ThreeMusketeers_referenceOnly_normalized_structured/ThreePeople/_generatedAttributeSet/operation/index1/operationRenameAttributes/age_3/age_3@1/age_3_1
output:/Resolved_ThreeMusketeers_referenceOnly_normalized_structured.cdm.json/Resolved_ThreeMusketeers_referenceOnly_normalized_structured/attributeContext/Resolved_ThreeMusketeers_referenceOnly_normalized_structured/ThreePeople/_generatedAttributeSet/operation/index1/operationRenameAttributes/age_3/age_3@1/age_3_1/Resolved_ThreeMusketeers_referenceOnly_normalized_structured/hasAttributes/age_3_1/(ref)
Resolved_ThreeMusketeers_referenceOnly_normalized_structured/attributeContext/Resolved_ThreeMusketeers_referenceOnly_normalized_structured/ThreePeople/_generatedAttributeSet/operation/index1/operationRenameAttributes/age_3/age_3@2
Resolved_ThreeMusketeers_referenceOnly_normalized_structured/attributeContext/Resolved_ThreeMusketeers_referenceOnly_normalized_structured/ThreePeople/_generatedAttributeSet/operation/index1/operationRenameAttributes/age_3/age_3@2/age_3_2
output:/Resolved_ThreeMusketeers_referenceOnly_normalized_structured.cdm.json/Resolved_ThreeMusketeers_referenceOnly_normalized_structured/attributeContext/Resolved_ThreeMusketeers_referenceOnly_normalized_structured/ThreePeople/_generatedAttributeSet/operation/index1/operationRenameAttributes/age_3/age_3@2/age_3_2/Resolved_ThreeMusketeers_referenceOnly_normalized_structured/hasAttributes/age_3_2/(ref)
Resolved_ThreeMusketeers_referenceOnly_normalized_structured/attributeContext/Resolved_ThreeMusketeers_referenceOnly_normalized_structured/ThreePeople/_generatedAttributeSet/operation/index1/operationRenameAttributes/address_3
Resolved_ThreeMusketeers_referenceOnly_normalized_structured/attributeContext/Resolved_ThreeMusketeers_referenceOnly_normalized_structured/ThreePeople/_generatedAttributeSet/operation/index1/operationRenameAttributes/address_3/address_3@1
Resolved_ThreeMusketeers_referenceOnly_normalized_structured/attributeContext/Resolved_ThreeMusketeers_referenceOnly_normalized_structured/ThreePeople/_generatedAttributeSet/operation/index1/operationRenameAttributes/address_3/address_3@1/address_3_1
output:/Resolved_ThreeMusketeers_referenceOnly_normalized_structured.cdm.json/Resolved_ThreeMusketeers_referenceOnly_normalized_structured/attributeContext/Resolved_ThreeMusketeers_referenceOnly_normalized_structured/ThreePeople/_generatedAttributeSet/operation/index1/operationRenameAttributes/address_3/address_3@1/address_3_1/Resolved_ThreeMusketeers_referenceOnly_normalized_structured/hasAttributes/address_3_1/(ref)
Resolved_ThreeMusketeers_referenceOnly_normalized_structured/attributeContext/Resolved_ThreeMusketeers_referenceOnly_normalized_structured/ThreePeople/_generatedAttributeSet/operation/index1/operationRenameAttributes/address_3/address_3@2
Resolved_ThreeMusketeers_referenceOnly_normalized_structured/attributeContext/Resolved_ThreeMusketeers_referenceOnly_normalized_structured/ThreePeople/_generatedAttributeSet/operation/index1/operationRenameAttributes/address_3/address_3@2/address_3_2
output:/Resolved_ThreeMusketeers_referenceOnly_normalized_structured.cdm.json/Resolved_ThreeMusketeers_referenceOnly_normalized_structured/attributeContext/Resolved_ThreeMusketeers_referenceOnly_normalized_structured/ThreePeople/_generatedAttributeSet/operation/index1/operationRenameAttributes/address_3/address_3@2/address_3_2/Resolved_ThreeMusketeers_referenceOnly_normalized_structured/hasAttributes/address_3_2/(ref)
output:/Resolved_ThreeMusketeers_referenceOnly_normalized_structured.cdm.json/Resolved_ThreeMusketeers_referenceOnly_normalized_structured/hasAttributes/name_1_1
is.dataFormat.character
is.dataFormat.big
is.dataFormat.array
is.dataFormat.character
is.dataFormat.array
output:/Resolved_ThreeMusketeers_referenceOnly_normalized_structured.cdm.json/Resolved_ThreeMusketeers_referenceOnly_normalized_structured/hasAttributes/age_1_1
is.dataFormat.integer
is.dataFormat.integer
output:/Resolved_ThreeMusketeers_referenceOnly_normalized_structured.cdm.json/Resolved_ThreeMusketeers_referenceOnly_normalized_structured/hasAttributes/address_1_1
is.dataFormat.character
is.dataFormat.big
is.dataFormat.array
is.dataFormat.character
is.dataFormat.array
output:/Resolved_ThreeMusketeers_referenceOnly_normalized_structured.cdm.json/Resolved_ThreeMusketeers_referenceOnly_normalized_structured/hasAttributes/name_2_1
is.dataFormat.character
is.dataFormat.big
is.dataFormat.array
is.dataFormat.character
is.dataFormat.array
output:/Resolved_ThreeMusketeers_referenceOnly_normalized_structured.cdm.json/Resolved_ThreeMusketeers_referenceOnly_normalized_structured/hasAttributes/age_2_1
is.dataFormat.integer
is.dataFormat.integer
output:/Resolved_ThreeMusketeers_referenceOnly_normalized_structured.cdm.json/Resolved_ThreeMusketeers_referenceOnly_normalized_structured/hasAttributes/address_2_1
is.dataFormat.character
is.dataFormat.big
is.dataFormat.array
is.dataFormat.character
is.dataFormat.array
output:/Resolved_ThreeMusketeers_referenceOnly_normalized_structured.cdm.json/Resolved_ThreeMusketeers_referenceOnly_normalized_structured/hasAttributes/name_3_1
is.dataFormat.character
is.dataFormat.big
is.dataFormat.array
is.dataFormat.character
is.dataFormat.array
output:/Resolved_ThreeMusketeers_referenceOnly_normalized_structured.cdm.json/Resolved_ThreeMusketeers_referenceOnly_normalized_structured/hasAttributes/age_3_1
is.dataFormat.integer
is.dataFormat.integer
output:/Resolved_ThreeMusketeers_referenceOnly_normalized_structured.cdm.json/Resolved_ThreeMusketeers_referenceOnly_normalized_structured/hasAttributes/address_3_1
is.dataFormat.character
is.dataFormat.big
is.dataFormat.array
is.dataFormat.character
is.dataFormat.array
output:/Resolved_ThreeMusketeers_referenceOnly_normalized_structured.cdm.json/Resolved_ThreeMusketeers_referenceOnly_normalized_structured/hasAttributes/name_1_2
is.dataFormat.character
is.dataFormat.big
is.dataFormat.array
is.dataFormat.character
is.dataFormat.array
output:/Resolved_ThreeMusketeers_referenceOnly_normalized_structured.cdm.json/Resolved_ThreeMusketeers_referenceOnly_normalized_structured/hasAttributes/age_1_2
is.dataFormat.integer
is.dataFormat.integer
output:/Resolved_ThreeMusketeers_referenceOnly_normalized_structured.cdm.json/Resolved_ThreeMusketeers_referenceOnly_normalized_structured/hasAttributes/address_1_2
is.dataFormat.character
is.dataFormat.big
is.dataFormat.array
is.dataFormat.character
is.dataFormat.array
output:/Resolved_ThreeMusketeers_referenceOnly_normalized_structured.cdm.json/Resolved_ThreeMusketeers_referenceOnly_normalized_structured/hasAttributes/name_2_2
is.dataFormat.character
is.dataFormat.big
is.dataFormat.array
is.dataFormat.character
is.dataFormat.array
output:/Resolved_ThreeMusketeers_referenceOnly_normalized_structured.cdm.json/Resolved_ThreeMusketeers_referenceOnly_normalized_structured/hasAttributes/age_2_2
is.dataFormat.integer
is.dataFormat.integer
output:/Resolved_ThreeMusketeers_referenceOnly_normalized_structured.cdm.json/Resolved_ThreeMusketeers_referenceOnly_normalized_structured/hasAttributes/address_2_2
is.dataFormat.character
is.dataFormat.big
is.dataFormat.array
is.dataFormat.character
is.dataFormat.array
output:/Resolved_ThreeMusketeers_referenceOnly_normalized_structured.cdm.json/Resolved_ThreeMusketeers_referenceOnly_normalized_structured/hasAttributes/name_3_2
is.dataFormat.character
is.dataFormat.big
is.dataFormat.array
is.dataFormat.character
is.dataFormat.array
output:/Resolved_ThreeMusketeers_referenceOnly_normalized_structured.cdm.json/Resolved_ThreeMusketeers_referenceOnly_normalized_structured/hasAttributes/age_3_2
is.dataFormat.integer
is.dataFormat.integer
output:/Resolved_ThreeMusketeers_referenceOnly_normalized_structured.cdm.json/Resolved_ThreeMusketeers_referenceOnly_normalized_structured/hasAttributes/address_3_2
is.dataFormat.character
is.dataFormat.big
is.dataFormat.array
is.dataFormat.character
is.dataFormat.array
