Resolved_NewPerson_default/attributeContext/Resolved_NewPerson_default/extends
Resolved_NewPerson_default/attributeContext/Resolved_NewPerson_default/extends/CdmEntity
Resolved_NewPerson_default/attributeContext/Resolved_NewPerson_default/PersonInfo
Resolved_NewPerson_default/attributeContext/Resolved_NewPerson_default/PersonInfo/projection
Resolved_NewPerson_default/attributeContext/Resolved_NewPerson_default/PersonInfo/projection/source
Resolved_NewPerson_default/attributeContext/Resolved_NewPerson_default/PersonInfo/projection/source/projection
Resolved_NewPerson_default/attributeContext/Resolved_NewPerson_default/PersonInfo/projection/source/projection/source
Resolved_NewPerson_default/attributeContext/Resolved_NewPerson_default/PersonInfo/projection/source/projection/source/Person
Resolved_NewPerson_default/attributeContext/Resolved_NewPerson_default/PersonInfo/projection/source/projection/source/Person/extends
Resolved_NewPerson_default/attributeContext/Resolved_NewPerson_default/PersonInfo/projection/source/projection/source/Person/extends/CdmEntity
Resolved_NewPerson_default/attributeContext/Resolved_NewPerson_default/PersonInfo/projection/source/projection/source/Person/name
Resolved_NewPerson_default/attributeContext/Resolved_NewPerson_default/PersonInfo/projection/source/projection/source/Person/age
Resolved_NewPerson_default/attributeContext/Resolved_NewPerson_default/PersonInfo/projection/source/projection/source/Person/address
Resolved_NewPerson_default/attributeContext/Resolved_NewPerson_default/PersonInfo/projection/source/projection/source/Person/phoneNumber
Resolved_NewPerson_default/attributeContext/Resolved_NewPerson_default/PersonInfo/projection/source/projection/source/Person/email
Resolved_NewPerson_default/attributeContext/Resolved_NewPerson_default/PersonInfo/projection/source/_generatedAttributeSet
Resolved_NewPerson_default/attributeContext/Resolved_NewPerson_default/PersonInfo/projection/source/_generatedAttributeSet/operation/index1/operationRenameAttributes
Resolved_NewPerson_default/attributeContext/Resolved_NewPerson_default/PersonInfo/projection/source/_generatedAttributeSet/operation/index1/operationRenameAttributes/name
Resolved_NewPerson_default/attributeContext/Resolved_NewPerson_default/PersonInfo/projection/source/_generatedAttributeSet/operation/index1/operationRenameAttributes/name/PersonInfo--Name
Resolved_NewPerson_default/attributeContext/Resolved_NewPerson_default/PersonInfo/projection/source/_generatedAttributeSet/operation/index1/operationRenameAttributes/address
Resolved_NewPerson_default/attributeContext/Resolved_NewPerson_default/PersonInfo/projection/source/_generatedAttributeSet/operation/index1/operationRenameAttributes/address/PersonInfo--Address
Resolved_NewPerson_default/attributeContext/Resolved_NewPerson_default/PersonInfo/projection/source/_generatedAttributeSet/operation/index1/operationRenameAttributes/email
Resolved_NewPerson_default/attributeContext/Resolved_NewPerson_default/PersonInfo/projection/source/_generatedAttributeSet/operation/index1/operationRenameAttributes/email/PersonInfo--Email
Resolved_NewPerson_default/attributeContext/Resolved_NewPerson_default/PersonInfo/_generatedAttributeSet
Resolved_NewPerson_default/attributeContext/Resolved_NewPerson_default/PersonInfo/_generatedAttributeSet/operation/index1/operationExcludeAttributes
Resolved_NewPerson_default/attributeContext/Resolved_NewPerson_default/PersonInfo/_generatedAttributeSet/operation/index1/operationExcludeAttributes/PersonInfo--Name
output:/Resolved_NewPerson_default.cdm.json/Resolved_NewPerson_default/attributeContext/Resolved_NewPerson_default/PersonInfo/_generatedAttributeSet/operation/index1/operationExcludeAttributes/PersonInfo--Name/Resolved_NewPerson_default/hasAttributes/PersonInfo--Name/(ref)
Resolved_NewPerson_default/attributeContext/Resolved_NewPerson_default/PersonInfo/_generatedAttributeSet/operation/index1/operationExcludeAttributes/PersonInfo--Address
output:/Resolved_NewPerson_default.cdm.json/Resolved_NewPerson_default/attributeContext/Resolved_NewPerson_default/PersonInfo/_generatedAttributeSet/operation/index1/operationExcludeAttributes/PersonInfo--Address/Resolved_NewPerson_default/hasAttributes/PersonInfo--Address/(ref)
Resolved_NewPerson_default/attributeContext/Resolved_NewPerson_default/PersonInfo/_generatedAttributeSet/operation/index1/operationExcludeAttributes/PersonInfo--Email
output:/Resolved_NewPerson_default.cdm.json/Resolved_NewPerson_default/attributeContext/Resolved_NewPerson_default/PersonInfo/_generatedAttributeSet/operation/index1/operationExcludeAttributes/PersonInfo--Email/Resolved_NewPerson_default/hasAttributes/PersonInfo--Email/(ref)
output:/Resolved_NewPerson_default.cdm.json/Resolved_NewPerson_default/hasAttributes/PersonInfo--Name
is.dataFormat.character
is.dataFormat.big
is.dataFormat.array
is.dataFormat.character
is.dataFormat.array
output:/Resolved_NewPerson_default.cdm.json/Resolved_NewPerson_default/hasAttributes/PersonInfo--Address
is.dataFormat.character
is.dataFormat.big
is.dataFormat.array
is.dataFormat.character
is.dataFormat.array
output:/Resolved_NewPerson_default.cdm.json/Resolved_NewPerson_default/hasAttributes/PersonInfo--Email
is.dataFormat.character
is.dataFormat.big
is.dataFormat.array
is.dataFormat.character
is.dataFormat.array
