Resolved_Person_referenceOnly_normalized/attributeContext/Resolved_Person_referenceOnly_normalized/extends
Resolved_Person_referenceOnly_normalized/attributeContext/Resolved_Person_referenceOnly_normalized/extends/CdmEntity
Resolved_Person_referenceOnly_normalized/attributeContext/Resolved_Person_referenceOnly_normalized/name
output:/Resolved_Person_referenceOnly_normalized.cdm.json/Resolved_Person_referenceOnly_normalized/attributeContext/Resolved_Person_referenceOnly_normalized/name/Resolved_Person_referenceOnly_normalized/hasAttributes/name/(ref)
Resolved_Person_referenceOnly_normalized/attributeContext/Resolved_Person_referenceOnly_normalized/age
output:/Resolved_Person_referenceOnly_normalized.cdm.json/Resolved_Person_referenceOnly_normalized/attributeContext/Resolved_Person_referenceOnly_normalized/age/Resolved_Person_referenceOnly_normalized/hasAttributes/age/(ref)
Resolved_Person_referenceOnly_normalized/attributeContext/Resolved_Person_referenceOnly_normalized/address
Resolved_Person_referenceOnly_normalized/attributeContext/Resolved_Person_referenceOnly_normalized/address/projection
Resolved_Person_referenceOnly_normalized/attributeContext/Resolved_Person_referenceOnly_normalized/address/projection/source
Resolved_Person_referenceOnly_normalized/attributeContext/Resolved_Person_referenceOnly_normalized/address/_generatedAttributeSet
Resolved_Person_referenceOnly_normalized/attributeContext/Resolved_Person_referenceOnly_normalized/address/_generatedAttributeSet/operation/index1/operationRenameAttributes
Resolved_Person_referenceOnly_normalized/attributeContext/Resolved_Person_referenceOnly_normalized/address/_generatedAttributeSet/operation/index1/operationRenameAttributes/address
Resolved_Person_referenceOnly_normalized/attributeContext/Resolved_Person_referenceOnly_normalized/address/_generatedAttributeSet/operation/index1/operationRenameAttributes/address/newAddress
output:/Resolved_Person_referenceOnly_normalized.cdm.json/Resolved_Person_referenceOnly_normalized/attributeContext/Resolved_Person_referenceOnly_normalized/address/_generatedAttributeSet/operation/index1/operationRenameAttributes/address/newAddress/Resolved_Person_referenceOnly_normalized/hasAttributes/newAddress/(ref)
Resolved_Person_referenceOnly_normalized/attributeContext/Resolved_Person_referenceOnly_normalized/phoneNumber
output:/Resolved_Person_referenceOnly_normalized.cdm.json/Resolved_Person_referenceOnly_normalized/attributeContext/Resolved_Person_referenceOnly_normalized/phoneNumber/Resolved_Person_referenceOnly_normalized/hasAttributes/phoneNumber/(ref)
Resolved_Person_referenceOnly_normalized/attributeContext/Resolved_Person_referenceOnly_normalized/email
output:/Resolved_Person_referenceOnly_normalized.cdm.json/Resolved_Person_referenceOnly_normalized/attributeContext/Resolved_Person_referenceOnly_normalized/email/Resolved_Person_referenceOnly_normalized/hasAttributes/email/(ref)
output:/Resolved_Person_referenceOnly_normalized.cdm.json/Resolved_Person_referenceOnly_normalized/hasAttributes/name
is.dataFormat.character
is.dataFormat.big
is.dataFormat.array
is.dataFormat.character
is.dataFormat.array
output:/Resolved_Person_referenceOnly_normalized.cdm.json/Resolved_Person_referenceOnly_normalized/hasAttributes/age
is.dataFormat.integer
is.dataFormat.integer
output:/Resolved_Person_referenceOnly_normalized.cdm.json/Resolved_Person_referenceOnly_normalized/hasAttributes/newAddress
is.dataFormat.character
is.dataFormat.big
is.dataFormat.array
is.dataFormat.character
is.dataFormat.array
output:/Resolved_Person_referenceOnly_normalized.cdm.json/Resolved_Person_referenceOnly_normalized/hasAttributes/phoneNumber
is.dataFormat.character
is.dataFormat.big
is.dataFormat.array
is.dataFormat.character
is.dataFormat.array
output:/Resolved_Person_referenceOnly_normalized.cdm.json/Resolved_Person_referenceOnly_normalized/hasAttributes/email
is.dataFormat.character
is.dataFormat.big
is.dataFormat.array
is.dataFormat.character
is.dataFormat.array
