Resolved_NewPerson_referenceOnly/attributeContext/Resolved_NewPerson_referenceOnly/extends
Resolved_NewPerson_referenceOnly/attributeContext/Resolved_NewPerson_referenceOnly/extends/CdmEntity
Resolved_NewPerson_referenceOnly/attributeContext/Resolved_NewPerson_referenceOnly/PersonInfo
Resolved_NewPerson_referenceOnly/attributeContext/Resolved_NewPerson_referenceOnly/PersonInfo/projection
Resolved_NewPerson_referenceOnly/attributeContext/Resolved_NewPerson_referenceOnly/PersonInfo/projection/source
Resolved_NewPerson_referenceOnly/attributeContext/Resolved_NewPerson_referenceOnly/PersonInfo/projection/source/EmployedPerson
Resolved_NewPerson_referenceOnly/attributeContext/Resolved_NewPerson_referenceOnly/PersonInfo/projection/source/EmployedPerson/PersonInfo
Resolved_NewPerson_referenceOnly/attributeContext/Resolved_NewPerson_referenceOnly/PersonInfo/projection/source/EmployedPerson/PersonInfo/Person
Resolved_NewPerson_referenceOnly/attributeContext/Resolved_NewPerson_referenceOnly/PersonInfo/projection/source/EmployedPerson/PersonInfo/Person/extends
Resolved_NewPerson_referenceOnly/attributeContext/Resolved_NewPerson_referenceOnly/PersonInfo/projection/source/EmployedPerson/PersonInfo/Person/extends/CdmEntity
Resolved_NewPerson_referenceOnly/attributeContext/Resolved_NewPerson_referenceOnly/PersonInfo/projection/source/EmployedPerson/PersonInfo/Person/name
Resolved_NewPerson_referenceOnly/attributeContext/Resolved_NewPerson_referenceOnly/PersonInfo/projection/source/EmployedPerson/PersonInfo/Person/age
Resolved_NewPerson_referenceOnly/attributeContext/Resolved_NewPerson_referenceOnly/PersonInfo/projection/source/EmployedPerson/PersonInfo/Person/address
Resolved_NewPerson_referenceOnly/attributeContext/Resolved_NewPerson_referenceOnly/PersonInfo/projection/source/EmployedPerson/PersonInfo/Person/phoneNumber
Resolved_NewPerson_referenceOnly/attributeContext/Resolved_NewPerson_referenceOnly/PersonInfo/projection/source/EmployedPerson/PersonInfo/Person/email
Resolved_NewPerson_referenceOnly/attributeContext/Resolved_NewPerson_referenceOnly/PersonInfo/projection/source/EmployedPerson/PersonInfo/_generatedAttributeSet
Resolved_NewPerson_referenceOnly/attributeContext/Resolved_NewPerson_referenceOnly/PersonInfo/projection/source/EmployedPerson/PersonInfo/_generatedAttributeSet/_generatedAttributeRound0
Resolved_NewPerson_referenceOnly/attributeContext/Resolved_NewPerson_referenceOnly/PersonInfo/projection/source/EmployedPerson/PersonInfo/_generatedAttributeSet/_generatedAttributeRound0/name
Resolved_NewPerson_referenceOnly/attributeContext/Resolved_NewPerson_referenceOnly/PersonInfo/projection/source/EmployedPerson/PersonInfo/_generatedAttributeSet/_generatedAttributeRound0/address
Resolved_NewPerson_referenceOnly/attributeContext/Resolved_NewPerson_referenceOnly/PersonInfo/projection/source/EmployedPerson/PersonInfo/_generatedAttributeSet/_generatedAttributeRound0/phoneNumber
Resolved_NewPerson_referenceOnly/attributeContext/Resolved_NewPerson_referenceOnly/PersonInfo/projection/source/EmployedPerson/PersonInfo/_generatedAttributeSet/_generatedAttributeRound0/email
Resolved_NewPerson_referenceOnly/attributeContext/Resolved_NewPerson_referenceOnly/PersonInfo/projection/source/EmployedPerson/OccupationInfo
Resolved_NewPerson_referenceOnly/attributeContext/Resolved_NewPerson_referenceOnly/PersonInfo/projection/source/EmployedPerson/OccupationInfo/Occupation
Resolved_NewPerson_referenceOnly/attributeContext/Resolved_NewPerson_referenceOnly/PersonInfo/projection/source/EmployedPerson/OccupationInfo/Occupation/extends
Resolved_NewPerson_referenceOnly/attributeContext/Resolved_NewPerson_referenceOnly/PersonInfo/projection/source/EmployedPerson/OccupationInfo/Occupation/extends/CdmEntity
Resolved_NewPerson_referenceOnly/attributeContext/Resolved_NewPerson_referenceOnly/PersonInfo/projection/source/EmployedPerson/OccupationInfo/Occupation/title
Resolved_NewPerson_referenceOnly/attributeContext/Resolved_NewPerson_referenceOnly/PersonInfo/projection/source/EmployedPerson/OccupationInfo/Occupation/company
Resolved_NewPerson_referenceOnly/attributeContext/Resolved_NewPerson_referenceOnly/PersonInfo/projection/source/EmployedPerson/OccupationInfo/Occupation/tenure
Resolved_NewPerson_referenceOnly/attributeContext/Resolved_NewPerson_referenceOnly/PersonInfo/projection/source/EmployedPerson/OccupationInfo/_generatedAttributeSet
Resolved_NewPerson_referenceOnly/attributeContext/Resolved_NewPerson_referenceOnly/PersonInfo/projection/source/EmployedPerson/OccupationInfo/_generatedAttributeSet/_generatedAttributeRound0
Resolved_NewPerson_referenceOnly/attributeContext/Resolved_NewPerson_referenceOnly/PersonInfo/projection/source/EmployedPerson/OccupationInfo/_generatedAttributeSet/_generatedAttributeRound0/title
Resolved_NewPerson_referenceOnly/attributeContext/Resolved_NewPerson_referenceOnly/PersonInfo/projection/source/EmployedPerson/OccupationInfo/_generatedAttributeSet/_generatedAttributeRound0/company
Resolved_NewPerson_referenceOnly/attributeContext/Resolved_NewPerson_referenceOnly/PersonInfo/projection/source/EmployedPerson/OccupationInfo/_generatedAttributeSet/_generatedAttributeRound0/tenure
Resolved_NewPerson_referenceOnly/attributeContext/Resolved_NewPerson_referenceOnly/PersonInfo/_generatedAttributeSet
Resolved_NewPerson_referenceOnly/attributeContext/Resolved_NewPerson_referenceOnly/PersonInfo/_generatedAttributeSet/operation/index1/operationExcludeAttributes
Resolved_NewPerson_referenceOnly/attributeContext/Resolved_NewPerson_referenceOnly/PersonInfo/_generatedAttributeSet/operation/index1/operationExcludeAttributes/PersonInfoName
output:/Resolved_NewPerson_referenceOnly.cdm.json/Resolved_NewPerson_referenceOnly/attributeContext/Resolved_NewPerson_referenceOnly/PersonInfo/_generatedAttributeSet/operation/index1/operationExcludeAttributes/PersonInfoName/Resolved_NewPerson_referenceOnly/hasAttributes/PersonInfoName/(ref)
Resolved_NewPerson_referenceOnly/attributeContext/Resolved_NewPerson_referenceOnly/PersonInfo/_generatedAttributeSet/operation/index1/operationExcludeAttributes/PersonInfoAddress
output:/Resolved_NewPerson_referenceOnly.cdm.json/Resolved_NewPerson_referenceOnly/attributeContext/Resolved_NewPerson_referenceOnly/PersonInfo/_generatedAttributeSet/operation/index1/operationExcludeAttributes/PersonInfoAddress/Resolved_NewPerson_referenceOnly/hasAttributes/PersonInfoAddress/(ref)
Resolved_NewPerson_referenceOnly/attributeContext/Resolved_NewPerson_referenceOnly/PersonInfo/_generatedAttributeSet/operation/index1/operationExcludeAttributes/PersonInfoPhoneNumber
output:/Resolved_NewPerson_referenceOnly.cdm.json/Resolved_NewPerson_referenceOnly/attributeContext/Resolved_NewPerson_referenceOnly/PersonInfo/_generatedAttributeSet/operation/index1/operationExcludeAttributes/PersonInfoPhoneNumber/Resolved_NewPerson_referenceOnly/hasAttributes/PersonInfoPhoneNumber/(ref)
Resolved_NewPerson_referenceOnly/attributeContext/Resolved_NewPerson_referenceOnly/PersonInfo/_generatedAttributeSet/operation/index1/operationExcludeAttributes/PersonInfoEmail
output:/Resolved_NewPerson_referenceOnly.cdm.json/Resolved_NewPerson_referenceOnly/attributeContext/Resolved_NewPerson_referenceOnly/PersonInfo/_generatedAttributeSet/operation/index1/operationExcludeAttributes/PersonInfoEmail/Resolved_NewPerson_referenceOnly/hasAttributes/PersonInfoEmail/(ref)
Resolved_NewPerson_referenceOnly/attributeContext/Resolved_NewPerson_referenceOnly/PersonInfo/_generatedAttributeSet/operation/index1/operationExcludeAttributes/OccupationInfoTitle
output:/Resolved_NewPerson_referenceOnly.cdm.json/Resolved_NewPerson_referenceOnly/attributeContext/Resolved_NewPerson_referenceOnly/PersonInfo/_generatedAttributeSet/operation/index1/operationExcludeAttributes/OccupationInfoTitle/Resolved_NewPerson_referenceOnly/hasAttributes/OccupationInfoTitle/(ref)
Resolved_NewPerson_referenceOnly/attributeContext/Resolved_NewPerson_referenceOnly/PersonInfo/_generatedAttributeSet/operation/index1/operationExcludeAttributes/OccupationInfoCompany
output:/Resolved_NewPerson_referenceOnly.cdm.json/Resolved_NewPerson_referenceOnly/attributeContext/Resolved_NewPerson_referenceOnly/PersonInfo/_generatedAttributeSet/operation/index1/operationExcludeAttributes/OccupationInfoCompany/Resolved_NewPerson_referenceOnly/hasAttributes/OccupationInfoCompany/(ref)
Resolved_NewPerson_referenceOnly/attributeContext/Resolved_NewPerson_referenceOnly/PersonInfo/_generatedAttributeSet/operation/index1/operationExcludeAttributes/OccupationInfoTenure
output:/Resolved_NewPerson_referenceOnly.cdm.json/Resolved_NewPerson_referenceOnly/attributeContext/Resolved_NewPerson_referenceOnly/PersonInfo/_generatedAttributeSet/operation/index1/operationExcludeAttributes/OccupationInfoTenure/Resolved_NewPerson_referenceOnly/hasAttributes/OccupationInfoTenure/(ref)
output:/Resolved_NewPerson_referenceOnly.cdm.json/Resolved_NewPerson_referenceOnly/hasAttributes/PersonInfoName
is.dataFormat.character
is.dataFormat.big
is.dataFormat.array
is.dataFormat.character
is.dataFormat.array
output:/Resolved_NewPerson_referenceOnly.cdm.json/Resolved_NewPerson_referenceOnly/hasAttributes/PersonInfoAddress
is.dataFormat.character
is.dataFormat.big
is.dataFormat.array
is.dataFormat.character
is.dataFormat.array
output:/Resolved_NewPerson_referenceOnly.cdm.json/Resolved_NewPerson_referenceOnly/hasAttributes/PersonInfoPhoneNumber
is.dataFormat.character
is.dataFormat.big
is.dataFormat.array
is.dataFormat.character
is.dataFormat.array
output:/Resolved_NewPerson_referenceOnly.cdm.json/Resolved_NewPerson_referenceOnly/hasAttributes/PersonInfoEmail
is.dataFormat.character
is.dataFormat.big
is.dataFormat.array
is.dataFormat.character
is.dataFormat.array
output:/Resolved_NewPerson_referenceOnly.cdm.json/Resolved_NewPerson_referenceOnly/hasAttributes/OccupationInfoTitle
is.dataFormat.character
is.dataFormat.big
is.dataFormat.array
is.dataFormat.character
is.dataFormat.array
output:/Resolved_NewPerson_referenceOnly.cdm.json/Resolved_NewPerson_referenceOnly/hasAttributes/OccupationInfoCompany
is.dataFormat.character
is.dataFormat.big
is.dataFormat.array
is.dataFormat.character
is.dataFormat.array
output:/Resolved_NewPerson_referenceOnly.cdm.json/Resolved_NewPerson_referenceOnly/hasAttributes/OccupationInfoTenure
is.dataFormat.integer
is.dataFormat.integer
