Resolved_ThreeMusketeers_default/attributeContext/Resolved_ThreeMusketeers_default/extends
Resolved_ThreeMusketeers_default/attributeContext/Resolved_ThreeMusketeers_default/extends/CdmEntity
Resolved_ThreeMusketeers_default/attributeContext/Resolved_ThreeMusketeers_default/ThreePeople
Resolved_ThreeMusketeers_default/attributeContext/Resolved_ThreeMusketeers_default/ThreePeople/Person
Resolved_ThreeMusketeers_default/attributeContext/Resolved_ThreeMusketeers_default/ThreePeople/Person/extends
Resolved_ThreeMusketeers_default/attributeContext/Resolved_ThreeMusketeers_default/ThreePeople/Person/extends/CdmEntity
Resolved_ThreeMusketeers_default/attributeContext/Resolved_ThreeMusketeers_default/ThreePeople/Person/name
Resolved_ThreeMusketeers_default/attributeContext/Resolved_ThreeMusketeers_default/ThreePeople/Person/age
Resolved_ThreeMusketeers_default/attributeContext/Resolved_ThreeMusketeers_default/ThreePeople/Person/address
Resolved_ThreeMusketeers_default/attributeContext/Resolved_ThreeMusketeers_default/ThreePeople/_generatedAttributeSet
Resolved_ThreeMusketeers_default/attributeContext/Resolved_ThreeMusketeers_default/ThreePeople/_generatedAttributeSet/count
output:/Resolved_ThreeMusketeers_default.cdm.json/Resolved_ThreeMusketeers_default/attributeContext/Resolved_ThreeMusketeers_default/ThreePeople/_generatedAttributeSet/count/Resolved_ThreeMusketeers_default/hasAttributes/count/(ref)
Resolved_ThreeMusketeers_default/attributeContext/Resolved_ThreeMusketeers_default/ThreePeople/_generatedAttributeSet/_generatedAttributeRound0
Resolved_ThreeMusketeers_default/attributeContext/Resolved_ThreeMusketeers_default/ThreePeople/_generatedAttributeSet/_generatedAttributeRound0/name1
output:/Resolved_ThreeMusketeers_default.cdm.json/Resolved_ThreeMusketeers_default/attributeContext/Resolved_ThreeMusketeers_default/ThreePeople/_generatedAttributeSet/_generatedAttributeRound0/name1/Resolved_ThreeMusketeers_default/hasAttributes/name1/(ref)
Resolved_ThreeMusketeers_default/attributeContext/Resolved_ThreeMusketeers_default/ThreePeople/_generatedAttributeSet/_generatedAttributeRound0/age1
output:/Resolved_ThreeMusketeers_default.cdm.json/Resolved_ThreeMusketeers_default/attributeContext/Resolved_ThreeMusketeers_default/ThreePeople/_generatedAttributeSet/_generatedAttributeRound0/age1/Resolved_ThreeMusketeers_default/hasAttributes/age1/(ref)
Resolved_ThreeMusketeers_default/attributeContext/Resolved_ThreeMusketeers_default/ThreePeople/_generatedAttributeSet/_generatedAttributeRound0/address1
output:/Resolved_ThreeMusketeers_default.cdm.json/Resolved_ThreeMusketeers_default/attributeContext/Resolved_ThreeMusketeers_default/ThreePeople/_generatedAttributeSet/_generatedAttributeRound0/address1/Resolved_ThreeMusketeers_default/hasAttributes/address1/(ref)
Resolved_ThreeMusketeers_default/attributeContext/Resolved_ThreeMusketeers_default/ThreePeople/_generatedAttributeSet/_generatedAttributeRound1
Resolved_ThreeMusketeers_default/attributeContext/Resolved_ThreeMusketeers_default/ThreePeople/_generatedAttributeSet/_generatedAttributeRound1/name2
output:/Resolved_ThreeMusketeers_default.cdm.json/Resolved_ThreeMusketeers_default/attributeContext/Resolved_ThreeMusketeers_default/ThreePeople/_generatedAttributeSet/_generatedAttributeRound1/name2/Resolved_ThreeMusketeers_default/hasAttributes/name2/(ref)
Resolved_ThreeMusketeers_default/attributeContext/Resolved_ThreeMusketeers_default/ThreePeople/_generatedAttributeSet/_generatedAttributeRound1/age2
output:/Resolved_ThreeMusketeers_default.cdm.json/Resolved_ThreeMusketeers_default/attributeContext/Resolved_ThreeMusketeers_default/ThreePeople/_generatedAttributeSet/_generatedAttributeRound1/age2/Resolved_ThreeMusketeers_default/hasAttributes/age2/(ref)
Resolved_ThreeMusketeers_default/attributeContext/Resolved_ThreeMusketeers_default/ThreePeople/_generatedAttributeSet/_generatedAttributeRound1/address2
output:/Resolved_ThreeMusketeers_default.cdm.json/Resolved_ThreeMusketeers_default/attributeContext/Resolved_ThreeMusketeers_default/ThreePeople/_generatedAttributeSet/_generatedAttributeRound1/address2/Resolved_ThreeMusketeers_default/hasAttributes/address2/(ref)
Resolved_ThreeMusketeers_default/attributeContext/Resolved_ThreeMusketeers_default/ThreePeople/_generatedAttributeSet/_generatedAttributeRound2
Resolved_ThreeMusketeers_default/attributeContext/Resolved_ThreeMusketeers_default/ThreePeople/_generatedAttributeSet/_generatedAttributeRound2/name3
output:/Resolved_ThreeMusketeers_default.cdm.json/Resolved_ThreeMusketeers_default/attributeContext/Resolved_ThreeMusketeers_default/ThreePeople/_generatedAttributeSet/_generatedAttributeRound2/name3/Resolved_ThreeMusketeers_default/hasAttributes/name3/(ref)
Resolved_ThreeMusketeers_default/attributeContext/Resolved_ThreeMusketeers_default/ThreePeople/_generatedAttributeSet/_generatedAttributeRound2/age3
output:/Resolved_ThreeMusketeers_default.cdm.json/Resolved_ThreeMusketeers_default/attributeContext/Resolved_ThreeMusketeers_default/ThreePeople/_generatedAttributeSet/_generatedAttributeRound2/age3/Resolved_ThreeMusketeers_default/hasAttributes/age3/(ref)
Resolved_ThreeMusketeers_default/attributeContext/Resolved_ThreeMusketeers_default/ThreePeople/_generatedAttributeSet/_generatedAttributeRound2/address3
output:/Resolved_ThreeMusketeers_default.cdm.json/Resolved_ThreeMusketeers_default/attributeContext/Resolved_ThreeMusketeers_default/ThreePeople/_generatedAttributeSet/_generatedAttributeRound2/address3/Resolved_ThreeMusketeers_default/hasAttributes/address3/(ref)
output:/Resolved_ThreeMusketeers_default.cdm.json/Resolved_ThreeMusketeers_default/hasAttributes/count
is.dataFormat.integer
is.linkedEntity.array.count
is.dataFormat.integer
output:/Resolved_ThreeMusketeers_default.cdm.json/Resolved_ThreeMusketeers_default/hasAttributes/name1
is.dataFormat.character
is.dataFormat.big
is.dataFormat.array
is.dataFormat.character
is.dataFormat.array
output:/Resolved_ThreeMusketeers_default.cdm.json/Resolved_ThreeMusketeers_default/hasAttributes/age1
is.dataFormat.integer
is.dataFormat.integer
output:/Resolved_ThreeMusketeers_default.cdm.json/Resolved_ThreeMusketeers_default/hasAttributes/address1
is.dataFormat.character
is.dataFormat.big
is.dataFormat.array
is.dataFormat.character
is.dataFormat.array
output:/Resolved_ThreeMusketeers_default.cdm.json/Resolved_ThreeMusketeers_default/hasAttributes/name2
is.dataFormat.character
is.dataFormat.big
is.dataFormat.array
is.dataFormat.character
is.dataFormat.array
output:/Resolved_ThreeMusketeers_default.cdm.json/Resolved_ThreeMusketeers_default/hasAttributes/age2
is.dataFormat.integer
is.dataFormat.integer
output:/Resolved_ThreeMusketeers_default.cdm.json/Resolved_ThreeMusketeers_default/hasAttributes/address2
is.dataFormat.character
is.dataFormat.big
is.dataFormat.array
is.dataFormat.character
is.dataFormat.array
output:/Resolved_ThreeMusketeers_default.cdm.json/Resolved_ThreeMusketeers_default/hasAttributes/name3
is.dataFormat.character
is.dataFormat.big
is.dataFormat.array
is.dataFormat.character
is.dataFormat.array
output:/Resolved_ThreeMusketeers_default.cdm.json/Resolved_ThreeMusketeers_default/hasAttributes/age3
is.dataFormat.integer
is.dataFormat.integer
output:/Resolved_ThreeMusketeers_default.cdm.json/Resolved_ThreeMusketeers_default/hasAttributes/address3
is.dataFormat.character
is.dataFormat.big
is.dataFormat.array
is.dataFormat.character
is.dataFormat.array
