[
    {
        "fromEntity": "A.cdm.json/A",
        "fromEntityAttribute": "defaultBId",
        "toEntity": "differentNamespace:/B.cdm.json/B",
        "toEntityAttribute": "bId"
    }
]