Resolved_BusinessPerson_referenceOnly/attributeContext/Resolved_BusinessPerson_referenceOnly/contactAt
Resolved_BusinessPerson_referenceOnly/attributeContext/Resolved_BusinessPerson_referenceOnly/contactAt/projection
Resolved_BusinessPerson_referenceOnly/attributeContext/Resolved_BusinessPerson_referenceOnly/contactAt/projection/source
Resolved_BusinessPerson_referenceOnly/attributeContext/Resolved_BusinessPerson_referenceOnly/contactAt/projection/source/ContactKinds
Resolved_BusinessPerson_referenceOnly/attributeContext/Resolved_BusinessPerson_referenceOnly/contactAt/projection/source/ContactKinds/emailKind
Resolved_BusinessPerson_referenceOnly/attributeContext/Resolved_BusinessPerson_referenceOnly/contactAt/projection/source/ContactKinds/emailKind/Email
Resolved_BusinessPerson_referenceOnly/attributeContext/Resolved_BusinessPerson_referenceOnly/contactAt/projection/source/ContactKinds/emailKind/Email/address
Resolved_BusinessPerson_referenceOnly/attributeContext/Resolved_BusinessPerson_referenceOnly/contactAt/projection/source/ContactKinds/emailKind/Email/emailId
output:/Resolved_BusinessPerson_referenceOnly.cdm.json/Resolved_BusinessPerson_referenceOnly/attributeContext/Resolved_BusinessPerson_referenceOnly/contactAt/projection/source/ContactKinds/emailKind/Email/emailId/Resolved_BusinessPerson_referenceOnly/hasAttributes/emailId/(ref)
Resolved_BusinessPerson_referenceOnly/attributeContext/Resolved_BusinessPerson_referenceOnly/contactAt/projection/source/ContactKinds/emailKind/Email/isPrimary
output:/Resolved_BusinessPerson_referenceOnly.cdm.json/Resolved_BusinessPerson_referenceOnly/attributeContext/Resolved_BusinessPerson_referenceOnly/contactAt/projection/source/ContactKinds/emailKind/Email/isPrimary/Resolved_BusinessPerson_referenceOnly/hasAttributes/isPrimary/(ref)
Resolved_BusinessPerson_referenceOnly/attributeContext/Resolved_BusinessPerson_referenceOnly/contactAt/projection/source/ContactKinds/phoneKind
Resolved_BusinessPerson_referenceOnly/attributeContext/Resolved_BusinessPerson_referenceOnly/contactAt/projection/source/ContactKinds/phoneKind/Phone
Resolved_BusinessPerson_referenceOnly/attributeContext/Resolved_BusinessPerson_referenceOnly/contactAt/projection/source/ContactKinds/phoneKind/Phone/number
Resolved_BusinessPerson_referenceOnly/attributeContext/Resolved_BusinessPerson_referenceOnly/contactAt/projection/source/ContactKinds/phoneKind/Phone/isPrimary
Resolved_BusinessPerson_referenceOnly/attributeContext/Resolved_BusinessPerson_referenceOnly/contactAt/projection/source/ContactKinds/phoneKind/Phone/phoneId
output:/Resolved_BusinessPerson_referenceOnly.cdm.json/Resolved_BusinessPerson_referenceOnly/attributeContext/Resolved_BusinessPerson_referenceOnly/contactAt/projection/source/ContactKinds/phoneKind/Phone/phoneId/Resolved_BusinessPerson_referenceOnly/hasAttributes/phoneId/(ref)
Resolved_BusinessPerson_referenceOnly/attributeContext/Resolved_BusinessPerson_referenceOnly/contactAt/projection/source/ContactKinds/socialKind
Resolved_BusinessPerson_referenceOnly/attributeContext/Resolved_BusinessPerson_referenceOnly/contactAt/projection/source/ContactKinds/socialKind/Social
Resolved_BusinessPerson_referenceOnly/attributeContext/Resolved_BusinessPerson_referenceOnly/contactAt/projection/source/ContactKinds/socialKind/Social/isPrimary
Resolved_BusinessPerson_referenceOnly/attributeContext/Resolved_BusinessPerson_referenceOnly/contactAt/projection/source/ContactKinds/socialKind/Social/socialId
output:/Resolved_BusinessPerson_referenceOnly.cdm.json/Resolved_BusinessPerson_referenceOnly/attributeContext/Resolved_BusinessPerson_referenceOnly/contactAt/projection/source/ContactKinds/socialKind/Social/socialId/Resolved_BusinessPerson_referenceOnly/hasAttributes/socialId/(ref)
Resolved_BusinessPerson_referenceOnly/attributeContext/Resolved_BusinessPerson_referenceOnly/contactAt/projection/source/ContactKinds/socialKind/Social/account
output:/Resolved_BusinessPerson_referenceOnly.cdm.json/Resolved_BusinessPerson_referenceOnly/attributeContext/Resolved_BusinessPerson_referenceOnly/contactAt/projection/source/ContactKinds/socialKind/Social/account/Resolved_BusinessPerson_referenceOnly/hasAttributes/account/(ref)
Resolved_BusinessPerson_referenceOnly/attributeContext/Resolved_BusinessPerson_referenceOnly/contactAt/_generatedAttributeSet
Resolved_BusinessPerson_referenceOnly/attributeContext/Resolved_BusinessPerson_referenceOnly/contactAt/_generatedAttributeSet/operation/index1/operationRenameAttributes
Resolved_BusinessPerson_referenceOnly/attributeContext/Resolved_BusinessPerson_referenceOnly/contactAt/_generatedAttributeSet/operation/index1/operationRenameAttributes/address
Resolved_BusinessPerson_referenceOnly/attributeContext/Resolved_BusinessPerson_referenceOnly/contactAt/_generatedAttributeSet/operation/index1/operationRenameAttributes/address/ContactAt..Address
output:/Resolved_BusinessPerson_referenceOnly.cdm.json/Resolved_BusinessPerson_referenceOnly/attributeContext/Resolved_BusinessPerson_referenceOnly/contactAt/_generatedAttributeSet/operation/index1/operationRenameAttributes/address/ContactAt..Address/Resolved_BusinessPerson_referenceOnly/hasAttributes/ContactAt..Address/(ref)
Resolved_BusinessPerson_referenceOnly/attributeContext/Resolved_BusinessPerson_referenceOnly/contactAt/_generatedAttributeSet/operation/index1/operationRenameAttributes/number
Resolved_BusinessPerson_referenceOnly/attributeContext/Resolved_BusinessPerson_referenceOnly/contactAt/_generatedAttributeSet/operation/index1/operationRenameAttributes/number/ContactAt..Number
output:/Resolved_BusinessPerson_referenceOnly.cdm.json/Resolved_BusinessPerson_referenceOnly/attributeContext/Resolved_BusinessPerson_referenceOnly/contactAt/_generatedAttributeSet/operation/index1/operationRenameAttributes/number/ContactAt..Number/Resolved_BusinessPerson_referenceOnly/hasAttributes/ContactAt..Number/(ref)
output:/Resolved_BusinessPerson_referenceOnly.cdm.json/Resolved_BusinessPerson_referenceOnly/hasAttributes/emailId
is.dataFormat.integer
is.dataFormat.integer
output:/Resolved_BusinessPerson_referenceOnly.cdm.json/Resolved_BusinessPerson_referenceOnly/hasAttributes/ContactAt..Address
is.dataFormat.character
is.dataFormat.big
is.dataFormat.array
is.dataFormat.character
is.dataFormat.array
output:/Resolved_BusinessPerson_referenceOnly.cdm.json/Resolved_BusinessPerson_referenceOnly/hasAttributes/isPrimary
is.dataFormat.boolean
is.dataFormat.boolean
output:/Resolved_BusinessPerson_referenceOnly.cdm.json/Resolved_BusinessPerson_referenceOnly/hasAttributes/phoneId
is.dataFormat.integer
is.dataFormat.integer
output:/Resolved_BusinessPerson_referenceOnly.cdm.json/Resolved_BusinessPerson_referenceOnly/hasAttributes/ContactAt..Number
is.dataFormat.character
is.dataFormat.big
is.dataFormat.array
is.dataFormat.character
is.dataFormat.array
output:/Resolved_BusinessPerson_referenceOnly.cdm.json/Resolved_BusinessPerson_referenceOnly/hasAttributes/socialId
is.dataFormat.integer
is.dataFormat.integer
output:/Resolved_BusinessPerson_referenceOnly.cdm.json/Resolved_BusinessPerson_referenceOnly/hasAttributes/account
is.dataFormat.character
is.dataFormat.big
is.dataFormat.array
is.dataFormat.character
is.dataFormat.array
