{
  "jsonSchemaSemanticVersion": "1.1.0",
  "imports": [
    {
      "corpusPath": "local:/Product.cdm.json",
      "moniker": "resolvedFrom"
    }
  ],
  "definitions": [
    {
      "entityName": "Resolved_Product_normalized",
      "attributeContext": {
        "type": "entity",
        "name": "Resolved_Product_normalized",
        "definition": "resolvedFrom/Product",
        "contents": [
          {
            "type": "attributeDefinition",
            "name": "ProductColor",
            "parent": "Resolved_Product_normalized/attributeContext/Resolved_Product_normalized",
            "definition": "resolvedFrom/Product/hasAttributes/ProductColor",
            "contents": [
              {
                "type": "entity",
                "name": "Color",
                "parent": "Resolved_Product_normalized/attributeContext/Resolved_Product_normalized/ProductColor",
                "definition": "resolvedFrom/Color",
                "contents": [
                  {
                    "type": "attributeDefinition",
                    "name": "ColorName",
                    "parent": "Resolved_Product_normalized/attributeContext/Resolved_Product_normalized/ProductColor/Color",
                    "definition": "resolvedFrom/Color/hasAttributes/ColorName"
                  },
                  {
                    "type": "attributeDefinition",
                    "name": "RGBColor",
                    "parent": "Resolved_Product_normalized/attributeContext/Resolved_Product_normalized/ProductColor/Color",
                    "definition": "resolvedFrom/Color/hasAttributes/RGBColor",
                    "contents": [
                      {
                        "type": "entity",
                        "name": "RGB",
                        "parent": "Resolved_Product_normalized/attributeContext/Resolved_Product_normalized/ProductColor/Color/RGBColor",
                        "definition": "resolvedFrom/RGB",
                        "contents": [
                          {
                            "type": "attributeDefinition",
                            "name": "Red",
                            "parent": "Resolved_Product_normalized/attributeContext/Resolved_Product_normalized/ProductColor/Color/RGBColor/RGB",
                            "definition": "resolvedFrom/RGB/hasAttributes/Red"
                          },
                          {
                            "type": "attributeDefinition",
                            "name": "Green",
                            "parent": "Resolved_Product_normalized/attributeContext/Resolved_Product_normalized/ProductColor/Color/RGBColor/RGB",
                            "definition": "resolvedFrom/RGB/hasAttributes/Green"
                          },
                          {
                            "type": "attributeDefinition",
                            "name": "Blue",
                            "parent": "Resolved_Product_normalized/attributeContext/Resolved_Product_normalized/ProductColor/Color/RGBColor/RGB",
                            "definition": "resolvedFrom/RGB/hasAttributes/Blue"
                          },
                          {
                            "type": "attributeDefinition",
                            "name": "IsGrayscale",
                            "parent": "Resolved_Product_normalized/attributeContext/Resolved_Product_normalized/ProductColor/Color/RGBColor/RGB",
                            "definition": "resolvedFrom/RGB/hasAttributes/IsGrayscale"
                          }
                        ]
                      }
                    ]
                  }
                ]
              },
              {
                "type": "generatedSet",
                "name": "_generatedAttributeSet",
                "parent": "Resolved_Product_normalized/attributeContext/Resolved_Product_normalized/ProductColor",
                "contents": [
                  {
                    "type": "generatedRound",
                    "name": "_generatedAttributeRound0",
                    "parent": "Resolved_Product_normalized/attributeContext/Resolved_Product_normalized/ProductColor/_generatedAttributeSet",
                    "contents": [
                      {
                        "type": "attributeDefinition",
                        "name": "RGBColorRed",
                        "parent": "Resolved_Product_normalized/attributeContext/Resolved_Product_normalized/ProductColor/_generatedAttributeSet/_generatedAttributeRound0",
                        "definition": "resolvedFrom/RGB/hasAttributes/Red",
                        "contents": [
                          "Resolved_Product_normalized/hasAttributes/ProductColorRGBColorRed"
                        ]
                      },
                      {
                        "type": "attributeDefinition",
                        "name": "RGBColorBlue",
                        "parent": "Resolved_Product_normalized/attributeContext/Resolved_Product_normalized/ProductColor/_generatedAttributeSet/_generatedAttributeRound0",
                        "definition": "resolvedFrom/RGB/hasAttributes/Blue",
                        "contents": [
                          "Resolved_Product_normalized/hasAttributes/ProductColorRGBColorBlue"
                        ]
                      }
                    ]
                  }
                ]
              }
            ]
          },
          {
            "type": "attributeDefinition",
            "name": "ProductWeight",
            "parent": "Resolved_Product_normalized/attributeContext/Resolved_Product_normalized",
            "definition": "resolvedFrom/Product/hasAttributes/ProductWeight",
            "contents": [
              "Resolved_Product_normalized/hasAttributes/ProductWeight"
            ]
          }
        ]
      },
      "hasAttributes": [
        {
          "name": "ProductColorRGBColorRed",
          "appliedTraits": [
            "is.dataFormat.character",
            "is.dataFormat.big",
            "is.dataFormat.array"
          ],
          "attributeContext": "Resolved_Product_normalized/attributeContext/Resolved_Product_normalized/ProductColor/_generatedAttributeSet/_generatedAttributeRound0/RGBColorRed",
          "dataFormat": "String"
        },
        {
          "name": "ProductColorRGBColorBlue",
          "appliedTraits": [
            "is.dataFormat.character",
            "is.dataFormat.big",
            "is.dataFormat.array"
          ],
          "attributeContext": "Resolved_Product_normalized/attributeContext/Resolved_Product_normalized/ProductColor/_generatedAttributeSet/_generatedAttributeRound0/RGBColorBlue",
          "dataFormat": "String"
        },
        {
          "name": "ProductWeight",
          "appliedTraits": [
            "is.dataFormat.floatingPoint",
            "is.dataFormat.big",
            {
              "traitReference": "means.measurement.dimension.mass",
              "arguments": [
                "mass"
              ]
            },
            {
              "traitReference": "means.measurement.units.si.gram",
              "arguments": [
                {
                  "name": "unit",
                  "value": "gram"
                },
                {
                  "name": "dimension",
                  "value": "mass"
                },
                {
                  "name": "symbol",
                  "value": "g"
                }
              ]
            },
            {
              "traitReference": "has.measurement.fundamentalComponent.kilogram",
              "arguments": [
                {
                  "name": "fundamentalUnit",
                  "value": "kilogram"
                },
                {
                  "name": "symbol",
                  "value": "kg"
                },
                {
                  "name": "dimension",
                  "value": "mass"
                },
                {
                  "name": "fundamentalExponent",
                  "value": "1"
                },
                {
                  "name": "fundamentalScale",
                  "value": ".001"
                },
                {
                  "name": "fundamentalOffset",
                  "value": "0"
                }
              ]
            }
          ],
          "attributeContext": "Resolved_Product_normalized/attributeContext/Resolved_Product_normalized/ProductWeight",
          "dataFormat": "Double",
          "description": "Weight in Grams"
        }
      ]
    }
  ]
}