Resolved_ThreeMusketeers_default/attributeContext/Resolved_ThreeMusketeers_default/extends
Resolved_ThreeMusketeers_default/attributeContext/Resolved_ThreeMusketeers_default/extends/CdmEntity
Resolved_ThreeMusketeers_default/attributeContext/Resolved_ThreeMusketeers_default/ThreePeople
Resolved_ThreeMusketeers_default/attributeContext/Resolved_ThreeMusketeers_default/ThreePeople/projection
Resolved_ThreeMusketeers_default/attributeContext/Resolved_ThreeMusketeers_default/ThreePeople/projection/source
Resolved_ThreeMusketeers_default/attributeContext/Resolved_ThreeMusketeers_default/ThreePeople/projection/source/projection
Resolved_ThreeMusketeers_default/attributeContext/Resolved_ThreeMusketeers_default/ThreePeople/projection/source/projection/source
Resolved_ThreeMusketeers_default/attributeContext/Resolved_ThreeMusketeers_default/ThreePeople/projection/source/projection/source/Person
Resolved_ThreeMusketeers_default/attributeContext/Resolved_ThreeMusketeers_default/ThreePeople/projection/source/projection/source/Person/extends
Resolved_ThreeMusketeers_default/attributeContext/Resolved_ThreeMusketeers_default/ThreePeople/projection/source/projection/source/Person/extends/CdmEntity
Resolved_ThreeMusketeers_default/attributeContext/Resolved_ThreeMusketeers_default/ThreePeople/projection/source/projection/source/Person/someGroup
Resolved_ThreeMusketeers_default/attributeContext/Resolved_ThreeMusketeers_default/ThreePeople/projection/source/projection/source/Person/someGroup/someGroup
Resolved_ThreeMusketeers_default/attributeContext/Resolved_ThreeMusketeers_default/ThreePeople/projection/source/projection/source/Person/someGroup/someGroup/name
Resolved_ThreeMusketeers_default/attributeContext/Resolved_ThreeMusketeers_default/ThreePeople/projection/source/projection/source/Person/someGroup/someGroup/age
Resolved_ThreeMusketeers_default/attributeContext/Resolved_ThreeMusketeers_default/ThreePeople/projection/source/projection/source/Person/someGroup/someGroup/address
Resolved_ThreeMusketeers_default/attributeContext/Resolved_ThreeMusketeers_default/ThreePeople/_generatedAttributeSet
Resolved_ThreeMusketeers_default/attributeContext/Resolved_ThreeMusketeers_default/ThreePeople/_generatedAttributeSet/operation/index1/operationRenameAttributes
Resolved_ThreeMusketeers_default/attributeContext/Resolved_ThreeMusketeers_default/ThreePeople/_generatedAttributeSet/operation/index1/operationRenameAttributes/name
Resolved_ThreeMusketeers_default/attributeContext/Resolved_ThreeMusketeers_default/ThreePeople/_generatedAttributeSet/operation/index1/operationRenameAttributes/name/name@1
Resolved_ThreeMusketeers_default/attributeContext/Resolved_ThreeMusketeers_default/ThreePeople/_generatedAttributeSet/operation/index1/operationRenameAttributes/name/name@1/name1
output:/Resolved_ThreeMusketeers_default.cdm.json/Resolved_ThreeMusketeers_default/attributeContext/Resolved_ThreeMusketeers_default/ThreePeople/_generatedAttributeSet/operation/index1/operationRenameAttributes/name/name@1/name1/Resolved_ThreeMusketeers_default/hasAttributes/name1/(ref)
Resolved_ThreeMusketeers_default/attributeContext/Resolved_ThreeMusketeers_default/ThreePeople/_generatedAttributeSet/operation/index1/operationRenameAttributes/name/name@2
Resolved_ThreeMusketeers_default/attributeContext/Resolved_ThreeMusketeers_default/ThreePeople/_generatedAttributeSet/operation/index1/operationRenameAttributes/name/name@2/name2
output:/Resolved_ThreeMusketeers_default.cdm.json/Resolved_ThreeMusketeers_default/attributeContext/Resolved_ThreeMusketeers_default/ThreePeople/_generatedAttributeSet/operation/index1/operationRenameAttributes/name/name@2/name2/Resolved_ThreeMusketeers_default/hasAttributes/name2/(ref)
Resolved_ThreeMusketeers_default/attributeContext/Resolved_ThreeMusketeers_default/ThreePeople/_generatedAttributeSet/operation/index1/operationRenameAttributes/name/name@3
Resolved_ThreeMusketeers_default/attributeContext/Resolved_ThreeMusketeers_default/ThreePeople/_generatedAttributeSet/operation/index1/operationRenameAttributes/name/name@3/name3
output:/Resolved_ThreeMusketeers_default.cdm.json/Resolved_ThreeMusketeers_default/attributeContext/Resolved_ThreeMusketeers_default/ThreePeople/_generatedAttributeSet/operation/index1/operationRenameAttributes/name/name@3/name3/Resolved_ThreeMusketeers_default/hasAttributes/name3/(ref)
Resolved_ThreeMusketeers_default/attributeContext/Resolved_ThreeMusketeers_default/ThreePeople/_generatedAttributeSet/operation/index1/operationRenameAttributes/age
Resolved_ThreeMusketeers_default/attributeContext/Resolved_ThreeMusketeers_default/ThreePeople/_generatedAttributeSet/operation/index1/operationRenameAttributes/age/age@1
Resolved_ThreeMusketeers_default/attributeContext/Resolved_ThreeMusketeers_default/ThreePeople/_generatedAttributeSet/operation/index1/operationRenameAttributes/age/age@1/age1
output:/Resolved_ThreeMusketeers_default.cdm.json/Resolved_ThreeMusketeers_default/attributeContext/Resolved_ThreeMusketeers_default/ThreePeople/_generatedAttributeSet/operation/index1/operationRenameAttributes/age/age@1/age1/Resolved_ThreeMusketeers_default/hasAttributes/age1/(ref)
Resolved_ThreeMusketeers_default/attributeContext/Resolved_ThreeMusketeers_default/ThreePeople/_generatedAttributeSet/operation/index1/operationRenameAttributes/age/age@2
Resolved_ThreeMusketeers_default/attributeContext/Resolved_ThreeMusketeers_default/ThreePeople/_generatedAttributeSet/operation/index1/operationRenameAttributes/age/age@2/age2
output:/Resolved_ThreeMusketeers_default.cdm.json/Resolved_ThreeMusketeers_default/attributeContext/Resolved_ThreeMusketeers_default/ThreePeople/_generatedAttributeSet/operation/index1/operationRenameAttributes/age/age@2/age2/Resolved_ThreeMusketeers_default/hasAttributes/age2/(ref)
Resolved_ThreeMusketeers_default/attributeContext/Resolved_ThreeMusketeers_default/ThreePeople/_generatedAttributeSet/operation/index1/operationRenameAttributes/age/age@3
Resolved_ThreeMusketeers_default/attributeContext/Resolved_ThreeMusketeers_default/ThreePeople/_generatedAttributeSet/operation/index1/operationRenameAttributes/age/age@3/age3
output:/Resolved_ThreeMusketeers_default.cdm.json/Resolved_ThreeMusketeers_default/attributeContext/Resolved_ThreeMusketeers_default/ThreePeople/_generatedAttributeSet/operation/index1/operationRenameAttributes/age/age@3/age3/Resolved_ThreeMusketeers_default/hasAttributes/age3/(ref)
Resolved_ThreeMusketeers_default/attributeContext/Resolved_ThreeMusketeers_default/ThreePeople/_generatedAttributeSet/operation/index1/operationRenameAttributes/address
Resolved_ThreeMusketeers_default/attributeContext/Resolved_ThreeMusketeers_default/ThreePeople/_generatedAttributeSet/operation/index1/operationRenameAttributes/address/address@1
Resolved_ThreeMusketeers_default/attributeContext/Resolved_ThreeMusketeers_default/ThreePeople/_generatedAttributeSet/operation/index1/operationRenameAttributes/address/address@1/address1
output:/Resolved_ThreeMusketeers_default.cdm.json/Resolved_ThreeMusketeers_default/attributeContext/Resolved_ThreeMusketeers_default/ThreePeople/_generatedAttributeSet/operation/index1/operationRenameAttributes/address/address@1/address1/Resolved_ThreeMusketeers_default/hasAttributes/address1/(ref)
Resolved_ThreeMusketeers_default/attributeContext/Resolved_ThreeMusketeers_default/ThreePeople/_generatedAttributeSet/operation/index1/operationRenameAttributes/address/address@2
Resolved_ThreeMusketeers_default/attributeContext/Resolved_ThreeMusketeers_default/ThreePeople/_generatedAttributeSet/operation/index1/operationRenameAttributes/address/address@2/address2
output:/Resolved_ThreeMusketeers_default.cdm.json/Resolved_ThreeMusketeers_default/attributeContext/Resolved_ThreeMusketeers_default/ThreePeople/_generatedAttributeSet/operation/index1/operationRenameAttributes/address/address@2/address2/Resolved_ThreeMusketeers_default/hasAttributes/address2/(ref)
Resolved_ThreeMusketeers_default/attributeContext/Resolved_ThreeMusketeers_default/ThreePeople/_generatedAttributeSet/operation/index1/operationRenameAttributes/address/address@3
Resolved_ThreeMusketeers_default/attributeContext/Resolved_ThreeMusketeers_default/ThreePeople/_generatedAttributeSet/operation/index1/operationRenameAttributes/address/address@3/address3
output:/Resolved_ThreeMusketeers_default.cdm.json/Resolved_ThreeMusketeers_default/attributeContext/Resolved_ThreeMusketeers_default/ThreePeople/_generatedAttributeSet/operation/index1/operationRenameAttributes/address/address@3/address3/Resolved_ThreeMusketeers_default/hasAttributes/address3/(ref)
output:/Resolved_ThreeMusketeers_default.cdm.json/Resolved_ThreeMusketeers_default/hasAttributes/name1
is.dataFormat.character
is.dataFormat.big
is.dataFormat.array
is.dataFormat.character
is.dataFormat.array
output:/Resolved_ThreeMusketeers_default.cdm.json/Resolved_ThreeMusketeers_default/hasAttributes/age1
is.dataFormat.integer
is.dataFormat.integer
output:/Resolved_ThreeMusketeers_default.cdm.json/Resolved_ThreeMusketeers_default/hasAttributes/address1
is.dataFormat.character
is.dataFormat.big
is.dataFormat.array
is.dataFormat.character
is.dataFormat.array
output:/Resolved_ThreeMusketeers_default.cdm.json/Resolved_ThreeMusketeers_default/hasAttributes/name2
is.dataFormat.character
is.dataFormat.big
is.dataFormat.array
is.dataFormat.character
is.dataFormat.array
output:/Resolved_ThreeMusketeers_default.cdm.json/Resolved_ThreeMusketeers_default/hasAttributes/age2
is.dataFormat.integer
is.dataFormat.integer
output:/Resolved_ThreeMusketeers_default.cdm.json/Resolved_ThreeMusketeers_default/hasAttributes/address2
is.dataFormat.character
is.dataFormat.big
is.dataFormat.array
is.dataFormat.character
is.dataFormat.array
output:/Resolved_ThreeMusketeers_default.cdm.json/Resolved_ThreeMusketeers_default/hasAttributes/name3
is.dataFormat.character
is.dataFormat.big
is.dataFormat.array
is.dataFormat.character
is.dataFormat.array
output:/Resolved_ThreeMusketeers_default.cdm.json/Resolved_ThreeMusketeers_default/hasAttributes/age3
is.dataFormat.integer
is.dataFormat.integer
output:/Resolved_ThreeMusketeers_default.cdm.json/Resolved_ThreeMusketeers_default/hasAttributes/address3
is.dataFormat.character
is.dataFormat.big
is.dataFormat.array
is.dataFormat.character
is.dataFormat.array
