Resolved_NewPerson_referenceOnly/attributeContext/Resolved_NewPerson_referenceOnly/extends
Resolved_NewPerson_referenceOnly/attributeContext/Resolved_NewPerson_referenceOnly/extends/CdmEntity
Resolved_NewPerson_referenceOnly/attributeContext/Resolved_NewPerson_referenceOnly/PersonInfo
Resolved_NewPerson_referenceOnly/attributeContext/Resolved_NewPerson_referenceOnly/PersonInfo/projection
Resolved_NewPerson_referenceOnly/attributeContext/Resolved_NewPerson_referenceOnly/PersonInfo/projection/source
Resolved_NewPerson_referenceOnly/attributeContext/Resolved_NewPerson_referenceOnly/PersonInfo/projection/source/Person
Resolved_NewPerson_referenceOnly/attributeContext/Resolved_NewPerson_referenceOnly/PersonInfo/projection/source/Person/extends
Resolved_NewPerson_referenceOnly/attributeContext/Resolved_NewPerson_referenceOnly/PersonInfo/projection/source/Person/extends/CdmEntity
Resolved_NewPerson_referenceOnly/attributeContext/Resolved_NewPerson_referenceOnly/PersonInfo/projection/source/Person/name
Resolved_NewPerson_referenceOnly/attributeContext/Resolved_NewPerson_referenceOnly/PersonInfo/projection/source/Person/age
Resolved_NewPerson_referenceOnly/attributeContext/Resolved_NewPerson_referenceOnly/PersonInfo/projection/source/Person/address
Resolved_NewPerson_referenceOnly/attributeContext/Resolved_NewPerson_referenceOnly/PersonInfo/projection/source/Person/phoneNumber
Resolved_NewPerson_referenceOnly/attributeContext/Resolved_NewPerson_referenceOnly/PersonInfo/projection/source/Person/email
Resolved_NewPerson_referenceOnly/attributeContext/Resolved_NewPerson_referenceOnly/PersonInfo/_generatedAttributeSet
Resolved_NewPerson_referenceOnly/attributeContext/Resolved_NewPerson_referenceOnly/PersonInfo/_generatedAttributeSet/operation/index1/operationAddAttributeGroup
Resolved_NewPerson_referenceOnly/attributeContext/Resolved_NewPerson_referenceOnly/PersonInfo/_generatedAttributeSet/operation/index1/operationAddAttributeGroup/PersonAttributeGroup
Resolved_NewPerson_referenceOnly/attributeContext/Resolved_NewPerson_referenceOnly/PersonInfo/_generatedAttributeSet/operation/index1/operationAddAttributeGroup/PersonAttributeGroup/name
output:/Resolved_NewPerson_referenceOnly.cdm.json/Resolved_NewPerson_referenceOnly/attributeContext/Resolved_NewPerson_referenceOnly/PersonInfo/_generatedAttributeSet/operation/index1/operationAddAttributeGroup/PersonAttributeGroup/name/Resolved_NewPerson_referenceOnly/hasAttributes/PersonAttributeGroup/members/name/(ref)
Resolved_NewPerson_referenceOnly/attributeContext/Resolved_NewPerson_referenceOnly/PersonInfo/_generatedAttributeSet/operation/index1/operationAddAttributeGroup/PersonAttributeGroup/age
output:/Resolved_NewPerson_referenceOnly.cdm.json/Resolved_NewPerson_referenceOnly/attributeContext/Resolved_NewPerson_referenceOnly/PersonInfo/_generatedAttributeSet/operation/index1/operationAddAttributeGroup/PersonAttributeGroup/age/Resolved_NewPerson_referenceOnly/hasAttributes/PersonAttributeGroup/members/age/(ref)
Resolved_NewPerson_referenceOnly/attributeContext/Resolved_NewPerson_referenceOnly/PersonInfo/_generatedAttributeSet/operation/index1/operationAddAttributeGroup/PersonAttributeGroup/address
output:/Resolved_NewPerson_referenceOnly.cdm.json/Resolved_NewPerson_referenceOnly/attributeContext/Resolved_NewPerson_referenceOnly/PersonInfo/_generatedAttributeSet/operation/index1/operationAddAttributeGroup/PersonAttributeGroup/address/Resolved_NewPerson_referenceOnly/hasAttributes/PersonAttributeGroup/members/address/(ref)
Resolved_NewPerson_referenceOnly/attributeContext/Resolved_NewPerson_referenceOnly/PersonInfo/_generatedAttributeSet/operation/index1/operationAddAttributeGroup/PersonAttributeGroup/phoneNumber
output:/Resolved_NewPerson_referenceOnly.cdm.json/Resolved_NewPerson_referenceOnly/attributeContext/Resolved_NewPerson_referenceOnly/PersonInfo/_generatedAttributeSet/operation/index1/operationAddAttributeGroup/PersonAttributeGroup/phoneNumber/Resolved_NewPerson_referenceOnly/hasAttributes/PersonAttributeGroup/members/phoneNumber/(ref)
Resolved_NewPerson_referenceOnly/attributeContext/Resolved_NewPerson_referenceOnly/PersonInfo/_generatedAttributeSet/operation/index1/operationAddAttributeGroup/PersonAttributeGroup/email
output:/Resolved_NewPerson_referenceOnly.cdm.json/Resolved_NewPerson_referenceOnly/attributeContext/Resolved_NewPerson_referenceOnly/PersonInfo/_generatedAttributeSet/operation/index1/operationAddAttributeGroup/PersonAttributeGroup/email/Resolved_NewPerson_referenceOnly/hasAttributes/PersonAttributeGroup/members/email/(ref)
Resolved_NewPerson_referenceOnly/attributeContext/Resolved_NewPerson_referenceOnly/PersonInfo/_generatedAttributeSet/operation/index2/operationIncludeAttributes
Resolved_NewPerson_referenceOnly/attributeContext/Resolved_NewPerson_referenceOnly/PersonInfo/_generatedAttributeSet/operation/index2/operationIncludeAttributes/age
output:/Resolved_NewPerson_referenceOnly.cdm.json/Resolved_NewPerson_referenceOnly/attributeContext/Resolved_NewPerson_referenceOnly/PersonInfo/_generatedAttributeSet/operation/index2/operationIncludeAttributes/age/Resolved_NewPerson_referenceOnly/hasAttributes/age/(ref)
Resolved_NewPerson_referenceOnly/attributeContext/Resolved_NewPerson_referenceOnly/PersonInfo/_generatedAttributeSet/operation/index2/operationIncludeAttributes/phoneNumber
output:/Resolved_NewPerson_referenceOnly.cdm.json/Resolved_NewPerson_referenceOnly/attributeContext/Resolved_NewPerson_referenceOnly/PersonInfo/_generatedAttributeSet/operation/index2/operationIncludeAttributes/phoneNumber/Resolved_NewPerson_referenceOnly/hasAttributes/phoneNumber/(ref)
output:/Resolved_NewPerson_referenceOnly.cdm.json/Resolved_NewPerson_referenceOnly/hasAttributes/PersonAttributeGroup/(ref)
output:/Resolved_NewPerson_referenceOnly.cdm.json/Resolved_NewPerson_referenceOnly/hasAttributes/age
is.dataFormat.integer
is.dataFormat.integer
output:/Resolved_NewPerson_referenceOnly.cdm.json/Resolved_NewPerson_referenceOnly/hasAttributes/phoneNumber
is.dataFormat.character
is.dataFormat.big
is.dataFormat.array
is.dataFormat.character
is.dataFormat.array
