Resolved_Customer_structured/attributeContext/Resolved_Customer_structured/ContactAt
Resolved_Customer_structured/attributeContext/Resolved_Customer_structured/ContactAt/projection
Resolved_Customer_structured/attributeContext/Resolved_Customer_structured/ContactAt/projection/source
Resolved_Customer_structured/attributeContext/Resolved_Customer_structured/ContactAt/projection/source/projection
Resolved_Customer_structured/attributeContext/Resolved_Customer_structured/ContactAt/projection/source/projection/source
Resolved_Customer_structured/attributeContext/Resolved_Customer_structured/ContactAt/projection/source/projection/source/projection
Resolved_Customer_structured/attributeContext/Resolved_Customer_structured/ContactAt/projection/source/projection/source/projection/source
Resolved_Customer_structured/attributeContext/Resolved_Customer_structured/ContactAt/projection/source/projection/source/projection/source/projection
Resolved_Customer_structured/attributeContext/Resolved_Customer_structured/ContactAt/projection/source/projection/source/projection/source/projection/source
Resolved_Customer_structured/attributeContext/Resolved_Customer_structured/ContactAt/projection/source/projection/source/projection/source/projection/source/projection
Resolved_Customer_structured/attributeContext/Resolved_Customer_structured/ContactAt/projection/source/projection/source/projection/source/projection/source/projection/source
Resolved_Customer_structured/attributeContext/Resolved_Customer_structured/ContactAt/projection/source/projection/source/projection/source/projection/source/projection/source/ContactInfo
Resolved_Customer_structured/attributeContext/Resolved_Customer_structured/ContactAt/projection/source/projection/source/projection/source/projection/source/projection/source/ContactInfo/emailInfo
Resolved_Customer_structured/attributeContext/Resolved_Customer_structured/ContactAt/projection/source/projection/source/projection/source/projection/source/projection/source/ContactInfo/emailInfo/Email
Resolved_Customer_structured/attributeContext/Resolved_Customer_structured/ContactAt/projection/source/projection/source/projection/source/projection/source/projection/source/ContactInfo/emailInfo/Email/emailId
Resolved_Customer_structured/attributeContext/Resolved_Customer_structured/ContactAt/projection/source/projection/source/projection/source/projection/source/projection/source/ContactInfo/emailInfo/Email/address
Resolved_Customer_structured/attributeContext/Resolved_Customer_structured/ContactAt/projection/source/projection/source/projection/source/projection/source/projection/source/ContactInfo/emailInfo/Email/isPrimary
Resolved_Customer_structured/attributeContext/Resolved_Customer_structured/ContactAt/projection/source/projection/source/projection/source/projection/source/projection/source/ContactInfo/phoneInfo
Resolved_Customer_structured/attributeContext/Resolved_Customer_structured/ContactAt/projection/source/projection/source/projection/source/projection/source/projection/source/ContactInfo/phoneInfo/Phone
Resolved_Customer_structured/attributeContext/Resolved_Customer_structured/ContactAt/projection/source/projection/source/projection/source/projection/source/projection/source/ContactInfo/phoneInfo/Phone/phoneId
Resolved_Customer_structured/attributeContext/Resolved_Customer_structured/ContactAt/projection/source/projection/source/projection/source/projection/source/projection/source/ContactInfo/phoneInfo/Phone/number
Resolved_Customer_structured/attributeContext/Resolved_Customer_structured/ContactAt/projection/source/projection/source/projection/source/projection/source/projection/source/ContactInfo/phoneInfo/Phone/isPrimary
Resolved_Customer_structured/attributeContext/Resolved_Customer_structured/ContactAt/projection/source/projection/source/projection/source/projection/source/projection/source/ContactInfo/socialInfo
Resolved_Customer_structured/attributeContext/Resolved_Customer_structured/ContactAt/projection/source/projection/source/projection/source/projection/source/projection/source/ContactInfo/socialInfo/Social
Resolved_Customer_structured/attributeContext/Resolved_Customer_structured/ContactAt/projection/source/projection/source/projection/source/projection/source/projection/source/ContactInfo/socialInfo/Social/socialId
Resolved_Customer_structured/attributeContext/Resolved_Customer_structured/ContactAt/projection/source/projection/source/projection/source/projection/source/projection/source/ContactInfo/socialInfo/Social/account
Resolved_Customer_structured/attributeContext/Resolved_Customer_structured/ContactAt/projection/source/projection/source/projection/source/projection/source/projection/source/ContactInfo/socialInfo/Social/isPrimary
Resolved_Customer_structured/attributeContext/Resolved_Customer_structured/ContactAt/projection/source/projection/source/projection/source/_generatedAttributeSet
Resolved_Customer_structured/attributeContext/Resolved_Customer_structured/ContactAt/projection/source/projection/source/projection/source/_generatedAttributeSet/operation/index1/operationAddTypeAttribute
Resolved_Customer_structured/attributeContext/Resolved_Customer_structured/ContactAt/projection/source/projection/source/projection/source/_generatedAttributeSet/operation/index1/operationAddTypeAttribute/_selectedEntityName
Resolved_Customer_structured/attributeContext/Resolved_Customer_structured/ContactAt/projection/source/_generatedAttributeSet
Resolved_Customer_structured/attributeContext/Resolved_Customer_structured/ContactAt/projection/source/_generatedAttributeSet/operation/index1/operationIncludeAttributes
Resolved_Customer_structured/attributeContext/Resolved_Customer_structured/ContactAt/projection/source/_generatedAttributeSet/operation/index1/operationIncludeAttributes/contactType
output:/Resolved_Customer_structured.cdm.json/Resolved_Customer_structured/attributeContext/Resolved_Customer_structured/ContactAt/projection/source/_generatedAttributeSet/operation/index1/operationIncludeAttributes/contactType/Resolved_Customer_structured/hasAttributes/contactType/(ref)
output:/Resolved_Customer_structured.cdm.json/Resolved_Customer_structured/hasAttributes/contactType
is.dataFormat.character
is.dataFormat.big
is.dataFormat.array
means.entityName
is.linkedEntity.name
is.dataFormat.character
is.dataFormat.array
