Resolved_Customer_referenceOnly_normalized/attributeContext/Resolved_Customer_referenceOnly_normalized/ContactAt
Resolved_Customer_referenceOnly_normalized/attributeContext/Resolved_Customer_referenceOnly_normalized/ContactAt/projection
Resolved_Customer_referenceOnly_normalized/attributeContext/Resolved_Customer_referenceOnly_normalized/ContactAt/projection/source
Resolved_Customer_referenceOnly_normalized/attributeContext/Resolved_Customer_referenceOnly_normalized/ContactAt/projection/source/projection
Resolved_Customer_referenceOnly_normalized/attributeContext/Resolved_Customer_referenceOnly_normalized/ContactAt/projection/source/projection/source
Resolved_Customer_referenceOnly_normalized/attributeContext/Resolved_Customer_referenceOnly_normalized/ContactAt/projection/source/projection/source/projection
Resolved_Customer_referenceOnly_normalized/attributeContext/Resolved_Customer_referenceOnly_normalized/ContactAt/projection/source/projection/source/projection/source
Resolved_Customer_referenceOnly_normalized/attributeContext/Resolved_Customer_referenceOnly_normalized/ContactAt/projection/source/projection/source/projection/source/projection
Resolved_Customer_referenceOnly_normalized/attributeContext/Resolved_Customer_referenceOnly_normalized/ContactAt/projection/source/projection/source/projection/source/projection/source
Resolved_Customer_referenceOnly_normalized/attributeContext/Resolved_Customer_referenceOnly_normalized/ContactAt/projection/source/projection/source/projection/source/projection/source/projection
Resolved_Customer_referenceOnly_normalized/attributeContext/Resolved_Customer_referenceOnly_normalized/ContactAt/projection/source/projection/source/projection/source/projection/source/projection/source
Resolved_Customer_referenceOnly_normalized/attributeContext/Resolved_Customer_referenceOnly_normalized/ContactAt/projection/source/projection/source/projection/source/projection/source/projection/source/ContactInfo
Resolved_Customer_referenceOnly_normalized/attributeContext/Resolved_Customer_referenceOnly_normalized/ContactAt/projection/source/projection/source/projection/source/projection/source/projection/source/ContactInfo/emailInfo
Resolved_Customer_referenceOnly_normalized/attributeContext/Resolved_Customer_referenceOnly_normalized/ContactAt/projection/source/projection/source/projection/source/projection/source/projection/source/ContactInfo/emailInfo/Email
Resolved_Customer_referenceOnly_normalized/attributeContext/Resolved_Customer_referenceOnly_normalized/ContactAt/projection/source/projection/source/projection/source/projection/source/projection/source/ContactInfo/emailInfo/Email/emailId
Resolved_Customer_referenceOnly_normalized/attributeContext/Resolved_Customer_referenceOnly_normalized/ContactAt/projection/source/projection/source/projection/source/projection/source/projection/source/ContactInfo/emailInfo/Email/address
Resolved_Customer_referenceOnly_normalized/attributeContext/Resolved_Customer_referenceOnly_normalized/ContactAt/projection/source/projection/source/projection/source/projection/source/projection/source/ContactInfo/emailInfo/Email/isPrimary
Resolved_Customer_referenceOnly_normalized/attributeContext/Resolved_Customer_referenceOnly_normalized/ContactAt/projection/source/projection/source/projection/source/projection/source/projection/source/ContactInfo/emailInfo/_generatedAttributeSet
Resolved_Customer_referenceOnly_normalized/attributeContext/Resolved_Customer_referenceOnly_normalized/ContactAt/projection/source/projection/source/projection/source/projection/source/projection/source/ContactInfo/emailInfo/_generatedAttributeSet/_generatedAttributeRound0
Resolved_Customer_referenceOnly_normalized/attributeContext/Resolved_Customer_referenceOnly_normalized/ContactAt/projection/source/projection/source/projection/source/projection/source/projection/source/ContactInfo/emailInfo/_generatedAttributeSet/_generatedAttributeRound0/emailId
Resolved_Customer_referenceOnly_normalized/attributeContext/Resolved_Customer_referenceOnly_normalized/ContactAt/projection/source/projection/source/projection/source/projection/source/projection/source/ContactInfo/emailInfo/_generatedAttributeSet/_generatedAttributeRound0/isPrimary
Resolved_Customer_referenceOnly_normalized/attributeContext/Resolved_Customer_referenceOnly_normalized/ContactAt/projection/source/projection/source/projection/source/projection/source/projection/source/ContactInfo/phoneInfo
Resolved_Customer_referenceOnly_normalized/attributeContext/Resolved_Customer_referenceOnly_normalized/ContactAt/projection/source/projection/source/projection/source/projection/source/projection/source/ContactInfo/phoneInfo/Phone
Resolved_Customer_referenceOnly_normalized/attributeContext/Resolved_Customer_referenceOnly_normalized/ContactAt/projection/source/projection/source/projection/source/projection/source/projection/source/ContactInfo/phoneInfo/Phone/phoneId
Resolved_Customer_referenceOnly_normalized/attributeContext/Resolved_Customer_referenceOnly_normalized/ContactAt/projection/source/projection/source/projection/source/projection/source/projection/source/ContactInfo/phoneInfo/Phone/number
Resolved_Customer_referenceOnly_normalized/attributeContext/Resolved_Customer_referenceOnly_normalized/ContactAt/projection/source/projection/source/projection/source/projection/source/projection/source/ContactInfo/phoneInfo/Phone/isPrimary
Resolved_Customer_referenceOnly_normalized/attributeContext/Resolved_Customer_referenceOnly_normalized/ContactAt/projection/source/projection/source/projection/source/projection/source/projection/source/ContactInfo/phoneInfo/_generatedAttributeSet
Resolved_Customer_referenceOnly_normalized/attributeContext/Resolved_Customer_referenceOnly_normalized/ContactAt/projection/source/projection/source/projection/source/projection/source/projection/source/ContactInfo/phoneInfo/_generatedAttributeSet/_generatedAttributeRound0
Resolved_Customer_referenceOnly_normalized/attributeContext/Resolved_Customer_referenceOnly_normalized/ContactAt/projection/source/projection/source/projection/source/projection/source/projection/source/ContactInfo/phoneInfo/_generatedAttributeSet/_generatedAttributeRound0/phoneId
Resolved_Customer_referenceOnly_normalized/attributeContext/Resolved_Customer_referenceOnly_normalized/ContactAt/projection/source/projection/source/projection/source/projection/source/projection/source/ContactInfo/phoneInfo/_generatedAttributeSet/_generatedAttributeRound0/isPrimary
Resolved_Customer_referenceOnly_normalized/attributeContext/Resolved_Customer_referenceOnly_normalized/ContactAt/projection/source/projection/source/projection/source/projection/source/projection/source/ContactInfo/socialInfo
Resolved_Customer_referenceOnly_normalized/attributeContext/Resolved_Customer_referenceOnly_normalized/ContactAt/projection/source/projection/source/projection/source/projection/source/projection/source/ContactInfo/socialInfo/Social
Resolved_Customer_referenceOnly_normalized/attributeContext/Resolved_Customer_referenceOnly_normalized/ContactAt/projection/source/projection/source/projection/source/projection/source/projection/source/ContactInfo/socialInfo/Social/socialId
Resolved_Customer_referenceOnly_normalized/attributeContext/Resolved_Customer_referenceOnly_normalized/ContactAt/projection/source/projection/source/projection/source/projection/source/projection/source/ContactInfo/socialInfo/Social/account
Resolved_Customer_referenceOnly_normalized/attributeContext/Resolved_Customer_referenceOnly_normalized/ContactAt/projection/source/projection/source/projection/source/projection/source/projection/source/ContactInfo/socialInfo/Social/isPrimary
Resolved_Customer_referenceOnly_normalized/attributeContext/Resolved_Customer_referenceOnly_normalized/ContactAt/projection/source/projection/source/projection/source/projection/source/projection/source/ContactInfo/socialInfo/_generatedAttributeSet
Resolved_Customer_referenceOnly_normalized/attributeContext/Resolved_Customer_referenceOnly_normalized/ContactAt/projection/source/projection/source/projection/source/projection/source/projection/source/ContactInfo/socialInfo/_generatedAttributeSet/_generatedAttributeRound0
Resolved_Customer_referenceOnly_normalized/attributeContext/Resolved_Customer_referenceOnly_normalized/ContactAt/projection/source/projection/source/projection/source/projection/source/projection/source/ContactInfo/socialInfo/_generatedAttributeSet/_generatedAttributeRound0/socialId
Resolved_Customer_referenceOnly_normalized/attributeContext/Resolved_Customer_referenceOnly_normalized/ContactAt/projection/source/projection/source/projection/source/projection/source/projection/source/ContactInfo/socialInfo/_generatedAttributeSet/_generatedAttributeRound0/isPrimary
Resolved_Customer_referenceOnly_normalized/attributeContext/Resolved_Customer_referenceOnly_normalized/ContactAt/projection/source/projection/source/projection/source/projection/source/_generatedAttributeSet
Resolved_Customer_referenceOnly_normalized/attributeContext/Resolved_Customer_referenceOnly_normalized/ContactAt/projection/source/projection/source/projection/source/projection/source/_generatedAttributeSet/operation/index1/operationCombineAttributes
Resolved_Customer_referenceOnly_normalized/attributeContext/Resolved_Customer_referenceOnly_normalized/ContactAt/projection/source/projection/source/projection/source/projection/source/_generatedAttributeSet/operation/index1/operationCombineAttributes/contactId
Resolved_Customer_referenceOnly_normalized/attributeContext/Resolved_Customer_referenceOnly_normalized/ContactAt/projection/source/projection/source/projection/source/projection/source/_generatedAttributeSet/operation/index1/operationCombineAttributes/emailId
Resolved_Customer_referenceOnly_normalized/attributeContext/Resolved_Customer_referenceOnly_normalized/ContactAt/projection/source/projection/source/projection/source/projection/source/_generatedAttributeSet/operation/index1/operationCombineAttributes/emailId/contactId
Resolved_Customer_referenceOnly_normalized/attributeContext/Resolved_Customer_referenceOnly_normalized/ContactAt/projection/source/projection/source/projection/source/projection/source/_generatedAttributeSet/operation/index1/operationCombineAttributes/phoneId
Resolved_Customer_referenceOnly_normalized/attributeContext/Resolved_Customer_referenceOnly_normalized/ContactAt/projection/source/projection/source/projection/source/projection/source/_generatedAttributeSet/operation/index1/operationCombineAttributes/phoneId/contactId
Resolved_Customer_referenceOnly_normalized/attributeContext/Resolved_Customer_referenceOnly_normalized/ContactAt/projection/source/projection/source/projection/source/projection/source/_generatedAttributeSet/operation/index1/operationCombineAttributes/socialId
Resolved_Customer_referenceOnly_normalized/attributeContext/Resolved_Customer_referenceOnly_normalized/ContactAt/projection/source/projection/source/projection/source/projection/source/_generatedAttributeSet/operation/index1/operationCombineAttributes/socialId/contactId
Resolved_Customer_referenceOnly_normalized/attributeContext/Resolved_Customer_referenceOnly_normalized/ContactAt/projection/source/projection/source/projection/source/_generatedAttributeSet
Resolved_Customer_referenceOnly_normalized/attributeContext/Resolved_Customer_referenceOnly_normalized/ContactAt/projection/source/projection/source/projection/source/_generatedAttributeSet/operation/index1/operationAddTypeAttribute
Resolved_Customer_referenceOnly_normalized/attributeContext/Resolved_Customer_referenceOnly_normalized/ContactAt/projection/source/projection/source/projection/source/_generatedAttributeSet/operation/index1/operationAddTypeAttribute/_selectedEntityName
Resolved_Customer_referenceOnly_normalized/attributeContext/Resolved_Customer_referenceOnly_normalized/ContactAt/projection/source/projection/source/_generatedAttributeSet
Resolved_Customer_referenceOnly_normalized/attributeContext/Resolved_Customer_referenceOnly_normalized/ContactAt/projection/source/projection/source/_generatedAttributeSet/operation/index1/operationRenameAttributes
Resolved_Customer_referenceOnly_normalized/attributeContext/Resolved_Customer_referenceOnly_normalized/ContactAt/projection/source/projection/source/_generatedAttributeSet/operation/index1/operationRenameAttributes/isPrimary
Resolved_Customer_referenceOnly_normalized/attributeContext/Resolved_Customer_referenceOnly_normalized/ContactAt/projection/source/projection/source/_generatedAttributeSet/operation/index1/operationRenameAttributes/isPrimary/new_isPrimary
Resolved_Customer_referenceOnly_normalized/attributeContext/Resolved_Customer_referenceOnly_normalized/ContactAt/projection/source/projection/source/_generatedAttributeSet/operation/index1/operationRenameAttributes/contactId
Resolved_Customer_referenceOnly_normalized/attributeContext/Resolved_Customer_referenceOnly_normalized/ContactAt/projection/source/projection/source/_generatedAttributeSet/operation/index1/operationRenameAttributes/contactId/new_contactId
Resolved_Customer_referenceOnly_normalized/attributeContext/Resolved_Customer_referenceOnly_normalized/ContactAt/projection/source/_generatedAttributeSet
Resolved_Customer_referenceOnly_normalized/attributeContext/Resolved_Customer_referenceOnly_normalized/ContactAt/projection/source/_generatedAttributeSet/operation/index1/operationIncludeAttributes
Resolved_Customer_referenceOnly_normalized/attributeContext/Resolved_Customer_referenceOnly_normalized/ContactAt/projection/source/_generatedAttributeSet/operation/index1/operationIncludeAttributes/new_isPrimary
output:/Resolved_Customer_referenceOnly_normalized.cdm.json/Resolved_Customer_referenceOnly_normalized/attributeContext/Resolved_Customer_referenceOnly_normalized/ContactAt/projection/source/_generatedAttributeSet/operation/index1/operationIncludeAttributes/new_isPrimary/Resolved_Customer_referenceOnly_normalized/hasAttributes/new_isPrimary/(ref)
Resolved_Customer_referenceOnly_normalized/attributeContext/Resolved_Customer_referenceOnly_normalized/ContactAt/projection/source/_generatedAttributeSet/operation/index1/operationIncludeAttributes/new_contactId
output:/Resolved_Customer_referenceOnly_normalized.cdm.json/Resolved_Customer_referenceOnly_normalized/attributeContext/Resolved_Customer_referenceOnly_normalized/ContactAt/projection/source/_generatedAttributeSet/operation/index1/operationIncludeAttributes/new_contactId/Resolved_Customer_referenceOnly_normalized/hasAttributes/new_contactId/(ref)
Resolved_Customer_referenceOnly_normalized/attributeContext/Resolved_Customer_referenceOnly_normalized/ContactAt/projection/source/_generatedAttributeSet/operation/index1/operationIncludeAttributes/contactType
output:/Resolved_Customer_referenceOnly_normalized.cdm.json/Resolved_Customer_referenceOnly_normalized/attributeContext/Resolved_Customer_referenceOnly_normalized/ContactAt/projection/source/_generatedAttributeSet/operation/index1/operationIncludeAttributes/contactType/Resolved_Customer_referenceOnly_normalized/hasAttributes/contactType/(ref)
output:/Resolved_Customer_referenceOnly_normalized.cdm.json/Resolved_Customer_referenceOnly_normalized/hasAttributes/new_isPrimary
is.dataFormat.boolean
is.dataFormat.boolean
output:/Resolved_Customer_referenceOnly_normalized.cdm.json/Resolved_Customer_referenceOnly_normalized/hasAttributes/new_contactId
is.dataFormat.character
is.dataFormat.big
is.dataFormat.array
is.dataFormat.guid
means.identity.entityId
is.dataFormat.guid
is.dataFormat.character
is.dataFormat.array
output:/Resolved_Customer_referenceOnly_normalized.cdm.json/Resolved_Customer_referenceOnly_normalized/hasAttributes/contactType
is.dataFormat.character
is.dataFormat.big
is.dataFormat.array
means.entityName
is.linkedEntity.name
is.dataFormat.character
is.dataFormat.array
