Resolved_NewPerson_referenceOnly_normalized/attributeContext/Resolved_NewPerson_referenceOnly_normalized/extends
Resolved_NewPerson_referenceOnly_normalized/attributeContext/Resolved_NewPerson_referenceOnly_normalized/extends/Person
Resolved_NewPerson_referenceOnly_normalized/attributeContext/Resolved_NewPerson_referenceOnly_normalized/extends/Person/extends
Resolved_NewPerson_referenceOnly_normalized/attributeContext/Resolved_NewPerson_referenceOnly_normalized/extends/Person/extends/CdmEntity
Resolved_NewPerson_referenceOnly_normalized/attributeContext/Resolved_NewPerson_referenceOnly_normalized/extends/Person/name
Resolved_NewPerson_referenceOnly_normalized/attributeContext/Resolved_NewPerson_referenceOnly_normalized/extends/Person/age
Resolved_NewPerson_referenceOnly_normalized/attributeContext/Resolved_NewPerson_referenceOnly_normalized/extends/Person/address
Resolved_NewPerson_referenceOnly_normalized/attributeContext/Resolved_NewPerson_referenceOnly_normalized/extends/Person/phoneNumber
Resolved_NewPerson_referenceOnly_normalized/attributeContext/Resolved_NewPerson_referenceOnly_normalized/extends/Person/email
Resolved_NewPerson_referenceOnly_normalized/attributeContext/Resolved_NewPerson_referenceOnly_normalized/extends/_generatedAttributeSet
Resolved_NewPerson_referenceOnly_normalized/attributeContext/Resolved_NewPerson_referenceOnly_normalized/extends/_generatedAttributeSet/_generatedAttributeRound0
Resolved_NewPerson_referenceOnly_normalized/attributeContext/Resolved_NewPerson_referenceOnly_normalized/extends/_generatedAttributeSet/_generatedAttributeRound0/_foreignKey
output:/Resolved_NewPerson_referenceOnly_normalized.cdm.json/Resolved_NewPerson_referenceOnly_normalized/attributeContext/Resolved_NewPerson_referenceOnly_normalized/extends/_generatedAttributeSet/_generatedAttributeRound0/_foreignKey/Resolved_NewPerson_referenceOnly_normalized/hasAttributes/id/(ref)
Resolved_NewPerson_referenceOnly_normalized/attributeContext/Resolved_NewPerson_referenceOnly_normalized/extends/_generatedAttributeSet/_generatedAttributeRound0/supporting_name
output:/Resolved_NewPerson_referenceOnly_normalized.cdm.json/Resolved_NewPerson_referenceOnly_normalized/attributeContext/Resolved_NewPerson_referenceOnly_normalized/extends/_generatedAttributeSet/_generatedAttributeRound0/supporting_name/Resolved_NewPerson_referenceOnly_normalized/hasAttributes/PersonInfo_display/(ref)
output:/Resolved_NewPerson_referenceOnly_normalized.cdm.json/Resolved_NewPerson_referenceOnly_normalized/hasAttributes/id
is.dataFormat.character
is.dataFormat.big
is.dataFormat.array
is.dataFormat.guid
means.identity.entityId
is.linkedEntity.identifier
is.dataFormat.guid
is.dataFormat.character
is.dataFormat.array
output:/Resolved_NewPerson_referenceOnly_normalized.cdm.json/Resolved_NewPerson_referenceOnly_normalized/hasAttributes/PersonInfo_display
is.dataFormat.character
is.dataFormat.big
is.dataFormat.array
means.reference.displayText
is.addedInSupportOf
  [Parameter (Name / DefaultValue): inSupportOf / ]
  [Argument Value: email]
is.dataFormat.character
is.dataFormat.array
