Resolved_FriendGroup_normalized/attributeContext/Resolved_FriendGroup_normalized/extends
Resolved_FriendGroup_normalized/attributeContext/Resolved_FriendGroup_normalized/extends/CdmEntity
Resolved_FriendGroup_normalized/attributeContext/Resolved_FriendGroup_normalized/GroupOfPeople
Resolved_FriendGroup_normalized/attributeContext/Resolved_FriendGroup_normalized/GroupOfPeople/projection
Resolved_FriendGroup_normalized/attributeContext/Resolved_FriendGroup_normalized/GroupOfPeople/projection/source
Resolved_FriendGroup_normalized/attributeContext/Resolved_FriendGroup_normalized/GroupOfPeople/projection/source/ThreeMusketeers
Resolved_FriendGroup_normalized/attributeContext/Resolved_FriendGroup_normalized/GroupOfPeople/projection/source/ThreeMusketeers/extends
Resolved_FriendGroup_normalized/attributeContext/Resolved_FriendGroup_normalized/GroupOfPeople/projection/source/ThreeMusketeers/extends/CdmEntity
Resolved_FriendGroup_normalized/attributeContext/Resolved_FriendGroup_normalized/GroupOfPeople/projection/source/ThreeMusketeers/ThreePeople
Resolved_FriendGroup_normalized/attributeContext/Resolved_FriendGroup_normalized/GroupOfPeople/projection/source/ThreeMusketeers/ThreePeople/Person
Resolved_FriendGroup_normalized/attributeContext/Resolved_FriendGroup_normalized/GroupOfPeople/projection/source/ThreeMusketeers/ThreePeople/Person/extends
Resolved_FriendGroup_normalized/attributeContext/Resolved_FriendGroup_normalized/GroupOfPeople/projection/source/ThreeMusketeers/ThreePeople/Person/extends/CdmEntity
Resolved_FriendGroup_normalized/attributeContext/Resolved_FriendGroup_normalized/GroupOfPeople/projection/source/ThreeMusketeers/ThreePeople/Person/name
Resolved_FriendGroup_normalized/attributeContext/Resolved_FriendGroup_normalized/GroupOfPeople/projection/source/ThreeMusketeers/ThreePeople/Person/age
Resolved_FriendGroup_normalized/attributeContext/Resolved_FriendGroup_normalized/GroupOfPeople/projection/source/ThreeMusketeers/ThreePeople/Person/address
Resolved_FriendGroup_normalized/attributeContext/Resolved_FriendGroup_normalized/GroupOfPeople/projection/source/ThreeMusketeers/ThreePeople/Person/phoneNumber
Resolved_FriendGroup_normalized/attributeContext/Resolved_FriendGroup_normalized/GroupOfPeople/projection/source/ThreeMusketeers/ThreePeople/Person/email
Resolved_FriendGroup_normalized/attributeContext/Resolved_FriendGroup_normalized/GroupOfPeople/_generatedAttributeSet
Resolved_FriendGroup_normalized/attributeContext/Resolved_FriendGroup_normalized/GroupOfPeople/_generatedAttributeSet/operation/index1/operationRenameAttributes
Resolved_FriendGroup_normalized/attributeContext/Resolved_FriendGroup_normalized/GroupOfPeople/_generatedAttributeSet/operation/index1/operationRenameAttributes/personCount
Resolved_FriendGroup_normalized/attributeContext/Resolved_FriendGroup_normalized/GroupOfPeople/_generatedAttributeSet/operation/index1/operationRenameAttributes/personCount/GroupOfPeople..PersonCount
output:/Resolved_FriendGroup_normalized.cdm.json/Resolved_FriendGroup_normalized/attributeContext/Resolved_FriendGroup_normalized/GroupOfPeople/_generatedAttributeSet/operation/index1/operationRenameAttributes/personCount/GroupOfPeople..PersonCount/Resolved_FriendGroup_normalized/hasAttributes/GroupOfPeople..PersonCount/(ref)
Resolved_FriendGroup_normalized/attributeContext/Resolved_FriendGroup_normalized/GroupOfPeople/_generatedAttributeSet/operation/index1/operationRenameAttributes/name1
Resolved_FriendGroup_normalized/attributeContext/Resolved_FriendGroup_normalized/GroupOfPeople/_generatedAttributeSet/operation/index1/operationRenameAttributes/name1/GroupOfPeople..Name1
output:/Resolved_FriendGroup_normalized.cdm.json/Resolved_FriendGroup_normalized/attributeContext/Resolved_FriendGroup_normalized/GroupOfPeople/_generatedAttributeSet/operation/index1/operationRenameAttributes/name1/GroupOfPeople..Name1/Resolved_FriendGroup_normalized/hasAttributes/GroupOfPeople..Name1/(ref)
Resolved_FriendGroup_normalized/attributeContext/Resolved_FriendGroup_normalized/GroupOfPeople/_generatedAttributeSet/operation/index1/operationRenameAttributes/age1
Resolved_FriendGroup_normalized/attributeContext/Resolved_FriendGroup_normalized/GroupOfPeople/_generatedAttributeSet/operation/index1/operationRenameAttributes/age1/GroupOfPeople..Age1
output:/Resolved_FriendGroup_normalized.cdm.json/Resolved_FriendGroup_normalized/attributeContext/Resolved_FriendGroup_normalized/GroupOfPeople/_generatedAttributeSet/operation/index1/operationRenameAttributes/age1/GroupOfPeople..Age1/Resolved_FriendGroup_normalized/hasAttributes/GroupOfPeople..Age1/(ref)
Resolved_FriendGroup_normalized/attributeContext/Resolved_FriendGroup_normalized/GroupOfPeople/_generatedAttributeSet/operation/index1/operationRenameAttributes/address1
Resolved_FriendGroup_normalized/attributeContext/Resolved_FriendGroup_normalized/GroupOfPeople/_generatedAttributeSet/operation/index1/operationRenameAttributes/address1/GroupOfPeople..Address1
output:/Resolved_FriendGroup_normalized.cdm.json/Resolved_FriendGroup_normalized/attributeContext/Resolved_FriendGroup_normalized/GroupOfPeople/_generatedAttributeSet/operation/index1/operationRenameAttributes/address1/GroupOfPeople..Address1/Resolved_FriendGroup_normalized/hasAttributes/GroupOfPeople..Address1/(ref)
Resolved_FriendGroup_normalized/attributeContext/Resolved_FriendGroup_normalized/GroupOfPeople/_generatedAttributeSet/operation/index1/operationRenameAttributes/phoneNumber1
Resolved_FriendGroup_normalized/attributeContext/Resolved_FriendGroup_normalized/GroupOfPeople/_generatedAttributeSet/operation/index1/operationRenameAttributes/phoneNumber1/GroupOfPeople..PhoneNumber1
output:/Resolved_FriendGroup_normalized.cdm.json/Resolved_FriendGroup_normalized/attributeContext/Resolved_FriendGroup_normalized/GroupOfPeople/_generatedAttributeSet/operation/index1/operationRenameAttributes/phoneNumber1/GroupOfPeople..PhoneNumber1/Resolved_FriendGroup_normalized/hasAttributes/GroupOfPeople..PhoneNumber1/(ref)
Resolved_FriendGroup_normalized/attributeContext/Resolved_FriendGroup_normalized/GroupOfPeople/_generatedAttributeSet/operation/index1/operationRenameAttributes/email1
Resolved_FriendGroup_normalized/attributeContext/Resolved_FriendGroup_normalized/GroupOfPeople/_generatedAttributeSet/operation/index1/operationRenameAttributes/email1/GroupOfPeople..Email1
output:/Resolved_FriendGroup_normalized.cdm.json/Resolved_FriendGroup_normalized/attributeContext/Resolved_FriendGroup_normalized/GroupOfPeople/_generatedAttributeSet/operation/index1/operationRenameAttributes/email1/GroupOfPeople..Email1/Resolved_FriendGroup_normalized/hasAttributes/GroupOfPeople..Email1/(ref)
Resolved_FriendGroup_normalized/attributeContext/Resolved_FriendGroup_normalized/GroupOfPeople/_generatedAttributeSet/operation/index1/operationRenameAttributes/name2
Resolved_FriendGroup_normalized/attributeContext/Resolved_FriendGroup_normalized/GroupOfPeople/_generatedAttributeSet/operation/index1/operationRenameAttributes/name2/GroupOfPeople..Name2
output:/Resolved_FriendGroup_normalized.cdm.json/Resolved_FriendGroup_normalized/attributeContext/Resolved_FriendGroup_normalized/GroupOfPeople/_generatedAttributeSet/operation/index1/operationRenameAttributes/name2/GroupOfPeople..Name2/Resolved_FriendGroup_normalized/hasAttributes/GroupOfPeople..Name2/(ref)
Resolved_FriendGroup_normalized/attributeContext/Resolved_FriendGroup_normalized/GroupOfPeople/_generatedAttributeSet/operation/index1/operationRenameAttributes/age2
Resolved_FriendGroup_normalized/attributeContext/Resolved_FriendGroup_normalized/GroupOfPeople/_generatedAttributeSet/operation/index1/operationRenameAttributes/age2/GroupOfPeople..Age2
output:/Resolved_FriendGroup_normalized.cdm.json/Resolved_FriendGroup_normalized/attributeContext/Resolved_FriendGroup_normalized/GroupOfPeople/_generatedAttributeSet/operation/index1/operationRenameAttributes/age2/GroupOfPeople..Age2/Resolved_FriendGroup_normalized/hasAttributes/GroupOfPeople..Age2/(ref)
Resolved_FriendGroup_normalized/attributeContext/Resolved_FriendGroup_normalized/GroupOfPeople/_generatedAttributeSet/operation/index1/operationRenameAttributes/address2
Resolved_FriendGroup_normalized/attributeContext/Resolved_FriendGroup_normalized/GroupOfPeople/_generatedAttributeSet/operation/index1/operationRenameAttributes/address2/GroupOfPeople..Address2
output:/Resolved_FriendGroup_normalized.cdm.json/Resolved_FriendGroup_normalized/attributeContext/Resolved_FriendGroup_normalized/GroupOfPeople/_generatedAttributeSet/operation/index1/operationRenameAttributes/address2/GroupOfPeople..Address2/Resolved_FriendGroup_normalized/hasAttributes/GroupOfPeople..Address2/(ref)
Resolved_FriendGroup_normalized/attributeContext/Resolved_FriendGroup_normalized/GroupOfPeople/_generatedAttributeSet/operation/index1/operationRenameAttributes/phoneNumber2
Resolved_FriendGroup_normalized/attributeContext/Resolved_FriendGroup_normalized/GroupOfPeople/_generatedAttributeSet/operation/index1/operationRenameAttributes/phoneNumber2/GroupOfPeople..PhoneNumber2
output:/Resolved_FriendGroup_normalized.cdm.json/Resolved_FriendGroup_normalized/attributeContext/Resolved_FriendGroup_normalized/GroupOfPeople/_generatedAttributeSet/operation/index1/operationRenameAttributes/phoneNumber2/GroupOfPeople..PhoneNumber2/Resolved_FriendGroup_normalized/hasAttributes/GroupOfPeople..PhoneNumber2/(ref)
Resolved_FriendGroup_normalized/attributeContext/Resolved_FriendGroup_normalized/GroupOfPeople/_generatedAttributeSet/operation/index1/operationRenameAttributes/email2
Resolved_FriendGroup_normalized/attributeContext/Resolved_FriendGroup_normalized/GroupOfPeople/_generatedAttributeSet/operation/index1/operationRenameAttributes/email2/GroupOfPeople..Email2
output:/Resolved_FriendGroup_normalized.cdm.json/Resolved_FriendGroup_normalized/attributeContext/Resolved_FriendGroup_normalized/GroupOfPeople/_generatedAttributeSet/operation/index1/operationRenameAttributes/email2/GroupOfPeople..Email2/Resolved_FriendGroup_normalized/hasAttributes/GroupOfPeople..Email2/(ref)
Resolved_FriendGroup_normalized/attributeContext/Resolved_FriendGroup_normalized/GroupOfPeople/_generatedAttributeSet/operation/index1/operationRenameAttributes/name3
Resolved_FriendGroup_normalized/attributeContext/Resolved_FriendGroup_normalized/GroupOfPeople/_generatedAttributeSet/operation/index1/operationRenameAttributes/name3/GroupOfPeople..Name3
output:/Resolved_FriendGroup_normalized.cdm.json/Resolved_FriendGroup_normalized/attributeContext/Resolved_FriendGroup_normalized/GroupOfPeople/_generatedAttributeSet/operation/index1/operationRenameAttributes/name3/GroupOfPeople..Name3/Resolved_FriendGroup_normalized/hasAttributes/GroupOfPeople..Name3/(ref)
Resolved_FriendGroup_normalized/attributeContext/Resolved_FriendGroup_normalized/GroupOfPeople/_generatedAttributeSet/operation/index1/operationRenameAttributes/age3
Resolved_FriendGroup_normalized/attributeContext/Resolved_FriendGroup_normalized/GroupOfPeople/_generatedAttributeSet/operation/index1/operationRenameAttributes/age3/GroupOfPeople..Age3
output:/Resolved_FriendGroup_normalized.cdm.json/Resolved_FriendGroup_normalized/attributeContext/Resolved_FriendGroup_normalized/GroupOfPeople/_generatedAttributeSet/operation/index1/operationRenameAttributes/age3/GroupOfPeople..Age3/Resolved_FriendGroup_normalized/hasAttributes/GroupOfPeople..Age3/(ref)
Resolved_FriendGroup_normalized/attributeContext/Resolved_FriendGroup_normalized/GroupOfPeople/_generatedAttributeSet/operation/index1/operationRenameAttributes/address3
Resolved_FriendGroup_normalized/attributeContext/Resolved_FriendGroup_normalized/GroupOfPeople/_generatedAttributeSet/operation/index1/operationRenameAttributes/address3/GroupOfPeople..Address3
output:/Resolved_FriendGroup_normalized.cdm.json/Resolved_FriendGroup_normalized/attributeContext/Resolved_FriendGroup_normalized/GroupOfPeople/_generatedAttributeSet/operation/index1/operationRenameAttributes/address3/GroupOfPeople..Address3/Resolved_FriendGroup_normalized/hasAttributes/GroupOfPeople..Address3/(ref)
Resolved_FriendGroup_normalized/attributeContext/Resolved_FriendGroup_normalized/GroupOfPeople/_generatedAttributeSet/operation/index1/operationRenameAttributes/phoneNumber3
Resolved_FriendGroup_normalized/attributeContext/Resolved_FriendGroup_normalized/GroupOfPeople/_generatedAttributeSet/operation/index1/operationRenameAttributes/phoneNumber3/GroupOfPeople..PhoneNumber3
output:/Resolved_FriendGroup_normalized.cdm.json/Resolved_FriendGroup_normalized/attributeContext/Resolved_FriendGroup_normalized/GroupOfPeople/_generatedAttributeSet/operation/index1/operationRenameAttributes/phoneNumber3/GroupOfPeople..PhoneNumber3/Resolved_FriendGroup_normalized/hasAttributes/GroupOfPeople..PhoneNumber3/(ref)
Resolved_FriendGroup_normalized/attributeContext/Resolved_FriendGroup_normalized/GroupOfPeople/_generatedAttributeSet/operation/index1/operationRenameAttributes/email3
Resolved_FriendGroup_normalized/attributeContext/Resolved_FriendGroup_normalized/GroupOfPeople/_generatedAttributeSet/operation/index1/operationRenameAttributes/email3/GroupOfPeople..Email3
output:/Resolved_FriendGroup_normalized.cdm.json/Resolved_FriendGroup_normalized/attributeContext/Resolved_FriendGroup_normalized/GroupOfPeople/_generatedAttributeSet/operation/index1/operationRenameAttributes/email3/GroupOfPeople..Email3/Resolved_FriendGroup_normalized/hasAttributes/GroupOfPeople..Email3/(ref)
output:/Resolved_FriendGroup_normalized.cdm.json/Resolved_FriendGroup_normalized/hasAttributes/GroupOfPeople..PersonCount
is.dataFormat.integer
is.linkedEntity.array.count
is.dataFormat.integer
output:/Resolved_FriendGroup_normalized.cdm.json/Resolved_FriendGroup_normalized/hasAttributes/GroupOfPeople..Name1
is.dataFormat.character
is.dataFormat.big
is.dataFormat.array
is.dataFormat.character
is.dataFormat.array
output:/Resolved_FriendGroup_normalized.cdm.json/Resolved_FriendGroup_normalized/hasAttributes/GroupOfPeople..Age1
is.dataFormat.integer
is.dataFormat.integer
output:/Resolved_FriendGroup_normalized.cdm.json/Resolved_FriendGroup_normalized/hasAttributes/GroupOfPeople..Address1
is.dataFormat.character
is.dataFormat.big
is.dataFormat.array
is.dataFormat.character
is.dataFormat.array
output:/Resolved_FriendGroup_normalized.cdm.json/Resolved_FriendGroup_normalized/hasAttributes/GroupOfPeople..PhoneNumber1
is.dataFormat.character
is.dataFormat.big
is.dataFormat.array
is.dataFormat.character
is.dataFormat.array
output:/Resolved_FriendGroup_normalized.cdm.json/Resolved_FriendGroup_normalized/hasAttributes/GroupOfPeople..Email1
is.dataFormat.character
is.dataFormat.big
is.dataFormat.array
is.dataFormat.character
is.dataFormat.array
output:/Resolved_FriendGroup_normalized.cdm.json/Resolved_FriendGroup_normalized/hasAttributes/GroupOfPeople..Name2
is.dataFormat.character
is.dataFormat.big
is.dataFormat.array
is.dataFormat.character
is.dataFormat.array
output:/Resolved_FriendGroup_normalized.cdm.json/Resolved_FriendGroup_normalized/hasAttributes/GroupOfPeople..Age2
is.dataFormat.integer
is.dataFormat.integer
output:/Resolved_FriendGroup_normalized.cdm.json/Resolved_FriendGroup_normalized/hasAttributes/GroupOfPeople..Address2
is.dataFormat.character
is.dataFormat.big
is.dataFormat.array
is.dataFormat.character
is.dataFormat.array
output:/Resolved_FriendGroup_normalized.cdm.json/Resolved_FriendGroup_normalized/hasAttributes/GroupOfPeople..PhoneNumber2
is.dataFormat.character
is.dataFormat.big
is.dataFormat.array
is.dataFormat.character
is.dataFormat.array
output:/Resolved_FriendGroup_normalized.cdm.json/Resolved_FriendGroup_normalized/hasAttributes/GroupOfPeople..Email2
is.dataFormat.character
is.dataFormat.big
is.dataFormat.array
is.dataFormat.character
is.dataFormat.array
output:/Resolved_FriendGroup_normalized.cdm.json/Resolved_FriendGroup_normalized/hasAttributes/GroupOfPeople..Name3
is.dataFormat.character
is.dataFormat.big
is.dataFormat.array
is.dataFormat.character
is.dataFormat.array
output:/Resolved_FriendGroup_normalized.cdm.json/Resolved_FriendGroup_normalized/hasAttributes/GroupOfPeople..Age3
is.dataFormat.integer
is.dataFormat.integer
output:/Resolved_FriendGroup_normalized.cdm.json/Resolved_FriendGroup_normalized/hasAttributes/GroupOfPeople..Address3
is.dataFormat.character
is.dataFormat.big
is.dataFormat.array
is.dataFormat.character
is.dataFormat.array
output:/Resolved_FriendGroup_normalized.cdm.json/Resolved_FriendGroup_normalized/hasAttributes/GroupOfPeople..PhoneNumber3
is.dataFormat.character
is.dataFormat.big
is.dataFormat.array
is.dataFormat.character
is.dataFormat.array
output:/Resolved_FriendGroup_normalized.cdm.json/Resolved_FriendGroup_normalized/hasAttributes/GroupOfPeople..Email3
is.dataFormat.character
is.dataFormat.big
is.dataFormat.array
is.dataFormat.character
is.dataFormat.array
