Resolved_ThreeMusketeers_default/attributeContext/Resolved_ThreeMusketeers_default/extends
Resolved_ThreeMusketeers_default/attributeContext/Resolved_ThreeMusketeers_default/extends/CdmEntity
Resolved_ThreeMusketeers_default/attributeContext/Resolved_ThreeMusketeers_default/ThreePeople
Resolved_ThreeMusketeers_default/attributeContext/Resolved_ThreeMusketeers_default/ThreePeople/projection
Resolved_ThreeMusketeers_default/attributeContext/Resolved_ThreeMusketeers_default/ThreePeople/projection/source
Resolved_ThreeMusketeers_default/attributeContext/Resolved_ThreeMusketeers_default/ThreePeople/projection/source/projection
Resolved_ThreeMusketeers_default/attributeContext/Resolved_ThreeMusketeers_default/ThreePeople/projection/source/projection/source
Resolved_ThreeMusketeers_default/attributeContext/Resolved_ThreeMusketeers_default/ThreePeople/projection/source/projection/source/projection
Resolved_ThreeMusketeers_default/attributeContext/Resolved_ThreeMusketeers_default/ThreePeople/projection/source/projection/source/projection/source
Resolved_ThreeMusketeers_default/attributeContext/Resolved_ThreeMusketeers_default/ThreePeople/projection/source/projection/source/projection/source/Person
Resolved_ThreeMusketeers_default/attributeContext/Resolved_ThreeMusketeers_default/ThreePeople/projection/source/projection/source/projection/source/Person/extends
Resolved_ThreeMusketeers_default/attributeContext/Resolved_ThreeMusketeers_default/ThreePeople/projection/source/projection/source/projection/source/Person/extends/CdmEntity
Resolved_ThreeMusketeers_default/attributeContext/Resolved_ThreeMusketeers_default/ThreePeople/projection/source/projection/source/projection/source/Person/name
Resolved_ThreeMusketeers_default/attributeContext/Resolved_ThreeMusketeers_default/ThreePeople/projection/source/projection/source/projection/source/Person/age
Resolved_ThreeMusketeers_default/attributeContext/Resolved_ThreeMusketeers_default/ThreePeople/projection/source/projection/source/projection/source/Person/address
Resolved_ThreeMusketeers_default/attributeContext/Resolved_ThreeMusketeers_default/ThreePeople/projection/source/projection/source/_generatedAttributeSet
Resolved_ThreeMusketeers_default/attributeContext/Resolved_ThreeMusketeers_default/ThreePeople/projection/source/projection/source/_generatedAttributeSet/operation/index1/operationArrayExpansion
Resolved_ThreeMusketeers_default/attributeContext/Resolved_ThreeMusketeers_default/ThreePeople/projection/source/projection/source/_generatedAttributeSet/operation/index1/operationArrayExpansion/_generatedAttributeRound0
Resolved_ThreeMusketeers_default/attributeContext/Resolved_ThreeMusketeers_default/ThreePeople/projection/source/projection/source/_generatedAttributeSet/operation/index1/operationArrayExpansion/_generatedAttributeRound0/name@1
Resolved_ThreeMusketeers_default/attributeContext/Resolved_ThreeMusketeers_default/ThreePeople/projection/source/projection/source/_generatedAttributeSet/operation/index1/operationArrayExpansion/_generatedAttributeRound0/age@1
Resolved_ThreeMusketeers_default/attributeContext/Resolved_ThreeMusketeers_default/ThreePeople/projection/source/projection/source/_generatedAttributeSet/operation/index1/operationArrayExpansion/_generatedAttributeRound1
Resolved_ThreeMusketeers_default/attributeContext/Resolved_ThreeMusketeers_default/ThreePeople/projection/source/projection/source/_generatedAttributeSet/operation/index1/operationArrayExpansion/_generatedAttributeRound1/name@2
Resolved_ThreeMusketeers_default/attributeContext/Resolved_ThreeMusketeers_default/ThreePeople/projection/source/projection/source/_generatedAttributeSet/operation/index1/operationArrayExpansion/_generatedAttributeRound2
Resolved_ThreeMusketeers_default/attributeContext/Resolved_ThreeMusketeers_default/ThreePeople/projection/source/projection/source/_generatedAttributeSet/operation/index1/operationArrayExpansion/_generatedAttributeRound2/name@3
Resolved_ThreeMusketeers_default/attributeContext/Resolved_ThreeMusketeers_default/ThreePeople/projection/source/_generatedAttributeSet
Resolved_ThreeMusketeers_default/attributeContext/Resolved_ThreeMusketeers_default/ThreePeople/projection/source/_generatedAttributeSet/operation/index1/operationRenameAttributes
Resolved_ThreeMusketeers_default/attributeContext/Resolved_ThreeMusketeers_default/ThreePeople/projection/source/_generatedAttributeSet/operation/index1/operationRenameAttributes/name
Resolved_ThreeMusketeers_default/attributeContext/Resolved_ThreeMusketeers_default/ThreePeople/projection/source/_generatedAttributeSet/operation/index1/operationRenameAttributes/name/name@1
Resolved_ThreeMusketeers_default/attributeContext/Resolved_ThreeMusketeers_default/ThreePeople/projection/source/_generatedAttributeSet/operation/index1/operationRenameAttributes/name/name@1/name1
Resolved_ThreeMusketeers_default/attributeContext/Resolved_ThreeMusketeers_default/ThreePeople/projection/source/_generatedAttributeSet/operation/index1/operationRenameAttributes/name/name@2
Resolved_ThreeMusketeers_default/attributeContext/Resolved_ThreeMusketeers_default/ThreePeople/projection/source/_generatedAttributeSet/operation/index1/operationRenameAttributes/name/name@2/name2
Resolved_ThreeMusketeers_default/attributeContext/Resolved_ThreeMusketeers_default/ThreePeople/projection/source/_generatedAttributeSet/operation/index1/operationRenameAttributes/name/name@3
Resolved_ThreeMusketeers_default/attributeContext/Resolved_ThreeMusketeers_default/ThreePeople/projection/source/_generatedAttributeSet/operation/index1/operationRenameAttributes/name/name@3/name3
Resolved_ThreeMusketeers_default/attributeContext/Resolved_ThreeMusketeers_default/ThreePeople/projection/source/_generatedAttributeSet/operation/index1/operationRenameAttributes/age
Resolved_ThreeMusketeers_default/attributeContext/Resolved_ThreeMusketeers_default/ThreePeople/projection/source/_generatedAttributeSet/operation/index1/operationRenameAttributes/age/age@1
Resolved_ThreeMusketeers_default/attributeContext/Resolved_ThreeMusketeers_default/ThreePeople/projection/source/_generatedAttributeSet/operation/index1/operationRenameAttributes/age/age@1/age1
Resolved_ThreeMusketeers_default/attributeContext/Resolved_ThreeMusketeers_default/ThreePeople/_generatedAttributeSet
Resolved_ThreeMusketeers_default/attributeContext/Resolved_ThreeMusketeers_default/ThreePeople/_generatedAttributeSet/operation/index1/operationIncludeAttributes
Resolved_ThreeMusketeers_default/attributeContext/Resolved_ThreeMusketeers_default/ThreePeople/_generatedAttributeSet/operation/index1/operationIncludeAttributes/name
Resolved_ThreeMusketeers_default/attributeContext/Resolved_ThreeMusketeers_default/ThreePeople/_generatedAttributeSet/operation/index1/operationIncludeAttributes/name/name1@1
Resolved_ThreeMusketeers_default/attributeContext/Resolved_ThreeMusketeers_default/ThreePeople/_generatedAttributeSet/operation/index1/operationIncludeAttributes/name/name1@1/name1
output:/Resolved_ThreeMusketeers_default.cdm.json/Resolved_ThreeMusketeers_default/attributeContext/Resolved_ThreeMusketeers_default/ThreePeople/_generatedAttributeSet/operation/index1/operationIncludeAttributes/name/name1@1/name1/Resolved_ThreeMusketeers_default/hasAttributes/name1/(ref)
Resolved_ThreeMusketeers_default/attributeContext/Resolved_ThreeMusketeers_default/ThreePeople/_generatedAttributeSet/operation/index1/operationIncludeAttributes/name/name2@2
Resolved_ThreeMusketeers_default/attributeContext/Resolved_ThreeMusketeers_default/ThreePeople/_generatedAttributeSet/operation/index1/operationIncludeAttributes/name/name2@2/name2
output:/Resolved_ThreeMusketeers_default.cdm.json/Resolved_ThreeMusketeers_default/attributeContext/Resolved_ThreeMusketeers_default/ThreePeople/_generatedAttributeSet/operation/index1/operationIncludeAttributes/name/name2@2/name2/Resolved_ThreeMusketeers_default/hasAttributes/name2/(ref)
Resolved_ThreeMusketeers_default/attributeContext/Resolved_ThreeMusketeers_default/ThreePeople/_generatedAttributeSet/operation/index1/operationIncludeAttributes/name/name3@3
Resolved_ThreeMusketeers_default/attributeContext/Resolved_ThreeMusketeers_default/ThreePeople/_generatedAttributeSet/operation/index1/operationIncludeAttributes/name/name3@3/name3
output:/Resolved_ThreeMusketeers_default.cdm.json/Resolved_ThreeMusketeers_default/attributeContext/Resolved_ThreeMusketeers_default/ThreePeople/_generatedAttributeSet/operation/index1/operationIncludeAttributes/name/name3@3/name3/Resolved_ThreeMusketeers_default/hasAttributes/name3/(ref)
Resolved_ThreeMusketeers_default/attributeContext/Resolved_ThreeMusketeers_default/ThreePeople/_generatedAttributeSet/operation/index1/operationIncludeAttributes/age1
Resolved_ThreeMusketeers_default/attributeContext/Resolved_ThreeMusketeers_default/ThreePeople/_generatedAttributeSet/operation/index1/operationIncludeAttributes/age1/age1@1
Resolved_ThreeMusketeers_default/attributeContext/Resolved_ThreeMusketeers_default/ThreePeople/_generatedAttributeSet/operation/index1/operationIncludeAttributes/age1/age1@1/age1
output:/Resolved_ThreeMusketeers_default.cdm.json/Resolved_ThreeMusketeers_default/attributeContext/Resolved_ThreeMusketeers_default/ThreePeople/_generatedAttributeSet/operation/index1/operationIncludeAttributes/age1/age1@1/age1/Resolved_ThreeMusketeers_default/hasAttributes/age1/(ref)
output:/Resolved_ThreeMusketeers_default.cdm.json/Resolved_ThreeMusketeers_default/hasAttributes/name1
is.dataFormat.character
is.dataFormat.big
is.dataFormat.array
is.dataFormat.character
is.dataFormat.array
output:/Resolved_ThreeMusketeers_default.cdm.json/Resolved_ThreeMusketeers_default/hasAttributes/age1
is.dataFormat.integer
is.dataFormat.integer
output:/Resolved_ThreeMusketeers_default.cdm.json/Resolved_ThreeMusketeers_default/hasAttributes/name2
is.dataFormat.character
is.dataFormat.big
is.dataFormat.array
is.dataFormat.character
is.dataFormat.array
output:/Resolved_ThreeMusketeers_default.cdm.json/Resolved_ThreeMusketeers_default/hasAttributes/name3
is.dataFormat.character
is.dataFormat.big
is.dataFormat.array
is.dataFormat.character
is.dataFormat.array
