Resolved_BusinessPerson_referenceOnly/attributeContext/Resolved_BusinessPerson_referenceOnly/contactAt
Resolved_BusinessPerson_referenceOnly/attributeContext/Resolved_BusinessPerson_referenceOnly/contactAt/projection
Resolved_BusinessPerson_referenceOnly/attributeContext/Resolved_BusinessPerson_referenceOnly/contactAt/projection/source
Resolved_BusinessPerson_referenceOnly/attributeContext/Resolved_BusinessPerson_referenceOnly/contactAt/projection/source/projection
Resolved_BusinessPerson_referenceOnly/attributeContext/Resolved_BusinessPerson_referenceOnly/contactAt/projection/source/projection/source
Resolved_BusinessPerson_referenceOnly/attributeContext/Resolved_BusinessPerson_referenceOnly/contactAt/projection/source/projection/source/ContactKinds
Resolved_BusinessPerson_referenceOnly/attributeContext/Resolved_BusinessPerson_referenceOnly/contactAt/projection/source/projection/source/ContactKinds/emailKind
Resolved_BusinessPerson_referenceOnly/attributeContext/Resolved_BusinessPerson_referenceOnly/contactAt/projection/source/projection/source/ContactKinds/emailKind/Email
Resolved_BusinessPerson_referenceOnly/attributeContext/Resolved_BusinessPerson_referenceOnly/contactAt/projection/source/projection/source/ContactKinds/emailKind/Email/emailId
Resolved_BusinessPerson_referenceOnly/attributeContext/Resolved_BusinessPerson_referenceOnly/contactAt/projection/source/projection/source/ContactKinds/emailKind/Email/address
Resolved_BusinessPerson_referenceOnly/attributeContext/Resolved_BusinessPerson_referenceOnly/contactAt/projection/source/projection/source/ContactKinds/emailKind/Email/isPrimary
Resolved_BusinessPerson_referenceOnly/attributeContext/Resolved_BusinessPerson_referenceOnly/contactAt/projection/source/projection/source/ContactKinds/phoneKind
Resolved_BusinessPerson_referenceOnly/attributeContext/Resolved_BusinessPerson_referenceOnly/contactAt/projection/source/projection/source/ContactKinds/phoneKind/Phone
Resolved_BusinessPerson_referenceOnly/attributeContext/Resolved_BusinessPerson_referenceOnly/contactAt/projection/source/projection/source/ContactKinds/phoneKind/Phone/phoneId
Resolved_BusinessPerson_referenceOnly/attributeContext/Resolved_BusinessPerson_referenceOnly/contactAt/projection/source/projection/source/ContactKinds/phoneKind/Phone/number
Resolved_BusinessPerson_referenceOnly/attributeContext/Resolved_BusinessPerson_referenceOnly/contactAt/projection/source/projection/source/ContactKinds/phoneKind/Phone/isPrimary
Resolved_BusinessPerson_referenceOnly/attributeContext/Resolved_BusinessPerson_referenceOnly/contactAt/_generatedAttributeSet
Resolved_BusinessPerson_referenceOnly/attributeContext/Resolved_BusinessPerson_referenceOnly/contactAt/_generatedAttributeSet/operation/index1/operationRenameAttributes
Resolved_BusinessPerson_referenceOnly/attributeContext/Resolved_BusinessPerson_referenceOnly/contactAt/_generatedAttributeSet/operation/index1/operationRenameAttributes/emailId
Resolved_BusinessPerson_referenceOnly/attributeContext/Resolved_BusinessPerson_referenceOnly/contactAt/_generatedAttributeSet/operation/index1/operationRenameAttributes/emailId/emailId@1
Resolved_BusinessPerson_referenceOnly/attributeContext/Resolved_BusinessPerson_referenceOnly/contactAt/_generatedAttributeSet/operation/index1/operationRenameAttributes/emailId/emailId@1/emailId1
output:/Resolved_BusinessPerson_referenceOnly.cdm.json/Resolved_BusinessPerson_referenceOnly/attributeContext/Resolved_BusinessPerson_referenceOnly/contactAt/_generatedAttributeSet/operation/index1/operationRenameAttributes/emailId/emailId@1/emailId1/Resolved_BusinessPerson_referenceOnly/hasAttributes/emailId1/(ref)
Resolved_BusinessPerson_referenceOnly/attributeContext/Resolved_BusinessPerson_referenceOnly/contactAt/_generatedAttributeSet/operation/index1/operationRenameAttributes/emailId/emailId@2
Resolved_BusinessPerson_referenceOnly/attributeContext/Resolved_BusinessPerson_referenceOnly/contactAt/_generatedAttributeSet/operation/index1/operationRenameAttributes/emailId/emailId@2/emailId2
output:/Resolved_BusinessPerson_referenceOnly.cdm.json/Resolved_BusinessPerson_referenceOnly/attributeContext/Resolved_BusinessPerson_referenceOnly/contactAt/_generatedAttributeSet/operation/index1/operationRenameAttributes/emailId/emailId@2/emailId2/Resolved_BusinessPerson_referenceOnly/hasAttributes/emailId2/(ref)
Resolved_BusinessPerson_referenceOnly/attributeContext/Resolved_BusinessPerson_referenceOnly/contactAt/_generatedAttributeSet/operation/index1/operationRenameAttributes/address
Resolved_BusinessPerson_referenceOnly/attributeContext/Resolved_BusinessPerson_referenceOnly/contactAt/_generatedAttributeSet/operation/index1/operationRenameAttributes/address/address@1
Resolved_BusinessPerson_referenceOnly/attributeContext/Resolved_BusinessPerson_referenceOnly/contactAt/_generatedAttributeSet/operation/index1/operationRenameAttributes/address/address@1/address1
output:/Resolved_BusinessPerson_referenceOnly.cdm.json/Resolved_BusinessPerson_referenceOnly/attributeContext/Resolved_BusinessPerson_referenceOnly/contactAt/_generatedAttributeSet/operation/index1/operationRenameAttributes/address/address@1/address1/Resolved_BusinessPerson_referenceOnly/hasAttributes/address1/(ref)
Resolved_BusinessPerson_referenceOnly/attributeContext/Resolved_BusinessPerson_referenceOnly/contactAt/_generatedAttributeSet/operation/index1/operationRenameAttributes/address/address@2
Resolved_BusinessPerson_referenceOnly/attributeContext/Resolved_BusinessPerson_referenceOnly/contactAt/_generatedAttributeSet/operation/index1/operationRenameAttributes/address/address@2/address2
output:/Resolved_BusinessPerson_referenceOnly.cdm.json/Resolved_BusinessPerson_referenceOnly/attributeContext/Resolved_BusinessPerson_referenceOnly/contactAt/_generatedAttributeSet/operation/index1/operationRenameAttributes/address/address@2/address2/Resolved_BusinessPerson_referenceOnly/hasAttributes/address2/(ref)
Resolved_BusinessPerson_referenceOnly/attributeContext/Resolved_BusinessPerson_referenceOnly/contactAt/_generatedAttributeSet/operation/index1/operationRenameAttributes/isPrimary
Resolved_BusinessPerson_referenceOnly/attributeContext/Resolved_BusinessPerson_referenceOnly/contactAt/_generatedAttributeSet/operation/index1/operationRenameAttributes/isPrimary/isPrimary@1
Resolved_BusinessPerson_referenceOnly/attributeContext/Resolved_BusinessPerson_referenceOnly/contactAt/_generatedAttributeSet/operation/index1/operationRenameAttributes/isPrimary/isPrimary@1/isPrimary1
output:/Resolved_BusinessPerson_referenceOnly.cdm.json/Resolved_BusinessPerson_referenceOnly/attributeContext/Resolved_BusinessPerson_referenceOnly/contactAt/_generatedAttributeSet/operation/index1/operationRenameAttributes/isPrimary/isPrimary@1/isPrimary1/Resolved_BusinessPerson_referenceOnly/hasAttributes/isPrimary1/(ref)
Resolved_BusinessPerson_referenceOnly/attributeContext/Resolved_BusinessPerson_referenceOnly/contactAt/_generatedAttributeSet/operation/index1/operationRenameAttributes/isPrimary/isPrimary@2
Resolved_BusinessPerson_referenceOnly/attributeContext/Resolved_BusinessPerson_referenceOnly/contactAt/_generatedAttributeSet/operation/index1/operationRenameAttributes/isPrimary/isPrimary@2/isPrimary2
output:/Resolved_BusinessPerson_referenceOnly.cdm.json/Resolved_BusinessPerson_referenceOnly/attributeContext/Resolved_BusinessPerson_referenceOnly/contactAt/_generatedAttributeSet/operation/index1/operationRenameAttributes/isPrimary/isPrimary@2/isPrimary2/Resolved_BusinessPerson_referenceOnly/hasAttributes/isPrimary2/(ref)
Resolved_BusinessPerson_referenceOnly/attributeContext/Resolved_BusinessPerson_referenceOnly/contactAt/_generatedAttributeSet/operation/index1/operationRenameAttributes/phoneId
Resolved_BusinessPerson_referenceOnly/attributeContext/Resolved_BusinessPerson_referenceOnly/contactAt/_generatedAttributeSet/operation/index1/operationRenameAttributes/phoneId/phoneId@1
Resolved_BusinessPerson_referenceOnly/attributeContext/Resolved_BusinessPerson_referenceOnly/contactAt/_generatedAttributeSet/operation/index1/operationRenameAttributes/phoneId/phoneId@1/phoneId1
output:/Resolved_BusinessPerson_referenceOnly.cdm.json/Resolved_BusinessPerson_referenceOnly/attributeContext/Resolved_BusinessPerson_referenceOnly/contactAt/_generatedAttributeSet/operation/index1/operationRenameAttributes/phoneId/phoneId@1/phoneId1/Resolved_BusinessPerson_referenceOnly/hasAttributes/phoneId1/(ref)
Resolved_BusinessPerson_referenceOnly/attributeContext/Resolved_BusinessPerson_referenceOnly/contactAt/_generatedAttributeSet/operation/index1/operationRenameAttributes/phoneId/phoneId@2
Resolved_BusinessPerson_referenceOnly/attributeContext/Resolved_BusinessPerson_referenceOnly/contactAt/_generatedAttributeSet/operation/index1/operationRenameAttributes/phoneId/phoneId@2/phoneId2
output:/Resolved_BusinessPerson_referenceOnly.cdm.json/Resolved_BusinessPerson_referenceOnly/attributeContext/Resolved_BusinessPerson_referenceOnly/contactAt/_generatedAttributeSet/operation/index1/operationRenameAttributes/phoneId/phoneId@2/phoneId2/Resolved_BusinessPerson_referenceOnly/hasAttributes/phoneId2/(ref)
Resolved_BusinessPerson_referenceOnly/attributeContext/Resolved_BusinessPerson_referenceOnly/contactAt/_generatedAttributeSet/operation/index1/operationRenameAttributes/number
Resolved_BusinessPerson_referenceOnly/attributeContext/Resolved_BusinessPerson_referenceOnly/contactAt/_generatedAttributeSet/operation/index1/operationRenameAttributes/number/number@1
Resolved_BusinessPerson_referenceOnly/attributeContext/Resolved_BusinessPerson_referenceOnly/contactAt/_generatedAttributeSet/operation/index1/operationRenameAttributes/number/number@1/number1
output:/Resolved_BusinessPerson_referenceOnly.cdm.json/Resolved_BusinessPerson_referenceOnly/attributeContext/Resolved_BusinessPerson_referenceOnly/contactAt/_generatedAttributeSet/operation/index1/operationRenameAttributes/number/number@1/number1/Resolved_BusinessPerson_referenceOnly/hasAttributes/number1/(ref)
Resolved_BusinessPerson_referenceOnly/attributeContext/Resolved_BusinessPerson_referenceOnly/contactAt/_generatedAttributeSet/operation/index1/operationRenameAttributes/number/number@2
Resolved_BusinessPerson_referenceOnly/attributeContext/Resolved_BusinessPerson_referenceOnly/contactAt/_generatedAttributeSet/operation/index1/operationRenameAttributes/number/number@2/number2
output:/Resolved_BusinessPerson_referenceOnly.cdm.json/Resolved_BusinessPerson_referenceOnly/attributeContext/Resolved_BusinessPerson_referenceOnly/contactAt/_generatedAttributeSet/operation/index1/operationRenameAttributes/number/number@2/number2/Resolved_BusinessPerson_referenceOnly/hasAttributes/number2/(ref)
output:/Resolved_BusinessPerson_referenceOnly.cdm.json/Resolved_BusinessPerson_referenceOnly/hasAttributes/emailId1
is.dataFormat.integer
is.identifiedBy
  [Parameter (Name / DefaultValue): attribute / this.attribute]
  [Argument Value: Resolved_BusinessPerson_referenceOnly/(resolvedAttributes)/emailId]
is.dataFormat.integer
output:/Resolved_BusinessPerson_referenceOnly.cdm.json/Resolved_BusinessPerson_referenceOnly/hasAttributes/address1
is.dataFormat.character
is.dataFormat.big
is.dataFormat.array
is.dataFormat.character
is.dataFormat.array
output:/Resolved_BusinessPerson_referenceOnly.cdm.json/Resolved_BusinessPerson_referenceOnly/hasAttributes/isPrimary1
is.dataFormat.boolean
is.dataFormat.boolean
output:/Resolved_BusinessPerson_referenceOnly.cdm.json/Resolved_BusinessPerson_referenceOnly/hasAttributes/phoneId1
is.dataFormat.integer
is.identifiedBy
  [Parameter (Name / DefaultValue): attribute / this.attribute]
  [Argument Value: Resolved_BusinessPerson_referenceOnly/(resolvedAttributes)/phoneId]
is.dataFormat.integer
output:/Resolved_BusinessPerson_referenceOnly.cdm.json/Resolved_BusinessPerson_referenceOnly/hasAttributes/number1
is.dataFormat.character
is.dataFormat.big
is.dataFormat.array
is.dataFormat.character
is.dataFormat.array
output:/Resolved_BusinessPerson_referenceOnly.cdm.json/Resolved_BusinessPerson_referenceOnly/hasAttributes/emailId2
is.dataFormat.integer
is.identifiedBy
  [Parameter (Name / DefaultValue): attribute / this.attribute]
  [Argument Value: Resolved_BusinessPerson_referenceOnly/(resolvedAttributes)/emailId]
is.dataFormat.integer
output:/Resolved_BusinessPerson_referenceOnly.cdm.json/Resolved_BusinessPerson_referenceOnly/hasAttributes/address2
is.dataFormat.character
is.dataFormat.big
is.dataFormat.array
is.dataFormat.character
is.dataFormat.array
output:/Resolved_BusinessPerson_referenceOnly.cdm.json/Resolved_BusinessPerson_referenceOnly/hasAttributes/isPrimary2
is.dataFormat.boolean
is.dataFormat.boolean
output:/Resolved_BusinessPerson_referenceOnly.cdm.json/Resolved_BusinessPerson_referenceOnly/hasAttributes/phoneId2
is.dataFormat.integer
is.identifiedBy
  [Parameter (Name / DefaultValue): attribute / this.attribute]
  [Argument Value: Resolved_BusinessPerson_referenceOnly/(resolvedAttributes)/phoneId]
is.dataFormat.integer
output:/Resolved_BusinessPerson_referenceOnly.cdm.json/Resolved_BusinessPerson_referenceOnly/hasAttributes/number2
is.dataFormat.character
is.dataFormat.big
is.dataFormat.array
is.dataFormat.character
is.dataFormat.array
