Resolved_Child_referenceOnly_normalized_structured/attributeContext/Resolved_Child_referenceOnly_normalized_structured/extends
Resolved_Child_referenceOnly_normalized_structured/attributeContext/Resolved_Child_referenceOnly_normalized_structured/extends/projection
Resolved_Child_referenceOnly_normalized_structured/attributeContext/Resolved_Child_referenceOnly_normalized_structured/extends/projection/source
Resolved_Child_referenceOnly_normalized_structured/attributeContext/Resolved_Child_referenceOnly_normalized_structured/extends/projection/source/Person
Resolved_Child_referenceOnly_normalized_structured/attributeContext/Resolved_Child_referenceOnly_normalized_structured/extends/projection/source/Person/extends
Resolved_Child_referenceOnly_normalized_structured/attributeContext/Resolved_Child_referenceOnly_normalized_structured/extends/projection/source/Person/extends/CdmEntity
Resolved_Child_referenceOnly_normalized_structured/attributeContext/Resolved_Child_referenceOnly_normalized_structured/extends/projection/source/Person/name
Resolved_Child_referenceOnly_normalized_structured/attributeContext/Resolved_Child_referenceOnly_normalized_structured/extends/projection/source/Person/age
Resolved_Child_referenceOnly_normalized_structured/attributeContext/Resolved_Child_referenceOnly_normalized_structured/extends/projection/source/Person/address
Resolved_Child_referenceOnly_normalized_structured/attributeContext/Resolved_Child_referenceOnly_normalized_structured/extends/projection/source/Person/phoneNumber
Resolved_Child_referenceOnly_normalized_structured/attributeContext/Resolved_Child_referenceOnly_normalized_structured/extends/projection/source/Person/email
Resolved_Child_referenceOnly_normalized_structured/attributeContext/Resolved_Child_referenceOnly_normalized_structured/extends/_generatedAttributeSet
Resolved_Child_referenceOnly_normalized_structured/attributeContext/Resolved_Child_referenceOnly_normalized_structured/extends/_generatedAttributeSet/operation/index1/operationAddAttributeGroup
Resolved_Child_referenceOnly_normalized_structured/attributeContext/Resolved_Child_referenceOnly_normalized_structured/extends/_generatedAttributeSet/operation/index1/operationAddAttributeGroup/ChildAttributeGroup
Resolved_Child_referenceOnly_normalized_structured/attributeContext/Resolved_Child_referenceOnly_normalized_structured/extends/_generatedAttributeSet/operation/index1/operationAddAttributeGroup/ChildAttributeGroup/name
output:/Resolved_Child_referenceOnly_normalized_structured.cdm.json/Resolved_Child_referenceOnly_normalized_structured/attributeContext/Resolved_Child_referenceOnly_normalized_structured/extends/_generatedAttributeSet/operation/index1/operationAddAttributeGroup/ChildAttributeGroup/name/Resolved_Child_referenceOnly_normalized_structured/hasAttributes/ChildAttributeGroup/members/name/(ref)
Resolved_Child_referenceOnly_normalized_structured/attributeContext/Resolved_Child_referenceOnly_normalized_structured/extends/_generatedAttributeSet/operation/index1/operationAddAttributeGroup/ChildAttributeGroup/age
output:/Resolved_Child_referenceOnly_normalized_structured.cdm.json/Resolved_Child_referenceOnly_normalized_structured/attributeContext/Resolved_Child_referenceOnly_normalized_structured/extends/_generatedAttributeSet/operation/index1/operationAddAttributeGroup/ChildAttributeGroup/age/Resolved_Child_referenceOnly_normalized_structured/hasAttributes/ChildAttributeGroup/members/age/(ref)
Resolved_Child_referenceOnly_normalized_structured/attributeContext/Resolved_Child_referenceOnly_normalized_structured/extends/_generatedAttributeSet/operation/index1/operationAddAttributeGroup/ChildAttributeGroup/address
output:/Resolved_Child_referenceOnly_normalized_structured.cdm.json/Resolved_Child_referenceOnly_normalized_structured/attributeContext/Resolved_Child_referenceOnly_normalized_structured/extends/_generatedAttributeSet/operation/index1/operationAddAttributeGroup/ChildAttributeGroup/address/Resolved_Child_referenceOnly_normalized_structured/hasAttributes/ChildAttributeGroup/members/address/(ref)
Resolved_Child_referenceOnly_normalized_structured/attributeContext/Resolved_Child_referenceOnly_normalized_structured/extends/_generatedAttributeSet/operation/index1/operationAddAttributeGroup/ChildAttributeGroup/phoneNumber
output:/Resolved_Child_referenceOnly_normalized_structured.cdm.json/Resolved_Child_referenceOnly_normalized_structured/attributeContext/Resolved_Child_referenceOnly_normalized_structured/extends/_generatedAttributeSet/operation/index1/operationAddAttributeGroup/ChildAttributeGroup/phoneNumber/Resolved_Child_referenceOnly_normalized_structured/hasAttributes/ChildAttributeGroup/members/phoneNumber/(ref)
Resolved_Child_referenceOnly_normalized_structured/attributeContext/Resolved_Child_referenceOnly_normalized_structured/extends/_generatedAttributeSet/operation/index1/operationAddAttributeGroup/ChildAttributeGroup/email
output:/Resolved_Child_referenceOnly_normalized_structured.cdm.json/Resolved_Child_referenceOnly_normalized_structured/attributeContext/Resolved_Child_referenceOnly_normalized_structured/extends/_generatedAttributeSet/operation/index1/operationAddAttributeGroup/ChildAttributeGroup/email/Resolved_Child_referenceOnly_normalized_structured/hasAttributes/ChildAttributeGroup/members/email/(ref)
output:/Resolved_Child_referenceOnly_normalized_structured.cdm.json/Resolved_Child_referenceOnly_normalized_structured/hasAttributes/ChildAttributeGroup/(ref)
