{
  "jsonSchemaSemanticVersion": "1.1.0",
  "imports": [
    {
      "corpusPath": "local:/Color.cdm.json",
      "moniker": "resolvedFrom"
    }
  ],
  "definitions": [
    {
      "entityName": "Resolved_Color_referenceOnly_structured",
      "attributeContext": {
        "type": "entity",
        "name": "Resolved_Color_referenceOnly_structured",
        "definition": "resolvedFrom/Color",
        "contents": [
          {
            "type": "entityReferenceExtends",
            "name": "extends",
            "parent": "Resolved_Color_referenceOnly_structured/attributeContext/Resolved_Color_referenceOnly_structured",
            "contents": [
              {
                "type": "projection",
                "name": "projection",
                "parent": "Resolved_Color_referenceOnly_structured/attributeContext/Resolved_Color_referenceOnly_structured/extends",
                "definition": "resolvedFrom/Color/extendsEntity/projection",
                "contents": [
                  {
                    "type": "source",
                    "name": "source",
                    "parent": "Resolved_Color_referenceOnly_structured/attributeContext/Resolved_Color_referenceOnly_structured/extends/projection",
                    "contents": [
                      {
                        "type": "entity",
                        "name": "RGB",
                        "parent": "Resolved_Color_referenceOnly_structured/attributeContext/Resolved_Color_referenceOnly_structured/extends/projection/source",
                        "definition": "resolvedFrom/RGB",
                        "contents": [
                          {
                            "type": "attributeDefinition",
                            "name": "IsGrayscale",
                            "parent": "Resolved_Color_referenceOnly_structured/attributeContext/Resolved_Color_referenceOnly_structured/extends/projection/source/RGB",
                            "definition": "resolvedFrom/RGB/hasAttributes/IsGrayscale"
                          },
                          {
                            "type": "attributeDefinition",
                            "name": "Red",
                            "parent": "Resolved_Color_referenceOnly_structured/attributeContext/Resolved_Color_referenceOnly_structured/extends/projection/source/RGB",
                            "definition": "resolvedFrom/RGB/hasAttributes/Red",
                            "contents": [
                              "Resolved_Color_referenceOnly_structured/hasAttributes/Red"
                            ]
                          },
                          {
                            "type": "attributeDefinition",
                            "name": "Green",
                            "parent": "Resolved_Color_referenceOnly_structured/attributeContext/Resolved_Color_referenceOnly_structured/extends/projection/source/RGB",
                            "definition": "resolvedFrom/RGB/hasAttributes/Green",
                            "contents": [
                              "Resolved_Color_referenceOnly_structured/hasAttributes/Green"
                            ]
                          },
                          {
                            "type": "attributeDefinition",
                            "name": "Blue",
                            "parent": "Resolved_Color_referenceOnly_structured/attributeContext/Resolved_Color_referenceOnly_structured/extends/projection/source/RGB",
                            "definition": "resolvedFrom/RGB/hasAttributes/Blue",
                            "contents": [
                              "Resolved_Color_referenceOnly_structured/hasAttributes/Blue"
                            ]
                          }
                        ]
                      }
                    ]
                  }
                ]
              }
            ]
          },
          {
            "type": "attributeDefinition",
            "name": "ColorName",
            "parent": "Resolved_Color_referenceOnly_structured/attributeContext/Resolved_Color_referenceOnly_structured",
            "definition": "resolvedFrom/Color/hasAttributes/ColorName",
            "contents": [
              "Resolved_Color_referenceOnly_structured/hasAttributes/ColorName"
            ]
          }
        ]
      },
      "hasAttributes": [
        {
          "name": "Red",
          "appliedTraits": [
            "is.dataFormat.character",
            "is.dataFormat.big",
            "is.dataFormat.array"
          ],
          "attributeContext": "Resolved_Color_referenceOnly_structured/attributeContext/Resolved_Color_referenceOnly_structured/extends/projection/source/RGB/Red",
          "dataFormat": "String"
        },
        {
          "name": "Green",
          "appliedTraits": [
            "is.dataFormat.character",
            "is.dataFormat.big",
            "is.dataFormat.array"
          ],
          "attributeContext": "Resolved_Color_referenceOnly_structured/attributeContext/Resolved_Color_referenceOnly_structured/extends/projection/source/RGB/Green",
          "dataFormat": "String"
        },
        {
          "name": "Blue",
          "appliedTraits": [
            "is.dataFormat.character",
            "is.dataFormat.big",
            "is.dataFormat.array"
          ],
          "attributeContext": "Resolved_Color_referenceOnly_structured/attributeContext/Resolved_Color_referenceOnly_structured/extends/projection/source/RGB/Blue",
          "dataFormat": "String"
        },
        {
          "name": "ColorName",
          "appliedTraits": [
            "is.dataFormat.character",
            "is.dataFormat.big",
            "is.dataFormat.array"
          ],
          "attributeContext": "Resolved_Color_referenceOnly_structured/attributeContext/Resolved_Color_referenceOnly_structured/ColorName",
          "isPrimaryKey": true,
          "dataFormat": "String"
        }
      ]
    }
  ]
}