{
  "jsonSchemaSemanticVersion": "1.1.0",
  "imports": [
    {
      "corpusPath": "local:/Customer.cdm.json",
      "moniker": "resolvedFrom"
    }
  ],
  "definitions": [
    {
      "entityName": "Resolved_Customer_default",
      "attributeContext": {
        "type": "entity",
        "name": "Resolved_Customer_default",
        "definition": "resolvedFrom/Customer",
        "contents": [
          {
            "type": "entityReferenceExtends",
            "name": "extends",
            "parent": "Resolved_Customer_default/attributeContext/Resolved_Customer_default",
            "contents": [
              {
                "type": "generatedSet",
                "name": "_generatedAttributeSet",
                "parent": "Resolved_Customer_default/attributeContext/Resolved_Customer_default/extends",
                "contents": [
                  {
                    "type": "operationCombineAttributes",
                    "name": "operation/index1/operationCombineAttributes",
                    "parent": "Resolved_Customer_default/attributeContext/Resolved_Customer_default/extends/_generatedAttributeSet",
                    "contents": [
                      {
                        "type": "attributeDefinition",
                        "name": "SocialID",
                        "parent": "Resolved_Customer_default/attributeContext/Resolved_Customer_default/extends/_generatedAttributeSet/operation/index1/operationCombineAttributes",
                        "contents": [
                          {
                            "type": "attributeDefinition",
                            "name": "ContactID",
                            "parent": "Resolved_Customer_default/attributeContext/Resolved_Customer_default/extends/_generatedAttributeSet/operation/index1/operationCombineAttributes/SocialID",
                            "contents": [
                              "Resolved_Customer_default/hasAttributes/ContactID"
                            ]
                          }
                        ]
                      }
                    ]
                  }
                ]
              },
              {
                "type": "projection",
                "name": "projection",
                "parent": "Resolved_Customer_default/attributeContext/Resolved_Customer_default/extends",
                "definition": "resolvedFrom/Customer/extendsEntity/projection",
                "contents": [
                  {
                    "type": "source",
                    "name": "source",
                    "parent": "Resolved_Customer_default/attributeContext/Resolved_Customer_default/extends/projection",
                    "contents": [
                      {
                        "type": "entity",
                        "name": "ContactInfo",
                        "parent": "Resolved_Customer_default/attributeContext/Resolved_Customer_default/extends/projection/source",
                        "definition": "resolvedFrom/ContactInfo",
                        "contents": [
                          {
                            "type": "attributeDefinition",
                            "name": "EmailInfo",
                            "parent": "Resolved_Customer_default/attributeContext/Resolved_Customer_default/extends/projection/source/ContactInfo",
                            "definition": "resolvedFrom/ContactInfo/hasAttributes/EmailInfo",
                            "contents": [
                              {
                                "type": "entity",
                                "name": "Email",
                                "parent": "Resolved_Customer_default/attributeContext/Resolved_Customer_default/extends/projection/source/ContactInfo/EmailInfo",
                                "definition": "resolvedFrom/Email",
                                "contents": [
                                  {
                                    "type": "attributeDefinition",
                                    "name": "EmailID",
                                    "parent": "Resolved_Customer_default/attributeContext/Resolved_Customer_default/extends/projection/source/ContactInfo/EmailInfo/Email",
                                    "definition": "resolvedFrom/Email/hasAttributes/EmailID"
                                  },
                                  {
                                    "type": "attributeDefinition",
                                    "name": "Address",
                                    "parent": "Resolved_Customer_default/attributeContext/Resolved_Customer_default/extends/projection/source/ContactInfo/EmailInfo/Email",
                                    "definition": "resolvedFrom/Email/hasAttributes/Address",
                                    "contents": [
                                      "Resolved_Customer_default/hasAttributes/Address"
                                    ]
                                  },
                                  {
                                    "type": "attributeDefinition",
                                    "name": "IsPrimary",
                                    "parent": "Resolved_Customer_default/attributeContext/Resolved_Customer_default/extends/projection/source/ContactInfo/EmailInfo/Email",
                                    "definition": "resolvedFrom/Email/hasAttributes/IsPrimary",
                                    "contents": [
                                      "Resolved_Customer_default/hasAttributes/IsPrimary"
                                    ]
                                  }
                                ]
                              }
                            ]
                          },
                          {
                            "type": "attributeDefinition",
                            "name": "PhoneInfo",
                            "parent": "Resolved_Customer_default/attributeContext/Resolved_Customer_default/extends/projection/source/ContactInfo",
                            "definition": "resolvedFrom/ContactInfo/hasAttributes/PhoneInfo",
                            "contents": [
                              {
                                "type": "entity",
                                "name": "Phone",
                                "parent": "Resolved_Customer_default/attributeContext/Resolved_Customer_default/extends/projection/source/ContactInfo/PhoneInfo",
                                "definition": "resolvedFrom/Phone",
                                "contents": [
                                  {
                                    "type": "attributeDefinition",
                                    "name": "PhoneID",
                                    "parent": "Resolved_Customer_default/attributeContext/Resolved_Customer_default/extends/projection/source/ContactInfo/PhoneInfo/Phone",
                                    "definition": "resolvedFrom/Phone/hasAttributes/PhoneID"
                                  },
                                  {
                                    "type": "attributeDefinition",
                                    "name": "IsPrimary",
                                    "parent": "Resolved_Customer_default/attributeContext/Resolved_Customer_default/extends/projection/source/ContactInfo/PhoneInfo/Phone",
                                    "definition": "resolvedFrom/Phone/hasAttributes/IsPrimary"
                                  },
                                  {
                                    "type": "attributeDefinition",
                                    "name": "Number",
                                    "parent": "Resolved_Customer_default/attributeContext/Resolved_Customer_default/extends/projection/source/ContactInfo/PhoneInfo/Phone",
                                    "definition": "resolvedFrom/Phone/hasAttributes/Number",
                                    "contents": [
                                      "Resolved_Customer_default/hasAttributes/Number"
                                    ]
                                  }
                                ]
                              }
                            ]
                          },
                          {
                            "type": "attributeDefinition",
                            "name": "SocialInfo",
                            "parent": "Resolved_Customer_default/attributeContext/Resolved_Customer_default/extends/projection/source/ContactInfo",
                            "definition": "resolvedFrom/ContactInfo/hasAttributes/SocialInfo",
                            "contents": [
                              {
                                "type": "entity",
                                "name": "Social",
                                "parent": "Resolved_Customer_default/attributeContext/Resolved_Customer_default/extends/projection/source/ContactInfo/SocialInfo",
                                "definition": "resolvedFrom/Social",
                                "contents": [
                                  {
                                    "type": "attributeDefinition",
                                    "name": "SocialID",
                                    "parent": "Resolved_Customer_default/attributeContext/Resolved_Customer_default/extends/projection/source/ContactInfo/SocialInfo/Social",
                                    "definition": "resolvedFrom/Social/hasAttributes/SocialID"
                                  },
                                  {
                                    "type": "attributeDefinition",
                                    "name": "IsPrimary",
                                    "parent": "Resolved_Customer_default/attributeContext/Resolved_Customer_default/extends/projection/source/ContactInfo/SocialInfo/Social",
                                    "definition": "resolvedFrom/Social/hasAttributes/IsPrimary"
                                  },
                                  {
                                    "type": "attributeDefinition",
                                    "name": "Account",
                                    "parent": "Resolved_Customer_default/attributeContext/Resolved_Customer_default/extends/projection/source/ContactInfo/SocialInfo/Social",
                                    "definition": "resolvedFrom/Social/hasAttributes/Account",
                                    "contents": [
                                      "Resolved_Customer_default/hasAttributes/Account"
                                    ]
                                  }
                                ]
                              }
                            ]
                          }
                        ]
                      }
                    ]
                  }
                ]
              }
            ]
          },
          {
            "type": "attributeDefinition",
            "name": "CustomerName",
            "parent": "Resolved_Customer_default/attributeContext/Resolved_Customer_default",
            "definition": "resolvedFrom/Customer/hasAttributes/CustomerName",
            "contents": [
              "Resolved_Customer_default/hasAttributes/CustomerName"
            ]
          }
        ]
      },
      "hasAttributes": [
        {
          "name": "Address",
          "appliedTraits": [
            "is.dataFormat.character",
            "is.dataFormat.big",
            "is.dataFormat.array"
          ],
          "attributeContext": "Resolved_Customer_default/attributeContext/Resolved_Customer_default/extends/projection/source/ContactInfo/EmailInfo/Email/Address",
          "dataFormat": "String"
        },
        {
          "name": "IsPrimary",
          "appliedTraits": [
            "is.dataFormat.boolean"
          ],
          "attributeContext": "Resolved_Customer_default/attributeContext/Resolved_Customer_default/extends/projection/source/ContactInfo/EmailInfo/Email/IsPrimary",
          "dataFormat": "Boolean"
        },
        {
          "name": "Number",
          "appliedTraits": [
            "is.dataFormat.character",
            "is.dataFormat.big",
            "is.dataFormat.array"
          ],
          "attributeContext": "Resolved_Customer_default/attributeContext/Resolved_Customer_default/extends/projection/source/ContactInfo/PhoneInfo/Phone/Number",
          "dataFormat": "String"
        },
        {
          "name": "Account",
          "appliedTraits": [
            "is.dataFormat.character",
            "is.dataFormat.big",
            "is.dataFormat.array"
          ],
          "attributeContext": "Resolved_Customer_default/attributeContext/Resolved_Customer_default/extends/projection/source/ContactInfo/SocialInfo/Social/Account",
          "dataFormat": "String"
        },
        {
          "name": "ContactID",
          "appliedTraits": [
            "is.dataFormat.character",
            "is.dataFormat.big",
            "is.dataFormat.array",
            "is.dataFormat.guid",
            "means.identity.entityId",
            {
              "traitReference": "is.linkedEntity.identifier",
              "arguments": [
                {
                  "entityReference": {
                    "entityShape": "entityGroupSet",
                    "constantValues": [
                      [
                        "Email.cdm.json/Email",
                        "EmailID",
                        "_Email"
                      ],
                      [
                        "Phone.cdm.json/Phone",
                        "PhoneID",
                        "_Phone"
                      ],
                      [
                        "Social.cdm.json/Social",
                        "SocialID",
                        "_Social"
                      ]
                    ]
                  }
                }
              ]
            }
          ],
          "attributeContext": "Resolved_Customer_default/attributeContext/Resolved_Customer_default/extends/_generatedAttributeSet/operation/index1/operationCombineAttributes/SocialID/ContactID",
          "dataFormat": "Guid"
        },
        {
          "name": "CustomerName",
          "appliedTraits": [
            "is.dataFormat.character",
            "is.dataFormat.big",
            "is.dataFormat.array"
          ],
          "attributeContext": "Resolved_Customer_default/attributeContext/Resolved_Customer_default/CustomerName",
          "dataFormat": "String"
        }
      ]
    }
  ]
}