Resolved_ThreeMusketeers_referenceOnly_structured/attributeContext/Resolved_ThreeMusketeers_referenceOnly_structured/extends
Resolved_ThreeMusketeers_referenceOnly_structured/attributeContext/Resolved_ThreeMusketeers_referenceOnly_structured/extends/CdmEntity
Resolved_ThreeMusketeers_referenceOnly_structured/attributeContext/Resolved_ThreeMusketeers_referenceOnly_structured/ThreePeople
Resolved_ThreeMusketeers_referenceOnly_structured/attributeContext/Resolved_ThreeMusketeers_referenceOnly_structured/ThreePeople/Person
Resolved_ThreeMusketeers_referenceOnly_structured/attributeContext/Resolved_ThreeMusketeers_referenceOnly_structured/ThreePeople/Person/extends
Resolved_ThreeMusketeers_referenceOnly_structured/attributeContext/Resolved_ThreeMusketeers_referenceOnly_structured/ThreePeople/Person/extends/CdmEntity
Resolved_ThreeMusketeers_referenceOnly_structured/attributeContext/Resolved_ThreeMusketeers_referenceOnly_structured/ThreePeople/Person/name
output:/Resolved_ThreeMusketeers_referenceOnly_structured.cdm.json/Resolved_ThreeMusketeers_referenceOnly_structured/attributeContext/Resolved_ThreeMusketeers_referenceOnly_structured/ThreePeople/Person/name/Resolved_ThreeMusketeers_referenceOnly_structured/hasAttributes/ThreePeople/members/name/(ref)
Resolved_ThreeMusketeers_referenceOnly_structured/attributeContext/Resolved_ThreeMusketeers_referenceOnly_structured/ThreePeople/Person/age
output:/Resolved_ThreeMusketeers_referenceOnly_structured.cdm.json/Resolved_ThreeMusketeers_referenceOnly_structured/attributeContext/Resolved_ThreeMusketeers_referenceOnly_structured/ThreePeople/Person/age/Resolved_ThreeMusketeers_referenceOnly_structured/hasAttributes/ThreePeople/members/age/(ref)
Resolved_ThreeMusketeers_referenceOnly_structured/attributeContext/Resolved_ThreeMusketeers_referenceOnly_structured/ThreePeople/Person/address
output:/Resolved_ThreeMusketeers_referenceOnly_structured.cdm.json/Resolved_ThreeMusketeers_referenceOnly_structured/attributeContext/Resolved_ThreeMusketeers_referenceOnly_structured/ThreePeople/Person/address/Resolved_ThreeMusketeers_referenceOnly_structured/hasAttributes/ThreePeople/members/address/(ref)
output:/Resolved_ThreeMusketeers_referenceOnly_structured.cdm.json/Resolved_ThreeMusketeers_referenceOnly_structured/hasAttributes/ThreePeople/(ref)
