Resolved_Customer_referenceOnly_normalized_structured/attributeContext/Resolved_Customer_referenceOnly_normalized_structured/CustomerName
output:/Resolved_Customer_referenceOnly_normalized_structured.cdm.json/Resolved_Customer_referenceOnly_normalized_structured/attributeContext/Resolved_Customer_referenceOnly_normalized_structured/CustomerName/Resolved_Customer_referenceOnly_normalized_structured/hasAttributes/CustomerName/(ref)
Resolved_Customer_referenceOnly_normalized_structured/attributeContext/Resolved_Customer_referenceOnly_normalized_structured/ContactAt
Resolved_Customer_referenceOnly_normalized_structured/attributeContext/Resolved_Customer_referenceOnly_normalized_structured/ContactAt/ContactInfo
Resolved_Customer_referenceOnly_normalized_structured/attributeContext/Resolved_Customer_referenceOnly_normalized_structured/ContactAt/ContactInfo/EmailInfo
Resolved_Customer_referenceOnly_normalized_structured/attributeContext/Resolved_Customer_referenceOnly_normalized_structured/ContactAt/ContactInfo/EmailInfo/Email
Resolved_Customer_referenceOnly_normalized_structured/attributeContext/Resolved_Customer_referenceOnly_normalized_structured/ContactAt/ContactInfo/PhoneInfo
Resolved_Customer_referenceOnly_normalized_structured/attributeContext/Resolved_Customer_referenceOnly_normalized_structured/ContactAt/ContactInfo/PhoneInfo/Phone
Resolved_Customer_referenceOnly_normalized_structured/attributeContext/Resolved_Customer_referenceOnly_normalized_structured/ContactAt/ContactInfo/SocialInfo
Resolved_Customer_referenceOnly_normalized_structured/attributeContext/Resolved_Customer_referenceOnly_normalized_structured/ContactAt/ContactInfo/SocialInfo/Social
Resolved_Customer_referenceOnly_normalized_structured/attributeContext/Resolved_Customer_referenceOnly_normalized_structured/ContactAt/_generatedAttributeSet
Resolved_Customer_referenceOnly_normalized_structured/attributeContext/Resolved_Customer_referenceOnly_normalized_structured/ContactAt/_generatedAttributeSet/_generatedAttributeRound0
Resolved_Customer_referenceOnly_normalized_structured/attributeContext/Resolved_Customer_referenceOnly_normalized_structured/ContactAt/_generatedAttributeSet/_generatedAttributeRound0/_foreignKey
output:/Resolved_Customer_referenceOnly_normalized_structured.cdm.json/Resolved_Customer_referenceOnly_normalized_structured/attributeContext/Resolved_Customer_referenceOnly_normalized_structured/ContactAt/_generatedAttributeSet/_generatedAttributeRound0/_foreignKey/Resolved_Customer_referenceOnly_normalized_structured/hasAttributes/ContactAt/members/ContactID/(ref)
output:/Resolved_Customer_referenceOnly_normalized_structured.cdm.json/Resolved_Customer_referenceOnly_normalized_structured/hasAttributes/CustomerName
is.dataFormat.character
is.dataFormat.big
is.dataFormat.array
is.dataFormat.character
is.dataFormat.array
output:/Resolved_Customer_referenceOnly_normalized_structured.cdm.json/Resolved_Customer_referenceOnly_normalized_structured/hasAttributes/ContactAt/(ref)
