Resolved_Person_structured/attributeContext/Resolved_Person_structured/extends
Resolved_Person_structured/attributeContext/Resolved_Person_structured/extends/CdmEntity
Resolved_Person_structured/attributeContext/Resolved_Person_structured/name
output:/Resolved_Person_structured.cdm.json/Resolved_Person_structured/attributeContext/Resolved_Person_structured/name/Resolved_Person_structured/hasAttributes/name/(ref)
Resolved_Person_structured/attributeContext/Resolved_Person_structured/age
output:/Resolved_Person_structured.cdm.json/Resolved_Person_structured/attributeContext/Resolved_Person_structured/age/Resolved_Person_structured/hasAttributes/age/(ref)
Resolved_Person_structured/attributeContext/Resolved_Person_structured/address
Resolved_Person_structured/attributeContext/Resolved_Person_structured/address/projection
Resolved_Person_structured/attributeContext/Resolved_Person_structured/address/projection/source
Resolved_Person_structured/attributeContext/Resolved_Person_structured/address/_generatedAttributeSet
Resolved_Person_structured/attributeContext/Resolved_Person_structured/address/_generatedAttributeSet/operation/index1/operationRenameAttributes
Resolved_Person_structured/attributeContext/Resolved_Person_structured/address/_generatedAttributeSet/operation/index1/operationRenameAttributes/address
Resolved_Person_structured/attributeContext/Resolved_Person_structured/address/_generatedAttributeSet/operation/index1/operationRenameAttributes/address/newAddress
output:/Resolved_Person_structured.cdm.json/Resolved_Person_structured/attributeContext/Resolved_Person_structured/address/_generatedAttributeSet/operation/index1/operationRenameAttributes/address/newAddress/Resolved_Person_structured/hasAttributes/newAddress/(ref)
Resolved_Person_structured/attributeContext/Resolved_Person_structured/phoneNumber
output:/Resolved_Person_structured.cdm.json/Resolved_Person_structured/attributeContext/Resolved_Person_structured/phoneNumber/Resolved_Person_structured/hasAttributes/phoneNumber/(ref)
Resolved_Person_structured/attributeContext/Resolved_Person_structured/email
output:/Resolved_Person_structured.cdm.json/Resolved_Person_structured/attributeContext/Resolved_Person_structured/email/Resolved_Person_structured/hasAttributes/email/(ref)
output:/Resolved_Person_structured.cdm.json/Resolved_Person_structured/hasAttributes/name
is.dataFormat.character
is.dataFormat.big
is.dataFormat.array
is.dataFormat.character
is.dataFormat.array
output:/Resolved_Person_structured.cdm.json/Resolved_Person_structured/hasAttributes/age
is.dataFormat.integer
is.dataFormat.integer
output:/Resolved_Person_structured.cdm.json/Resolved_Person_structured/hasAttributes/newAddress
is.dataFormat.character
is.dataFormat.big
is.dataFormat.array
is.dataFormat.character
is.dataFormat.array
output:/Resolved_Person_structured.cdm.json/Resolved_Person_structured/hasAttributes/phoneNumber
is.dataFormat.character
is.dataFormat.big
is.dataFormat.array
is.dataFormat.character
is.dataFormat.array
output:/Resolved_Person_structured.cdm.json/Resolved_Person_structured/hasAttributes/email
is.dataFormat.character
is.dataFormat.big
is.dataFormat.array
is.dataFormat.character
is.dataFormat.array
