Resolved_BusinessPerson_referenceOnly/attributeContext/Resolved_BusinessPerson_referenceOnly/contactAt
Resolved_BusinessPerson_referenceOnly/attributeContext/Resolved_BusinessPerson_referenceOnly/contactAt/ContactKinds
Resolved_BusinessPerson_referenceOnly/attributeContext/Resolved_BusinessPerson_referenceOnly/contactAt/ContactKinds/emailKind
Resolved_BusinessPerson_referenceOnly/attributeContext/Resolved_BusinessPerson_referenceOnly/contactAt/ContactKinds/emailKind/Email
Resolved_BusinessPerson_referenceOnly/attributeContext/Resolved_BusinessPerson_referenceOnly/contactAt/ContactKinds/emailKind/Email/emailId
Resolved_BusinessPerson_referenceOnly/attributeContext/Resolved_BusinessPerson_referenceOnly/contactAt/ContactKinds/emailKind/Email/address
Resolved_BusinessPerson_referenceOnly/attributeContext/Resolved_BusinessPerson_referenceOnly/contactAt/ContactKinds/emailKind/Email/isPrimary
Resolved_BusinessPerson_referenceOnly/attributeContext/Resolved_BusinessPerson_referenceOnly/contactAt/ContactKinds/emailKind/_generatedAttributeSet
Resolved_BusinessPerson_referenceOnly/attributeContext/Resolved_BusinessPerson_referenceOnly/contactAt/ContactKinds/emailKind/_generatedAttributeSet/_generatedAttributeRound0
Resolved_BusinessPerson_referenceOnly/attributeContext/Resolved_BusinessPerson_referenceOnly/contactAt/ContactKinds/emailKind/_generatedAttributeSet/_generatedAttributeRound0/emailId
Resolved_BusinessPerson_referenceOnly/attributeContext/Resolved_BusinessPerson_referenceOnly/contactAt/ContactKinds/emailKind/_generatedAttributeSet/_generatedAttributeRound0/address
Resolved_BusinessPerson_referenceOnly/attributeContext/Resolved_BusinessPerson_referenceOnly/contactAt/ContactKinds/emailKind/_generatedAttributeSet/_generatedAttributeRound0/isPrimary
Resolved_BusinessPerson_referenceOnly/attributeContext/Resolved_BusinessPerson_referenceOnly/contactAt/ContactKinds/phoneKind
Resolved_BusinessPerson_referenceOnly/attributeContext/Resolved_BusinessPerson_referenceOnly/contactAt/ContactKinds/phoneKind/Phone
Resolved_BusinessPerson_referenceOnly/attributeContext/Resolved_BusinessPerson_referenceOnly/contactAt/ContactKinds/phoneKind/Phone/phoneId
Resolved_BusinessPerson_referenceOnly/attributeContext/Resolved_BusinessPerson_referenceOnly/contactAt/ContactKinds/phoneKind/Phone/number
Resolved_BusinessPerson_referenceOnly/attributeContext/Resolved_BusinessPerson_referenceOnly/contactAt/ContactKinds/phoneKind/Phone/isPrimary
Resolved_BusinessPerson_referenceOnly/attributeContext/Resolved_BusinessPerson_referenceOnly/contactAt/ContactKinds/phoneKind/_generatedAttributeSet
Resolved_BusinessPerson_referenceOnly/attributeContext/Resolved_BusinessPerson_referenceOnly/contactAt/ContactKinds/phoneKind/_generatedAttributeSet/_generatedAttributeRound0
Resolved_BusinessPerson_referenceOnly/attributeContext/Resolved_BusinessPerson_referenceOnly/contactAt/ContactKinds/phoneKind/_generatedAttributeSet/_generatedAttributeRound0/phoneId
Resolved_BusinessPerson_referenceOnly/attributeContext/Resolved_BusinessPerson_referenceOnly/contactAt/ContactKinds/phoneKind/_generatedAttributeSet/_generatedAttributeRound0/number
Resolved_BusinessPerson_referenceOnly/attributeContext/Resolved_BusinessPerson_referenceOnly/contactAt/ContactKinds/phoneKind/_generatedAttributeSet/_generatedAttributeRound0/isPrimary
Resolved_BusinessPerson_referenceOnly/attributeContext/Resolved_BusinessPerson_referenceOnly/contactAt/ContactKinds/socialKind
Resolved_BusinessPerson_referenceOnly/attributeContext/Resolved_BusinessPerson_referenceOnly/contactAt/ContactKinds/socialKind/Social
Resolved_BusinessPerson_referenceOnly/attributeContext/Resolved_BusinessPerson_referenceOnly/contactAt/ContactKinds/socialKind/Social/socialId
Resolved_BusinessPerson_referenceOnly/attributeContext/Resolved_BusinessPerson_referenceOnly/contactAt/ContactKinds/socialKind/Social/account
Resolved_BusinessPerson_referenceOnly/attributeContext/Resolved_BusinessPerson_referenceOnly/contactAt/ContactKinds/socialKind/Social/isPrimary
Resolved_BusinessPerson_referenceOnly/attributeContext/Resolved_BusinessPerson_referenceOnly/contactAt/ContactKinds/socialKind/_generatedAttributeSet
Resolved_BusinessPerson_referenceOnly/attributeContext/Resolved_BusinessPerson_referenceOnly/contactAt/ContactKinds/socialKind/_generatedAttributeSet/_generatedAttributeRound0
Resolved_BusinessPerson_referenceOnly/attributeContext/Resolved_BusinessPerson_referenceOnly/contactAt/ContactKinds/socialKind/_generatedAttributeSet/_generatedAttributeRound0/socialId
Resolved_BusinessPerson_referenceOnly/attributeContext/Resolved_BusinessPerson_referenceOnly/contactAt/ContactKinds/socialKind/_generatedAttributeSet/_generatedAttributeRound0/account
Resolved_BusinessPerson_referenceOnly/attributeContext/Resolved_BusinessPerson_referenceOnly/contactAt/ContactKinds/socialKind/_generatedAttributeSet/_generatedAttributeRound0/isPrimary
Resolved_BusinessPerson_referenceOnly/attributeContext/Resolved_BusinessPerson_referenceOnly/contactAt/_generatedAttributeSet
Resolved_BusinessPerson_referenceOnly/attributeContext/Resolved_BusinessPerson_referenceOnly/contactAt/_generatedAttributeSet/_generatedAttributeRound0
Resolved_BusinessPerson_referenceOnly/attributeContext/Resolved_BusinessPerson_referenceOnly/contactAt/_generatedAttributeSet/_generatedAttributeRound0/emailId
output:/Resolved_BusinessPerson_referenceOnly.cdm.json/Resolved_BusinessPerson_referenceOnly/attributeContext/Resolved_BusinessPerson_referenceOnly/contactAt/_generatedAttributeSet/_generatedAttributeRound0/emailId/Resolved_BusinessPerson_referenceOnly/hasAttributes/ContactAt..EmailId/(ref)
Resolved_BusinessPerson_referenceOnly/attributeContext/Resolved_BusinessPerson_referenceOnly/contactAt/_generatedAttributeSet/_generatedAttributeRound0/address
output:/Resolved_BusinessPerson_referenceOnly.cdm.json/Resolved_BusinessPerson_referenceOnly/attributeContext/Resolved_BusinessPerson_referenceOnly/contactAt/_generatedAttributeSet/_generatedAttributeRound0/address/Resolved_BusinessPerson_referenceOnly/hasAttributes/ContactAt..Address/(ref)
Resolved_BusinessPerson_referenceOnly/attributeContext/Resolved_BusinessPerson_referenceOnly/contactAt/_generatedAttributeSet/_generatedAttributeRound0/isPrimary
output:/Resolved_BusinessPerson_referenceOnly.cdm.json/Resolved_BusinessPerson_referenceOnly/attributeContext/Resolved_BusinessPerson_referenceOnly/contactAt/_generatedAttributeSet/_generatedAttributeRound0/isPrimary/Resolved_BusinessPerson_referenceOnly/hasAttributes/ContactAt..IsPrimary/(ref)
Resolved_BusinessPerson_referenceOnly/attributeContext/Resolved_BusinessPerson_referenceOnly/contactAt/_generatedAttributeSet/_generatedAttributeRound0/phoneId
output:/Resolved_BusinessPerson_referenceOnly.cdm.json/Resolved_BusinessPerson_referenceOnly/attributeContext/Resolved_BusinessPerson_referenceOnly/contactAt/_generatedAttributeSet/_generatedAttributeRound0/phoneId/Resolved_BusinessPerson_referenceOnly/hasAttributes/ContactAt..PhoneId/(ref)
Resolved_BusinessPerson_referenceOnly/attributeContext/Resolved_BusinessPerson_referenceOnly/contactAt/_generatedAttributeSet/_generatedAttributeRound0/number
output:/Resolved_BusinessPerson_referenceOnly.cdm.json/Resolved_BusinessPerson_referenceOnly/attributeContext/Resolved_BusinessPerson_referenceOnly/contactAt/_generatedAttributeSet/_generatedAttributeRound0/number/Resolved_BusinessPerson_referenceOnly/hasAttributes/ContactAt..Number/(ref)
Resolved_BusinessPerson_referenceOnly/attributeContext/Resolved_BusinessPerson_referenceOnly/contactAt/_generatedAttributeSet/_generatedAttributeRound0/socialId
output:/Resolved_BusinessPerson_referenceOnly.cdm.json/Resolved_BusinessPerson_referenceOnly/attributeContext/Resolved_BusinessPerson_referenceOnly/contactAt/_generatedAttributeSet/_generatedAttributeRound0/socialId/Resolved_BusinessPerson_referenceOnly/hasAttributes/ContactAt..SocialId/(ref)
Resolved_BusinessPerson_referenceOnly/attributeContext/Resolved_BusinessPerson_referenceOnly/contactAt/_generatedAttributeSet/_generatedAttributeRound0/account
output:/Resolved_BusinessPerson_referenceOnly.cdm.json/Resolved_BusinessPerson_referenceOnly/attributeContext/Resolved_BusinessPerson_referenceOnly/contactAt/_generatedAttributeSet/_generatedAttributeRound0/account/Resolved_BusinessPerson_referenceOnly/hasAttributes/ContactAt..Account/(ref)
output:/Resolved_BusinessPerson_referenceOnly.cdm.json/Resolved_BusinessPerson_referenceOnly/hasAttributes/ContactAt..EmailId
is.dataFormat.integer
is.identifiedBy
  [Parameter (Name / DefaultValue): attribute / this.attribute]
  [Argument Value: Resolved_BusinessPerson_referenceOnly/(resolvedAttributes)/emailId]
is.dataFormat.integer
output:/Resolved_BusinessPerson_referenceOnly.cdm.json/Resolved_BusinessPerson_referenceOnly/hasAttributes/ContactAt..Address
is.dataFormat.character
is.dataFormat.big
is.dataFormat.array
is.dataFormat.character
is.dataFormat.array
output:/Resolved_BusinessPerson_referenceOnly.cdm.json/Resolved_BusinessPerson_referenceOnly/hasAttributes/ContactAt..IsPrimary
is.dataFormat.boolean
is.dataFormat.boolean
output:/Resolved_BusinessPerson_referenceOnly.cdm.json/Resolved_BusinessPerson_referenceOnly/hasAttributes/ContactAt..PhoneId
is.dataFormat.integer
is.identifiedBy
  [Parameter (Name / DefaultValue): attribute / this.attribute]
  [Argument Value: Resolved_BusinessPerson_referenceOnly/(resolvedAttributes)/phoneId]
is.dataFormat.integer
output:/Resolved_BusinessPerson_referenceOnly.cdm.json/Resolved_BusinessPerson_referenceOnly/hasAttributes/ContactAt..Number
is.dataFormat.character
is.dataFormat.big
is.dataFormat.array
is.dataFormat.character
is.dataFormat.array
output:/Resolved_BusinessPerson_referenceOnly.cdm.json/Resolved_BusinessPerson_referenceOnly/hasAttributes/ContactAt..SocialId
is.dataFormat.integer
is.identifiedBy
  [Parameter (Name / DefaultValue): attribute / this.attribute]
  [Argument Value: Resolved_BusinessPerson_referenceOnly/(resolvedAttributes)/socialId]
is.dataFormat.integer
output:/Resolved_BusinessPerson_referenceOnly.cdm.json/Resolved_BusinessPerson_referenceOnly/hasAttributes/ContactAt..Account
is.dataFormat.character
is.dataFormat.big
is.dataFormat.array
is.dataFormat.character
is.dataFormat.array
