Resolved_Customer_referenceOnly_normalized/attributeContext/Resolved_Customer_referenceOnly_normalized/CustomerName
output:/Resolved_Customer_referenceOnly_normalized.cdm.json/Resolved_Customer_referenceOnly_normalized/attributeContext/Resolved_Customer_referenceOnly_normalized/CustomerName/Resolved_Customer_referenceOnly_normalized/hasAttributes/CustomerName/(ref)
Resolved_Customer_referenceOnly_normalized/attributeContext/Resolved_Customer_referenceOnly_normalized/ContactAt
Resolved_Customer_referenceOnly_normalized/attributeContext/Resolved_Customer_referenceOnly_normalized/ContactAt/ContactInfo
Resolved_Customer_referenceOnly_normalized/attributeContext/Resolved_Customer_referenceOnly_normalized/ContactAt/ContactInfo/EmailInfo
Resolved_Customer_referenceOnly_normalized/attributeContext/Resolved_Customer_referenceOnly_normalized/ContactAt/ContactInfo/EmailInfo/Email
Resolved_Customer_referenceOnly_normalized/attributeContext/Resolved_Customer_referenceOnly_normalized/ContactAt/ContactInfo/PhoneInfo
Resolved_Customer_referenceOnly_normalized/attributeContext/Resolved_Customer_referenceOnly_normalized/ContactAt/ContactInfo/PhoneInfo/Phone
Resolved_Customer_referenceOnly_normalized/attributeContext/Resolved_Customer_referenceOnly_normalized/ContactAt/ContactInfo/SocialInfo
Resolved_Customer_referenceOnly_normalized/attributeContext/Resolved_Customer_referenceOnly_normalized/ContactAt/ContactInfo/SocialInfo/Social
Resolved_Customer_referenceOnly_normalized/attributeContext/Resolved_Customer_referenceOnly_normalized/ContactAt/_generatedAttributeSet
Resolved_Customer_referenceOnly_normalized/attributeContext/Resolved_Customer_referenceOnly_normalized/ContactAt/_generatedAttributeSet/_generatedAttributeRound0
Resolved_Customer_referenceOnly_normalized/attributeContext/Resolved_Customer_referenceOnly_normalized/ContactAt/_generatedAttributeSet/_generatedAttributeRound0/_foreignKey
output:/Resolved_Customer_referenceOnly_normalized.cdm.json/Resolved_Customer_referenceOnly_normalized/attributeContext/Resolved_Customer_referenceOnly_normalized/ContactAt/_generatedAttributeSet/_generatedAttributeRound0/_foreignKey/Resolved_Customer_referenceOnly_normalized/hasAttributes/ContactID/(ref)
Resolved_Customer_referenceOnly_normalized/attributeContext/Resolved_Customer_referenceOnly_normalized/ContactAt/_generatedAttributeSet/_generatedAttributeRound0/_selectedEntityName
output:/Resolved_Customer_referenceOnly_normalized.cdm.json/Resolved_Customer_referenceOnly_normalized/attributeContext/Resolved_Customer_referenceOnly_normalized/ContactAt/_generatedAttributeSet/_generatedAttributeRound0/_selectedEntityName/Resolved_Customer_referenceOnly_normalized/hasAttributes/ContactType/(ref)
output:/Resolved_Customer_referenceOnly_normalized.cdm.json/Resolved_Customer_referenceOnly_normalized/hasAttributes/CustomerName
is.dataFormat.character
is.dataFormat.big
is.dataFormat.array
is.dataFormat.character
is.dataFormat.array
output:/Resolved_Customer_referenceOnly_normalized.cdm.json/Resolved_Customer_referenceOnly_normalized/hasAttributes/ContactID
is.dataFormat.character
is.dataFormat.big
is.dataFormat.array
is.dataFormat.guid
means.identity.entityId
is.linkedEntity.identifier
  [Parameter (Name / DefaultValue): entityReferences / ]
  [Argument Value: local:/Email.cdm.json/Email,EmailID]
  [Argument Value: local:/Phone.cdm.json/Phone,PhoneID]
  [Argument Value: local:/Social.cdm.json/Social,SocialID]
is.dataFormat.guid
is.dataFormat.character
is.dataFormat.array
output:/Resolved_Customer_referenceOnly_normalized.cdm.json/Resolved_Customer_referenceOnly_normalized/hasAttributes/ContactType
is.dataFormat.character
is.dataFormat.big
is.dataFormat.array
means.entityName
is.linkedEntity.name
is.dataFormat.character
is.dataFormat.array
