{
  "jsonSchemaSemanticVersion": "1.1.0",
  "imports": [
    {
      "corpusPath": "local:/Customer.cdm.json",
      "moniker": "resolvedFrom"
    }
  ],
  "definitions": [
    {
      "entityName": "Resolved_Customer_referenceOnly_normalized_structured",
      "attributeContext": {
        "type": "entity",
        "name": "Resolved_Customer_referenceOnly_normalized_structured",
        "definition": "resolvedFrom/Customer",
        "contents": [
          {
            "type": "attributeDefinition",
            "name": "CustomerName",
            "parent": "Resolved_Customer_referenceOnly_normalized_structured/attributeContext/Resolved_Customer_referenceOnly_normalized_structured",
            "definition": "resolvedFrom/Customer/hasAttributes/CustomerName",
            "contents": [
              "Resolved_Customer_referenceOnly_normalized_structured/hasAttributes/CustomerName"
            ]
          },
          {
            "type": "attributeDefinition",
            "name": "ContactAt",
            "parent": "Resolved_Customer_referenceOnly_normalized_structured/attributeContext/Resolved_Customer_referenceOnly_normalized_structured",
            "definition": "resolvedFrom/Customer/hasAttributes/ContactAt",
            "contents": [
              {
                "type": "entity",
                "name": "ContactInfo",
                "parent": "Resolved_Customer_referenceOnly_normalized_structured/attributeContext/Resolved_Customer_referenceOnly_normalized_structured/ContactAt",
                "definition": "resolvedFrom/ContactInfo",
                "contents": [
                  {
                    "type": "attributeDefinition",
                    "name": "EmailInfo",
                    "parent": "Resolved_Customer_referenceOnly_normalized_structured/attributeContext/Resolved_Customer_referenceOnly_normalized_structured/ContactAt/ContactInfo",
                    "definition": "resolvedFrom/ContactInfo/hasAttributes/EmailInfo",
                    "contents": [
                      {
                        "type": "entity",
                        "name": "Email",
                        "parent": "Resolved_Customer_referenceOnly_normalized_structured/attributeContext/Resolved_Customer_referenceOnly_normalized_structured/ContactAt/ContactInfo/EmailInfo",
                        "definition": "resolvedFrom/Email"
                      }
                    ]
                  },
                  {
                    "type": "attributeDefinition",
                    "name": "PhoneInfo",
                    "parent": "Resolved_Customer_referenceOnly_normalized_structured/attributeContext/Resolved_Customer_referenceOnly_normalized_structured/ContactAt/ContactInfo",
                    "definition": "resolvedFrom/ContactInfo/hasAttributes/PhoneInfo",
                    "contents": [
                      {
                        "type": "entity",
                        "name": "Phone",
                        "parent": "Resolved_Customer_referenceOnly_normalized_structured/attributeContext/Resolved_Customer_referenceOnly_normalized_structured/ContactAt/ContactInfo/PhoneInfo",
                        "definition": "resolvedFrom/Phone"
                      }
                    ]
                  },
                  {
                    "type": "attributeDefinition",
                    "name": "SocialInfo",
                    "parent": "Resolved_Customer_referenceOnly_normalized_structured/attributeContext/Resolved_Customer_referenceOnly_normalized_structured/ContactAt/ContactInfo",
                    "definition": "resolvedFrom/ContactInfo/hasAttributes/SocialInfo",
                    "contents": [
                      {
                        "type": "entity",
                        "name": "Social",
                        "parent": "Resolved_Customer_referenceOnly_normalized_structured/attributeContext/Resolved_Customer_referenceOnly_normalized_structured/ContactAt/ContactInfo/SocialInfo",
                        "definition": "resolvedFrom/Social"
                      }
                    ]
                  }
                ]
              },
              {
                "type": "generatedSet",
                "name": "_generatedAttributeSet",
                "parent": "Resolved_Customer_referenceOnly_normalized_structured/attributeContext/Resolved_Customer_referenceOnly_normalized_structured/ContactAt",
                "contents": [
                  {
                    "type": "generatedRound",
                    "name": "_generatedAttributeRound0",
                    "parent": "Resolved_Customer_referenceOnly_normalized_structured/attributeContext/Resolved_Customer_referenceOnly_normalized_structured/ContactAt/_generatedAttributeSet",
                    "contents": [
                      {
                        "type": "addedAttributeIdentity",
                        "name": "_foreignKey",
                        "parent": "Resolved_Customer_referenceOnly_normalized_structured/attributeContext/Resolved_Customer_referenceOnly_normalized_structured/ContactAt/_generatedAttributeSet/_generatedAttributeRound0",
                        "contents": [
                          "Resolved_Customer_referenceOnly_normalized_structured/hasAttributes/ContactAt/members/ContactID"
                        ]
                      }
                    ]
                  }
                ]
              }
            ]
          }
        ]
      },
      "hasAttributes": [
        {
          "name": "CustomerName",
          "appliedTraits": [
            "is.dataFormat.character",
            "is.dataFormat.big",
            "is.dataFormat.array"
          ],
          "attributeContext": "Resolved_Customer_referenceOnly_normalized_structured/attributeContext/Resolved_Customer_referenceOnly_normalized_structured/CustomerName",
          "dataFormat": "String"
        },
        {
          "attributeGroupReference": {
            "attributeGroupName": "ContactAt",
            "attributeContext": "Resolved_Customer_referenceOnly_normalized_structured/attributeContext/Resolved_Customer_referenceOnly_normalized_structured/ContactAt",
            "members": [
              {
                "name": "ContactID",
                "appliedTraits": [
                  "is.dataFormat.character",
                  "is.dataFormat.big",
                  "is.dataFormat.array",
                  "is.dataFormat.guid",
                  "means.identity.entityId",
                  {
                    "traitReference": "is.linkedEntity.identifier",
                    "arguments": [
                      {
                        "entityReference": {
                          "entityShape": "entityGroupSet",
                          "constantValues": [
                            [
                              "/Email.cdm.json/Email",
                              "EmailID"
                            ],
                            [
                              "/Phone.cdm.json/Phone",
                              "PhoneID"
                            ],
                            [
                              "/Social.cdm.json/Social",
                              "SocialID"
                            ]
                          ]
                        }
                      }
                    ]
                  }
                ],
                "attributeContext": "Resolved_Customer_referenceOnly_normalized_structured/attributeContext/Resolved_Customer_referenceOnly_normalized_structured/ContactAt/_generatedAttributeSet/_generatedAttributeRound0/_foreignKey",
                "dataFormat": "Guid"
              }
            ]
          }
        }
      ]
    }
  ]
}