Resolved_ThreeMusketeers_normalized_structured/attributeContext/Resolved_ThreeMusketeers_normalized_structured/extends
Resolved_ThreeMusketeers_normalized_structured/attributeContext/Resolved_ThreeMusketeers_normalized_structured/extends/CdmEntity
Resolved_ThreeMusketeers_normalized_structured/attributeContext/Resolved_ThreeMusketeers_normalized_structured/ThreePeople
Resolved_ThreeMusketeers_normalized_structured/attributeContext/Resolved_ThreeMusketeers_normalized_structured/ThreePeople/projection
Resolved_ThreeMusketeers_normalized_structured/attributeContext/Resolved_ThreeMusketeers_normalized_structured/ThreePeople/projection/source
Resolved_ThreeMusketeers_normalized_structured/attributeContext/Resolved_ThreeMusketeers_normalized_structured/ThreePeople/projection/source/projection
Resolved_ThreeMusketeers_normalized_structured/attributeContext/Resolved_ThreeMusketeers_normalized_structured/ThreePeople/projection/source/projection/source
Resolved_ThreeMusketeers_normalized_structured/attributeContext/Resolved_ThreeMusketeers_normalized_structured/ThreePeople/projection/source/projection/source/projection
Resolved_ThreeMusketeers_normalized_structured/attributeContext/Resolved_ThreeMusketeers_normalized_structured/ThreePeople/projection/source/projection/source/projection/source
Resolved_ThreeMusketeers_normalized_structured/attributeContext/Resolved_ThreeMusketeers_normalized_structured/ThreePeople/projection/source/projection/source/projection/source/Person
Resolved_ThreeMusketeers_normalized_structured/attributeContext/Resolved_ThreeMusketeers_normalized_structured/ThreePeople/projection/source/projection/source/projection/source/Person/extends
Resolved_ThreeMusketeers_normalized_structured/attributeContext/Resolved_ThreeMusketeers_normalized_structured/ThreePeople/projection/source/projection/source/projection/source/Person/extends/CdmEntity
Resolved_ThreeMusketeers_normalized_structured/attributeContext/Resolved_ThreeMusketeers_normalized_structured/ThreePeople/projection/source/projection/source/projection/source/Person/name
Resolved_ThreeMusketeers_normalized_structured/attributeContext/Resolved_ThreeMusketeers_normalized_structured/ThreePeople/projection/source/projection/source/projection/source/Person/age
Resolved_ThreeMusketeers_normalized_structured/attributeContext/Resolved_ThreeMusketeers_normalized_structured/ThreePeople/projection/source/projection/source/projection/source/Person/address
Resolved_ThreeMusketeers_normalized_structured/attributeContext/Resolved_ThreeMusketeers_normalized_structured/ThreePeople/projection/source/_generatedAttributeSet
Resolved_ThreeMusketeers_normalized_structured/attributeContext/Resolved_ThreeMusketeers_normalized_structured/ThreePeople/projection/source/_generatedAttributeSet/operation/index1/operationRenameAttributes
Resolved_ThreeMusketeers_normalized_structured/attributeContext/Resolved_ThreeMusketeers_normalized_structured/ThreePeople/projection/source/_generatedAttributeSet/operation/index1/operationRenameAttributes/name
Resolved_ThreeMusketeers_normalized_structured/attributeContext/Resolved_ThreeMusketeers_normalized_structured/ThreePeople/projection/source/_generatedAttributeSet/operation/index1/operationRenameAttributes/name/name@1
Resolved_ThreeMusketeers_normalized_structured/attributeContext/Resolved_ThreeMusketeers_normalized_structured/ThreePeople/projection/source/_generatedAttributeSet/operation/index1/operationRenameAttributes/name/name@1/name1
output:/Resolved_ThreeMusketeers_normalized_structured.cdm.json/Resolved_ThreeMusketeers_normalized_structured/attributeContext/Resolved_ThreeMusketeers_normalized_structured/ThreePeople/projection/source/_generatedAttributeSet/operation/index1/operationRenameAttributes/name/name@1/name1/Resolved_ThreeMusketeers_normalized_structured/hasAttributes/name1/(ref)
Resolved_ThreeMusketeers_normalized_structured/attributeContext/Resolved_ThreeMusketeers_normalized_structured/ThreePeople/projection/source/_generatedAttributeSet/operation/index1/operationRenameAttributes/name/name@2
Resolved_ThreeMusketeers_normalized_structured/attributeContext/Resolved_ThreeMusketeers_normalized_structured/ThreePeople/projection/source/_generatedAttributeSet/operation/index1/operationRenameAttributes/name/name@2/name2
output:/Resolved_ThreeMusketeers_normalized_structured.cdm.json/Resolved_ThreeMusketeers_normalized_structured/attributeContext/Resolved_ThreeMusketeers_normalized_structured/ThreePeople/projection/source/_generatedAttributeSet/operation/index1/operationRenameAttributes/name/name@2/name2/Resolved_ThreeMusketeers_normalized_structured/hasAttributes/name2/(ref)
Resolved_ThreeMusketeers_normalized_structured/attributeContext/Resolved_ThreeMusketeers_normalized_structured/ThreePeople/projection/source/_generatedAttributeSet/operation/index1/operationRenameAttributes/name/name@3
Resolved_ThreeMusketeers_normalized_structured/attributeContext/Resolved_ThreeMusketeers_normalized_structured/ThreePeople/projection/source/_generatedAttributeSet/operation/index1/operationRenameAttributes/name/name@3/name3
output:/Resolved_ThreeMusketeers_normalized_structured.cdm.json/Resolved_ThreeMusketeers_normalized_structured/attributeContext/Resolved_ThreeMusketeers_normalized_structured/ThreePeople/projection/source/_generatedAttributeSet/operation/index1/operationRenameAttributes/name/name@3/name3/Resolved_ThreeMusketeers_normalized_structured/hasAttributes/name3/(ref)
Resolved_ThreeMusketeers_normalized_structured/attributeContext/Resolved_ThreeMusketeers_normalized_structured/ThreePeople/projection/source/_generatedAttributeSet/operation/index1/operationRenameAttributes/age
Resolved_ThreeMusketeers_normalized_structured/attributeContext/Resolved_ThreeMusketeers_normalized_structured/ThreePeople/projection/source/_generatedAttributeSet/operation/index1/operationRenameAttributes/age/age@1
Resolved_ThreeMusketeers_normalized_structured/attributeContext/Resolved_ThreeMusketeers_normalized_structured/ThreePeople/projection/source/_generatedAttributeSet/operation/index1/operationRenameAttributes/age/age@1/age1
output:/Resolved_ThreeMusketeers_normalized_structured.cdm.json/Resolved_ThreeMusketeers_normalized_structured/attributeContext/Resolved_ThreeMusketeers_normalized_structured/ThreePeople/projection/source/_generatedAttributeSet/operation/index1/operationRenameAttributes/age/age@1/age1/Resolved_ThreeMusketeers_normalized_structured/hasAttributes/age1/(ref)
output:/Resolved_ThreeMusketeers_normalized_structured.cdm.json/Resolved_ThreeMusketeers_normalized_structured/hasAttributes/name1
is.dataFormat.character
is.dataFormat.big
is.dataFormat.array
is.dataFormat.character
is.dataFormat.array
output:/Resolved_ThreeMusketeers_normalized_structured.cdm.json/Resolved_ThreeMusketeers_normalized_structured/hasAttributes/age1
is.dataFormat.integer
is.dataFormat.integer
output:/Resolved_ThreeMusketeers_normalized_structured.cdm.json/Resolved_ThreeMusketeers_normalized_structured/hasAttributes/name2
is.dataFormat.character
is.dataFormat.big
is.dataFormat.array
is.dataFormat.character
is.dataFormat.array
output:/Resolved_ThreeMusketeers_normalized_structured.cdm.json/Resolved_ThreeMusketeers_normalized_structured/hasAttributes/name3
is.dataFormat.character
is.dataFormat.big
is.dataFormat.array
is.dataFormat.character
is.dataFormat.array
