Resolved_Customer_referenceOnly/attributeContext/Resolved_Customer_referenceOnly/CustomerName
output:/Resolved_Customer_referenceOnly.cdm.json/Resolved_Customer_referenceOnly/attributeContext/Resolved_Customer_referenceOnly/CustomerName/Resolved_Customer_referenceOnly/hasAttributes/CustomerName/(ref)
Resolved_Customer_referenceOnly/attributeContext/Resolved_Customer_referenceOnly/ContactAt
Resolved_Customer_referenceOnly/attributeContext/Resolved_Customer_referenceOnly/ContactAt/projection
Resolved_Customer_referenceOnly/attributeContext/Resolved_Customer_referenceOnly/ContactAt/projection/source
Resolved_Customer_referenceOnly/attributeContext/Resolved_Customer_referenceOnly/ContactAt/projection/source/ContactInfo
Resolved_Customer_referenceOnly/attributeContext/Resolved_Customer_referenceOnly/ContactAt/projection/source/ContactInfo/EmailInfo
Resolved_Customer_referenceOnly/attributeContext/Resolved_Customer_referenceOnly/ContactAt/projection/source/ContactInfo/EmailInfo/Email
Resolved_Customer_referenceOnly/attributeContext/Resolved_Customer_referenceOnly/ContactAt/projection/source/ContactInfo/EmailInfo/Email/IsPrimary
Resolved_Customer_referenceOnly/attributeContext/Resolved_Customer_referenceOnly/ContactAt/projection/source/ContactInfo/EmailInfo/Email/EmailID
output:/Resolved_Customer_referenceOnly.cdm.json/Resolved_Customer_referenceOnly/attributeContext/Resolved_Customer_referenceOnly/ContactAt/projection/source/ContactInfo/EmailInfo/Email/EmailID/Resolved_Customer_referenceOnly/hasAttributes/EmailID/(ref)
Resolved_Customer_referenceOnly/attributeContext/Resolved_Customer_referenceOnly/ContactAt/projection/source/ContactInfo/EmailInfo/Email/Address
output:/Resolved_Customer_referenceOnly.cdm.json/Resolved_Customer_referenceOnly/attributeContext/Resolved_Customer_referenceOnly/ContactAt/projection/source/ContactInfo/EmailInfo/Email/Address/Resolved_Customer_referenceOnly/hasAttributes/Address/(ref)
Resolved_Customer_referenceOnly/attributeContext/Resolved_Customer_referenceOnly/ContactAt/projection/source/ContactInfo/PhoneInfo
Resolved_Customer_referenceOnly/attributeContext/Resolved_Customer_referenceOnly/ContactAt/projection/source/ContactInfo/PhoneInfo/Phone
Resolved_Customer_referenceOnly/attributeContext/Resolved_Customer_referenceOnly/ContactAt/projection/source/ContactInfo/PhoneInfo/Phone/IsPrimary
Resolved_Customer_referenceOnly/attributeContext/Resolved_Customer_referenceOnly/ContactAt/projection/source/ContactInfo/PhoneInfo/Phone/PhoneID
output:/Resolved_Customer_referenceOnly.cdm.json/Resolved_Customer_referenceOnly/attributeContext/Resolved_Customer_referenceOnly/ContactAt/projection/source/ContactInfo/PhoneInfo/Phone/PhoneID/Resolved_Customer_referenceOnly/hasAttributes/PhoneID/(ref)
Resolved_Customer_referenceOnly/attributeContext/Resolved_Customer_referenceOnly/ContactAt/projection/source/ContactInfo/PhoneInfo/Phone/Number
output:/Resolved_Customer_referenceOnly.cdm.json/Resolved_Customer_referenceOnly/attributeContext/Resolved_Customer_referenceOnly/ContactAt/projection/source/ContactInfo/PhoneInfo/Phone/Number/Resolved_Customer_referenceOnly/hasAttributes/Number/(ref)
Resolved_Customer_referenceOnly/attributeContext/Resolved_Customer_referenceOnly/ContactAt/projection/source/ContactInfo/SocialInfo
Resolved_Customer_referenceOnly/attributeContext/Resolved_Customer_referenceOnly/ContactAt/projection/source/ContactInfo/SocialInfo/Social
Resolved_Customer_referenceOnly/attributeContext/Resolved_Customer_referenceOnly/ContactAt/projection/source/ContactInfo/SocialInfo/Social/IsPrimary
Resolved_Customer_referenceOnly/attributeContext/Resolved_Customer_referenceOnly/ContactAt/projection/source/ContactInfo/SocialInfo/Social/SocialID
output:/Resolved_Customer_referenceOnly.cdm.json/Resolved_Customer_referenceOnly/attributeContext/Resolved_Customer_referenceOnly/ContactAt/projection/source/ContactInfo/SocialInfo/Social/SocialID/Resolved_Customer_referenceOnly/hasAttributes/SocialID/(ref)
Resolved_Customer_referenceOnly/attributeContext/Resolved_Customer_referenceOnly/ContactAt/projection/source/ContactInfo/SocialInfo/Social/Account
output:/Resolved_Customer_referenceOnly.cdm.json/Resolved_Customer_referenceOnly/attributeContext/Resolved_Customer_referenceOnly/ContactAt/projection/source/ContactInfo/SocialInfo/Social/Account/Resolved_Customer_referenceOnly/hasAttributes/Account/(ref)
Resolved_Customer_referenceOnly/attributeContext/Resolved_Customer_referenceOnly/ContactAt/_generatedAttributeSet
Resolved_Customer_referenceOnly/attributeContext/Resolved_Customer_referenceOnly/ContactAt/_generatedAttributeSet/operation/index1/operationCombineAttributes
Resolved_Customer_referenceOnly/attributeContext/Resolved_Customer_referenceOnly/ContactAt/_generatedAttributeSet/operation/index1/operationCombineAttributes/IsPrimary
Resolved_Customer_referenceOnly/attributeContext/Resolved_Customer_referenceOnly/ContactAt/_generatedAttributeSet/operation/index1/operationCombineAttributes/IsPrimary/MergedIsPrimary
output:/Resolved_Customer_referenceOnly.cdm.json/Resolved_Customer_referenceOnly/attributeContext/Resolved_Customer_referenceOnly/ContactAt/_generatedAttributeSet/operation/index1/operationCombineAttributes/IsPrimary/MergedIsPrimary/Resolved_Customer_referenceOnly/hasAttributes/MergedIsPrimary/(ref)
output:/Resolved_Customer_referenceOnly.cdm.json/Resolved_Customer_referenceOnly/hasAttributes/CustomerName
is.dataFormat.character
is.dataFormat.big
is.dataFormat.array
is.dataFormat.character
is.dataFormat.array
output:/Resolved_Customer_referenceOnly.cdm.json/Resolved_Customer_referenceOnly/hasAttributes/EmailID
is.dataFormat.character
is.dataFormat.big
is.dataFormat.array
is.dataFormat.character
is.dataFormat.array
output:/Resolved_Customer_referenceOnly.cdm.json/Resolved_Customer_referenceOnly/hasAttributes/Address
is.dataFormat.character
is.dataFormat.big
is.dataFormat.array
is.dataFormat.character
is.dataFormat.array
output:/Resolved_Customer_referenceOnly.cdm.json/Resolved_Customer_referenceOnly/hasAttributes/PhoneID
is.dataFormat.character
is.dataFormat.big
is.dataFormat.array
is.dataFormat.character
is.dataFormat.array
output:/Resolved_Customer_referenceOnly.cdm.json/Resolved_Customer_referenceOnly/hasAttributes/Number
is.dataFormat.character
is.dataFormat.big
is.dataFormat.array
is.dataFormat.character
is.dataFormat.array
output:/Resolved_Customer_referenceOnly.cdm.json/Resolved_Customer_referenceOnly/hasAttributes/SocialID
is.dataFormat.character
is.dataFormat.big
is.dataFormat.array
is.dataFormat.character
is.dataFormat.array
output:/Resolved_Customer_referenceOnly.cdm.json/Resolved_Customer_referenceOnly/hasAttributes/Account
is.dataFormat.character
is.dataFormat.big
is.dataFormat.array
is.dataFormat.character
is.dataFormat.array
output:/Resolved_Customer_referenceOnly.cdm.json/Resolved_Customer_referenceOnly/hasAttributes/MergedIsPrimary
is.dataFormat.character
is.dataFormat.big
is.dataFormat.array
is.dataFormat.guid
means.identity.entityId
is.linkedEntity.identifier
  [Parameter (Name / DefaultValue): entityReferences / ]
  [Argument Value: Email.cdm.json/Email,IsPrimary,ContactAt_Email]
  [Argument Value: Phone.cdm.json/Phone,IsPrimary,ContactAt_Phone]
  [Argument Value: Social.cdm.json/Social,IsPrimary,ContactAt_Social]
is.dataFormat.guid
is.dataFormat.character
is.dataFormat.array
