Resolved_NewPerson_normalized/attributeContext/Resolved_NewPerson_normalized/extends
Resolved_NewPerson_normalized/attributeContext/Resolved_NewPerson_normalized/extends/CdmEntity
Resolved_NewPerson_normalized/attributeContext/Resolved_NewPerson_normalized/PersonInfo
Resolved_NewPerson_normalized/attributeContext/Resolved_NewPerson_normalized/PersonInfo/_generatedAttributeSet
Resolved_NewPerson_normalized/attributeContext/Resolved_NewPerson_normalized/PersonInfo/_generatedAttributeSet/operation/index1/operationAddAttributeGroup
Resolved_NewPerson_normalized/attributeContext/Resolved_NewPerson_normalized/PersonInfo/_generatedAttributeSet/operation/index1/operationAddAttributeGroup/OuterAttributeGroup
Resolved_NewPerson_normalized/attributeContext/Resolved_NewPerson_normalized/PersonInfo/_generatedAttributeSet/operation/index1/operationAddAttributeGroup/OuterAttributeGroup/InnerAttributeGroup
Resolved_NewPerson_normalized/attributeContext/Resolved_NewPerson_normalized/PersonInfo/projection
Resolved_NewPerson_normalized/attributeContext/Resolved_NewPerson_normalized/PersonInfo/projection/source
Resolved_NewPerson_normalized/attributeContext/Resolved_NewPerson_normalized/PersonInfo/projection/source/projection
Resolved_NewPerson_normalized/attributeContext/Resolved_NewPerson_normalized/PersonInfo/projection/source/projection/source
Resolved_NewPerson_normalized/attributeContext/Resolved_NewPerson_normalized/PersonInfo/projection/source/projection/source/Person
Resolved_NewPerson_normalized/attributeContext/Resolved_NewPerson_normalized/PersonInfo/projection/source/projection/source/Person/extends
Resolved_NewPerson_normalized/attributeContext/Resolved_NewPerson_normalized/PersonInfo/projection/source/projection/source/Person/extends/CdmEntity
Resolved_NewPerson_normalized/attributeContext/Resolved_NewPerson_normalized/PersonInfo/projection/source/projection/source/Person/name
Resolved_NewPerson_normalized/attributeContext/Resolved_NewPerson_normalized/PersonInfo/projection/source/projection/source/Person/age
Resolved_NewPerson_normalized/attributeContext/Resolved_NewPerson_normalized/PersonInfo/projection/source/projection/source/Person/address
Resolved_NewPerson_normalized/attributeContext/Resolved_NewPerson_normalized/PersonInfo/projection/source/projection/source/Person/phoneNumber
Resolved_NewPerson_normalized/attributeContext/Resolved_NewPerson_normalized/PersonInfo/projection/source/projection/source/Person/email
Resolved_NewPerson_normalized/attributeContext/Resolved_NewPerson_normalized/PersonInfo/projection/source/_generatedAttributeSet
Resolved_NewPerson_normalized/attributeContext/Resolved_NewPerson_normalized/PersonInfo/projection/source/_generatedAttributeSet/operation/index1/operationAddAttributeGroup
Resolved_NewPerson_normalized/attributeContext/Resolved_NewPerson_normalized/PersonInfo/projection/source/_generatedAttributeSet/operation/index1/operationAddAttributeGroup/InnerAttributeGroup
Resolved_NewPerson_normalized/attributeContext/Resolved_NewPerson_normalized/PersonInfo/projection/source/_generatedAttributeSet/operation/index1/operationAddAttributeGroup/InnerAttributeGroup/name
output:/Resolved_NewPerson_normalized.cdm.json/Resolved_NewPerson_normalized/attributeContext/Resolved_NewPerson_normalized/PersonInfo/projection/source/_generatedAttributeSet/operation/index1/operationAddAttributeGroup/InnerAttributeGroup/name/Resolved_NewPerson_normalized/hasAttributes/OuterAttributeGroup/members/InnerAttributeGroup/members/name/(ref)
Resolved_NewPerson_normalized/attributeContext/Resolved_NewPerson_normalized/PersonInfo/projection/source/_generatedAttributeSet/operation/index1/operationAddAttributeGroup/InnerAttributeGroup/age
output:/Resolved_NewPerson_normalized.cdm.json/Resolved_NewPerson_normalized/attributeContext/Resolved_NewPerson_normalized/PersonInfo/projection/source/_generatedAttributeSet/operation/index1/operationAddAttributeGroup/InnerAttributeGroup/age/Resolved_NewPerson_normalized/hasAttributes/OuterAttributeGroup/members/InnerAttributeGroup/members/age/(ref)
Resolved_NewPerson_normalized/attributeContext/Resolved_NewPerson_normalized/PersonInfo/projection/source/_generatedAttributeSet/operation/index1/operationAddAttributeGroup/InnerAttributeGroup/address
output:/Resolved_NewPerson_normalized.cdm.json/Resolved_NewPerson_normalized/attributeContext/Resolved_NewPerson_normalized/PersonInfo/projection/source/_generatedAttributeSet/operation/index1/operationAddAttributeGroup/InnerAttributeGroup/address/Resolved_NewPerson_normalized/hasAttributes/OuterAttributeGroup/members/InnerAttributeGroup/members/address/(ref)
Resolved_NewPerson_normalized/attributeContext/Resolved_NewPerson_normalized/PersonInfo/projection/source/_generatedAttributeSet/operation/index1/operationAddAttributeGroup/InnerAttributeGroup/phoneNumber
output:/Resolved_NewPerson_normalized.cdm.json/Resolved_NewPerson_normalized/attributeContext/Resolved_NewPerson_normalized/PersonInfo/projection/source/_generatedAttributeSet/operation/index1/operationAddAttributeGroup/InnerAttributeGroup/phoneNumber/Resolved_NewPerson_normalized/hasAttributes/OuterAttributeGroup/members/InnerAttributeGroup/members/phoneNumber/(ref)
Resolved_NewPerson_normalized/attributeContext/Resolved_NewPerson_normalized/PersonInfo/projection/source/_generatedAttributeSet/operation/index1/operationAddAttributeGroup/InnerAttributeGroup/email
output:/Resolved_NewPerson_normalized.cdm.json/Resolved_NewPerson_normalized/attributeContext/Resolved_NewPerson_normalized/PersonInfo/projection/source/_generatedAttributeSet/operation/index1/operationAddAttributeGroup/InnerAttributeGroup/email/Resolved_NewPerson_normalized/hasAttributes/OuterAttributeGroup/members/InnerAttributeGroup/members/email/(ref)
output:/Resolved_NewPerson_normalized.cdm.json/Resolved_NewPerson_normalized/hasAttributes/OuterAttributeGroup/(ref)
