Resolved_NewPerson_referenceOnly/attributeContext/Resolved_NewPerson_referenceOnly/extends
Resolved_NewPerson_referenceOnly/attributeContext/Resolved_NewPerson_referenceOnly/extends/CdmEntity
Resolved_NewPerson_referenceOnly/attributeContext/Resolved_NewPerson_referenceOnly/PersonInfo
Resolved_NewPerson_referenceOnly/attributeContext/Resolved_NewPerson_referenceOnly/PersonInfo/projection
Resolved_NewPerson_referenceOnly/attributeContext/Resolved_NewPerson_referenceOnly/PersonInfo/projection/source
Resolved_NewPerson_referenceOnly/attributeContext/Resolved_NewPerson_referenceOnly/PersonInfo/projection/source/projection
Resolved_NewPerson_referenceOnly/attributeContext/Resolved_NewPerson_referenceOnly/PersonInfo/projection/source/projection/source
Resolved_NewPerson_referenceOnly/attributeContext/Resolved_NewPerson_referenceOnly/PersonInfo/projection/source/projection/source/projection
Resolved_NewPerson_referenceOnly/attributeContext/Resolved_NewPerson_referenceOnly/PersonInfo/projection/source/projection/source/projection/source
Resolved_NewPerson_referenceOnly/attributeContext/Resolved_NewPerson_referenceOnly/PersonInfo/projection/source/projection/source/projection/source/projection
Resolved_NewPerson_referenceOnly/attributeContext/Resolved_NewPerson_referenceOnly/PersonInfo/projection/source/projection/source/projection/source/projection/source
Resolved_NewPerson_referenceOnly/attributeContext/Resolved_NewPerson_referenceOnly/PersonInfo/projection/source/projection/source/projection/source/projection/source/Person
Resolved_NewPerson_referenceOnly/attributeContext/Resolved_NewPerson_referenceOnly/PersonInfo/projection/source/projection/source/projection/source/projection/source/Person/extends
Resolved_NewPerson_referenceOnly/attributeContext/Resolved_NewPerson_referenceOnly/PersonInfo/projection/source/projection/source/projection/source/projection/source/Person/extends/CdmEntity
Resolved_NewPerson_referenceOnly/attributeContext/Resolved_NewPerson_referenceOnly/PersonInfo/projection/source/projection/source/projection/source/projection/source/Person/name
Resolved_NewPerson_referenceOnly/attributeContext/Resolved_NewPerson_referenceOnly/PersonInfo/projection/source/projection/source/projection/source/projection/source/Person/age
Resolved_NewPerson_referenceOnly/attributeContext/Resolved_NewPerson_referenceOnly/PersonInfo/projection/source/projection/source/projection/source/projection/source/Person/address
Resolved_NewPerson_referenceOnly/attributeContext/Resolved_NewPerson_referenceOnly/PersonInfo/projection/source/projection/source/projection/source/projection/source/Person/phoneNumber
Resolved_NewPerson_referenceOnly/attributeContext/Resolved_NewPerson_referenceOnly/PersonInfo/projection/source/projection/source/projection/source/projection/source/Person/email
Resolved_NewPerson_referenceOnly/attributeContext/Resolved_NewPerson_referenceOnly/PersonInfo/projection/source/projection/source/_generatedAttributeSet
Resolved_NewPerson_referenceOnly/attributeContext/Resolved_NewPerson_referenceOnly/PersonInfo/projection/source/projection/source/_generatedAttributeSet/operation/index1/operationRenameAttributes
Resolved_NewPerson_referenceOnly/attributeContext/Resolved_NewPerson_referenceOnly/PersonInfo/projection/source/projection/source/_generatedAttributeSet/operation/index1/operationRenameAttributes/name
Resolved_NewPerson_referenceOnly/attributeContext/Resolved_NewPerson_referenceOnly/PersonInfo/projection/source/projection/source/_generatedAttributeSet/operation/index1/operationRenameAttributes/name/new_name
output:/Resolved_NewPerson_referenceOnly.cdm.json/Resolved_NewPerson_referenceOnly/attributeContext/Resolved_NewPerson_referenceOnly/PersonInfo/projection/source/projection/source/_generatedAttributeSet/operation/index1/operationRenameAttributes/name/new_name/Resolved_NewPerson_referenceOnly/hasAttributes/new_name/(ref)
Resolved_NewPerson_referenceOnly/attributeContext/Resolved_NewPerson_referenceOnly/PersonInfo/projection/source/projection/source/_generatedAttributeSet/operation/index1/operationRenameAttributes/age
Resolved_NewPerson_referenceOnly/attributeContext/Resolved_NewPerson_referenceOnly/PersonInfo/projection/source/projection/source/_generatedAttributeSet/operation/index1/operationRenameAttributes/age/new_age
output:/Resolved_NewPerson_referenceOnly.cdm.json/Resolved_NewPerson_referenceOnly/attributeContext/Resolved_NewPerson_referenceOnly/PersonInfo/projection/source/projection/source/_generatedAttributeSet/operation/index1/operationRenameAttributes/age/new_age/Resolved_NewPerson_referenceOnly/hasAttributes/new_age/(ref)
Resolved_NewPerson_referenceOnly/attributeContext/Resolved_NewPerson_referenceOnly/PersonInfo/projection/source/projection/source/_generatedAttributeSet/operation/index1/operationRenameAttributes/someCount
Resolved_NewPerson_referenceOnly/attributeContext/Resolved_NewPerson_referenceOnly/PersonInfo/projection/source/projection/source/_generatedAttributeSet/operation/index1/operationRenameAttributes/someCount/new_someCount
output:/Resolved_NewPerson_referenceOnly.cdm.json/Resolved_NewPerson_referenceOnly/attributeContext/Resolved_NewPerson_referenceOnly/PersonInfo/projection/source/projection/source/_generatedAttributeSet/operation/index1/operationRenameAttributes/someCount/new_someCount/Resolved_NewPerson_referenceOnly/hasAttributes/new_someCount/(ref)
output:/Resolved_NewPerson_referenceOnly.cdm.json/Resolved_NewPerson_referenceOnly/hasAttributes/new_name
is.dataFormat.character
is.dataFormat.big
is.dataFormat.array
is.dataFormat.character
is.dataFormat.array
output:/Resolved_NewPerson_referenceOnly.cdm.json/Resolved_NewPerson_referenceOnly/hasAttributes/new_age
is.dataFormat.integer
is.dataFormat.integer
output:/Resolved_NewPerson_referenceOnly.cdm.json/Resolved_NewPerson_referenceOnly/hasAttributes/new_someCount
is.dataFormat.integer
is.linkedEntity.array.count
is.dataFormat.integer
