Resolved_BusinessPerson_normalized/attributeContext/Resolved_BusinessPerson_normalized/contactAt
Resolved_BusinessPerson_normalized/attributeContext/Resolved_BusinessPerson_normalized/contactAt/projection
Resolved_BusinessPerson_normalized/attributeContext/Resolved_BusinessPerson_normalized/contactAt/projection/source
Resolved_BusinessPerson_normalized/attributeContext/Resolved_BusinessPerson_normalized/contactAt/projection/source/ContactKinds
Resolved_BusinessPerson_normalized/attributeContext/Resolved_BusinessPerson_normalized/contactAt/projection/source/ContactKinds/emailKind
Resolved_BusinessPerson_normalized/attributeContext/Resolved_BusinessPerson_normalized/contactAt/projection/source/ContactKinds/emailKind/Email
Resolved_BusinessPerson_normalized/attributeContext/Resolved_BusinessPerson_normalized/contactAt/projection/source/ContactKinds/emailKind/Email/emailId
Resolved_BusinessPerson_normalized/attributeContext/Resolved_BusinessPerson_normalized/contactAt/projection/source/ContactKinds/emailKind/Email/address
Resolved_BusinessPerson_normalized/attributeContext/Resolved_BusinessPerson_normalized/contactAt/projection/source/ContactKinds/emailKind/Email/isPrimary
Resolved_BusinessPerson_normalized/attributeContext/Resolved_BusinessPerson_normalized/contactAt/projection/source/ContactKinds/emailKind/_generatedAttributeSet
Resolved_BusinessPerson_normalized/attributeContext/Resolved_BusinessPerson_normalized/contactAt/projection/source/ContactKinds/emailKind/_generatedAttributeSet/_generatedAttributeRound0
Resolved_BusinessPerson_normalized/attributeContext/Resolved_BusinessPerson_normalized/contactAt/projection/source/ContactKinds/emailKind/_generatedAttributeSet/_generatedAttributeRound0/address
Resolved_BusinessPerson_normalized/attributeContext/Resolved_BusinessPerson_normalized/contactAt/projection/source/ContactKinds/emailKind/_generatedAttributeSet/_generatedAttributeRound0/isPrimary
Resolved_BusinessPerson_normalized/attributeContext/Resolved_BusinessPerson_normalized/contactAt/projection/source/ContactKinds/emailKind/_generatedAttributeSet/_generatedAttributeRound0/emailId
output:/Resolved_BusinessPerson_normalized.cdm.json/Resolved_BusinessPerson_normalized/attributeContext/Resolved_BusinessPerson_normalized/contactAt/projection/source/ContactKinds/emailKind/_generatedAttributeSet/_generatedAttributeRound0/emailId/Resolved_BusinessPerson_normalized/hasAttributes/emailId/(ref)
Resolved_BusinessPerson_normalized/attributeContext/Resolved_BusinessPerson_normalized/contactAt/projection/source/ContactKinds/socialKind
Resolved_BusinessPerson_normalized/attributeContext/Resolved_BusinessPerson_normalized/contactAt/projection/source/ContactKinds/socialKind/Social
Resolved_BusinessPerson_normalized/attributeContext/Resolved_BusinessPerson_normalized/contactAt/projection/source/ContactKinds/socialKind/Social/socialId
Resolved_BusinessPerson_normalized/attributeContext/Resolved_BusinessPerson_normalized/contactAt/projection/source/ContactKinds/socialKind/Social/account
Resolved_BusinessPerson_normalized/attributeContext/Resolved_BusinessPerson_normalized/contactAt/projection/source/ContactKinds/socialKind/Social/isPrimary
Resolved_BusinessPerson_normalized/attributeContext/Resolved_BusinessPerson_normalized/contactAt/projection/source/ContactKinds/socialKind/_generatedAttributeSet
Resolved_BusinessPerson_normalized/attributeContext/Resolved_BusinessPerson_normalized/contactAt/projection/source/ContactKinds/socialKind/_generatedAttributeSet/_generatedAttributeRound0
Resolved_BusinessPerson_normalized/attributeContext/Resolved_BusinessPerson_normalized/contactAt/projection/source/ContactKinds/socialKind/_generatedAttributeSet/_generatedAttributeRound0/isPrimary
output:/Resolved_BusinessPerson_normalized.cdm.json/Resolved_BusinessPerson_normalized/attributeContext/Resolved_BusinessPerson_normalized/contactAt/projection/source/ContactKinds/socialKind/_generatedAttributeSet/_generatedAttributeRound0/isPrimary/Resolved_BusinessPerson_normalized/hasAttributes/isPrimary/(ref)
Resolved_BusinessPerson_normalized/attributeContext/Resolved_BusinessPerson_normalized/contactAt/projection/source/ContactKinds/socialKind/_generatedAttributeSet/_generatedAttributeRound0/socialId
output:/Resolved_BusinessPerson_normalized.cdm.json/Resolved_BusinessPerson_normalized/attributeContext/Resolved_BusinessPerson_normalized/contactAt/projection/source/ContactKinds/socialKind/_generatedAttributeSet/_generatedAttributeRound0/socialId/Resolved_BusinessPerson_normalized/hasAttributes/socialId/(ref)
Resolved_BusinessPerson_normalized/attributeContext/Resolved_BusinessPerson_normalized/contactAt/projection/source/ContactKinds/socialKind/_generatedAttributeSet/_generatedAttributeRound0/account
output:/Resolved_BusinessPerson_normalized.cdm.json/Resolved_BusinessPerson_normalized/attributeContext/Resolved_BusinessPerson_normalized/contactAt/projection/source/ContactKinds/socialKind/_generatedAttributeSet/_generatedAttributeRound0/account/Resolved_BusinessPerson_normalized/hasAttributes/account/(ref)
Resolved_BusinessPerson_normalized/attributeContext/Resolved_BusinessPerson_normalized/contactAt/projection/source/ContactKinds/phoneKind
Resolved_BusinessPerson_normalized/attributeContext/Resolved_BusinessPerson_normalized/contactAt/projection/source/ContactKinds/phoneKind/Phone
Resolved_BusinessPerson_normalized/attributeContext/Resolved_BusinessPerson_normalized/contactAt/projection/source/ContactKinds/phoneKind/Phone/phoneId
Resolved_BusinessPerson_normalized/attributeContext/Resolved_BusinessPerson_normalized/contactAt/projection/source/ContactKinds/phoneKind/Phone/number
Resolved_BusinessPerson_normalized/attributeContext/Resolved_BusinessPerson_normalized/contactAt/projection/source/ContactKinds/phoneKind/Phone/isPrimary
Resolved_BusinessPerson_normalized/attributeContext/Resolved_BusinessPerson_normalized/contactAt/projection/source/ContactKinds/phoneKind/_generatedAttributeSet
Resolved_BusinessPerson_normalized/attributeContext/Resolved_BusinessPerson_normalized/contactAt/projection/source/ContactKinds/phoneKind/_generatedAttributeSet/_generatedAttributeRound0
Resolved_BusinessPerson_normalized/attributeContext/Resolved_BusinessPerson_normalized/contactAt/projection/source/ContactKinds/phoneKind/_generatedAttributeSet/_generatedAttributeRound0/number
Resolved_BusinessPerson_normalized/attributeContext/Resolved_BusinessPerson_normalized/contactAt/projection/source/ContactKinds/phoneKind/_generatedAttributeSet/_generatedAttributeRound0/isPrimary
Resolved_BusinessPerson_normalized/attributeContext/Resolved_BusinessPerson_normalized/contactAt/projection/source/ContactKinds/phoneKind/_generatedAttributeSet/_generatedAttributeRound0/phoneId
output:/Resolved_BusinessPerson_normalized.cdm.json/Resolved_BusinessPerson_normalized/attributeContext/Resolved_BusinessPerson_normalized/contactAt/projection/source/ContactKinds/phoneKind/_generatedAttributeSet/_generatedAttributeRound0/phoneId/Resolved_BusinessPerson_normalized/hasAttributes/phoneId/(ref)
Resolved_BusinessPerson_normalized/attributeContext/Resolved_BusinessPerson_normalized/contactAt/_generatedAttributeSet
Resolved_BusinessPerson_normalized/attributeContext/Resolved_BusinessPerson_normalized/contactAt/_generatedAttributeSet/operation/index1/operationRenameAttributes
Resolved_BusinessPerson_normalized/attributeContext/Resolved_BusinessPerson_normalized/contactAt/_generatedAttributeSet/operation/index1/operationRenameAttributes/address
Resolved_BusinessPerson_normalized/attributeContext/Resolved_BusinessPerson_normalized/contactAt/_generatedAttributeSet/operation/index1/operationRenameAttributes/address/ContactAt..Address
output:/Resolved_BusinessPerson_normalized.cdm.json/Resolved_BusinessPerson_normalized/attributeContext/Resolved_BusinessPerson_normalized/contactAt/_generatedAttributeSet/operation/index1/operationRenameAttributes/address/ContactAt..Address/Resolved_BusinessPerson_normalized/hasAttributes/ContactAt..Address/(ref)
Resolved_BusinessPerson_normalized/attributeContext/Resolved_BusinessPerson_normalized/contactAt/_generatedAttributeSet/operation/index1/operationRenameAttributes/number
Resolved_BusinessPerson_normalized/attributeContext/Resolved_BusinessPerson_normalized/contactAt/_generatedAttributeSet/operation/index1/operationRenameAttributes/number/ContactAt..Number
output:/Resolved_BusinessPerson_normalized.cdm.json/Resolved_BusinessPerson_normalized/attributeContext/Resolved_BusinessPerson_normalized/contactAt/_generatedAttributeSet/operation/index1/operationRenameAttributes/number/ContactAt..Number/Resolved_BusinessPerson_normalized/hasAttributes/ContactAt..Number/(ref)
output:/Resolved_BusinessPerson_normalized.cdm.json/Resolved_BusinessPerson_normalized/hasAttributes/emailId
is.dataFormat.integer
is.identifiedBy
  [Parameter (Name / DefaultValue): attribute / this.attribute]
  [Argument Value: Resolved_BusinessPerson_normalized/(resolvedAttributes)/emailId]
is.dataFormat.integer
output:/Resolved_BusinessPerson_normalized.cdm.json/Resolved_BusinessPerson_normalized/hasAttributes/ContactAt..Address
is.dataFormat.character
is.dataFormat.big
is.dataFormat.array
is.dataFormat.character
is.dataFormat.array
output:/Resolved_BusinessPerson_normalized.cdm.json/Resolved_BusinessPerson_normalized/hasAttributes/isPrimary
is.dataFormat.boolean
is.dataFormat.boolean
output:/Resolved_BusinessPerson_normalized.cdm.json/Resolved_BusinessPerson_normalized/hasAttributes/phoneId
is.dataFormat.integer
is.identifiedBy
  [Parameter (Name / DefaultValue): attribute / this.attribute]
  [Argument Value: Resolved_BusinessPerson_normalized/(resolvedAttributes)/phoneId]
is.dataFormat.integer
output:/Resolved_BusinessPerson_normalized.cdm.json/Resolved_BusinessPerson_normalized/hasAttributes/ContactAt..Number
is.dataFormat.character
is.dataFormat.big
is.dataFormat.array
is.dataFormat.character
is.dataFormat.array
output:/Resolved_BusinessPerson_normalized.cdm.json/Resolved_BusinessPerson_normalized/hasAttributes/socialId
is.dataFormat.integer
is.identifiedBy
  [Parameter (Name / DefaultValue): attribute / this.attribute]
  [Argument Value: Resolved_BusinessPerson_normalized/(resolvedAttributes)/socialId]
is.dataFormat.integer
output:/Resolved_BusinessPerson_normalized.cdm.json/Resolved_BusinessPerson_normalized/hasAttributes/account
is.dataFormat.character
is.dataFormat.big
is.dataFormat.array
is.dataFormat.character
is.dataFormat.array
