{
  "jsonSchemaSemanticVersion": "1.1.0",
  "imports": [
    {
      "corpusPath": "local:/ThreeMusketeers.cdm.json",
      "moniker": "resolvedFrom"
    }
  ],
  "definitions": [
    {
      "entityName": "Resolved_ThreeMusketeers_normalized_structured",
      "attributeContext": {
        "type": "entity",
        "name": "Resolved_ThreeMusketeers_normalized_structured",
        "definition": "resolvedFrom/ThreeMusketeers",
        "contents": [
          {
            "type": "entityReferenceExtends",
            "name": "extends",
            "parent": "Resolved_ThreeMusketeers_normalized_structured/attributeContext/Resolved_ThreeMusketeers_normalized_structured",
            "contents": [
              {
                "type": "entity",
                "name": "CdmEntity",
                "parent": "Resolved_ThreeMusketeers_normalized_structured/attributeContext/Resolved_ThreeMusketeers_normalized_structured/extends",
                "definition": "resolvedFrom/CdmEntity"
              }
            ]
          },
          {
            "type": "attributeDefinition",
            "name": "ThreePeople",
            "parent": "Resolved_ThreeMusketeers_normalized_structured/attributeContext/Resolved_ThreeMusketeers_normalized_structured",
            "definition": "resolvedFrom/ThreeMusketeers/hasAttributes/ThreePeople",
            "contents": [
              {
                "type": "projection",
                "name": "projection",
                "parent": "Resolved_ThreeMusketeers_normalized_structured/attributeContext/Resolved_ThreeMusketeers_normalized_structured/ThreePeople",
                "definition": "resolvedFrom/ThreeMusketeers/hasAttributes/ThreePeople/entity/projection",
                "contents": [
                  {
                    "type": "source",
                    "name": "source",
                    "parent": "Resolved_ThreeMusketeers_normalized_structured/attributeContext/Resolved_ThreeMusketeers_normalized_structured/ThreePeople/projection",
                    "contents": [
                      {
                        "type": "projection",
                        "name": "projection",
                        "parent": "Resolved_ThreeMusketeers_normalized_structured/attributeContext/Resolved_ThreeMusketeers_normalized_structured/ThreePeople/projection/source",
                        "definition": "resolvedFrom/ThreeMusketeers/hasAttributes/ThreePeople/entity/projection",
                        "contents": [
                          {
                            "type": "source",
                            "name": "source",
                            "parent": "Resolved_ThreeMusketeers_normalized_structured/attributeContext/Resolved_ThreeMusketeers_normalized_structured/ThreePeople/projection/source/projection",
                            "contents": [
                              {
                                "type": "entity",
                                "name": "Person",
                                "parent": "Resolved_ThreeMusketeers_normalized_structured/attributeContext/Resolved_ThreeMusketeers_normalized_structured/ThreePeople/projection/source/projection/source",
                                "definition": "resolvedFrom/Person",
                                "contents": [
                                  {
                                    "type": "entityReferenceExtends",
                                    "name": "extends",
                                    "parent": "Resolved_ThreeMusketeers_normalized_structured/attributeContext/Resolved_ThreeMusketeers_normalized_structured/ThreePeople/projection/source/projection/source/Person",
                                    "contents": [
                                      {
                                        "type": "entity",
                                        "name": "CdmEntity",
                                        "parent": "Resolved_ThreeMusketeers_normalized_structured/attributeContext/Resolved_ThreeMusketeers_normalized_structured/ThreePeople/projection/source/projection/source/Person/extends",
                                        "definition": "resolvedFrom/CdmEntity"
                                      }
                                    ]
                                  },
                                  {
                                    "type": "attributeDefinition",
                                    "name": "someGroup",
                                    "parent": "Resolved_ThreeMusketeers_normalized_structured/attributeContext/Resolved_ThreeMusketeers_normalized_structured/ThreePeople/projection/source/projection/source/Person",
                                    "definition": "resolvedFrom/Person/hasAttributes/someGroup",
                                    "contents": [
                                      {
                                        "type": "attributeGroup",
                                        "name": "someGroup",
                                        "parent": "Resolved_ThreeMusketeers_normalized_structured/attributeContext/Resolved_ThreeMusketeers_normalized_structured/ThreePeople/projection/source/projection/source/Person/someGroup",
                                        "definition": "resolvedFrom/Person/hasAttributes/someGroup",
                                        "contents": [
                                          {
                                            "type": "attributeDefinition",
                                            "name": "name",
                                            "parent": "Resolved_ThreeMusketeers_normalized_structured/attributeContext/Resolved_ThreeMusketeers_normalized_structured/ThreePeople/projection/source/projection/source/Person/someGroup/someGroup",
                                            "definition": "resolvedFrom/Person/hasAttributes/someGroup/members/name",
                                            "contents": [
                                              "Resolved_ThreeMusketeers_normalized_structured/hasAttributes/name"
                                            ]
                                          },
                                          {
                                            "type": "attributeDefinition",
                                            "name": "age",
                                            "parent": "Resolved_ThreeMusketeers_normalized_structured/attributeContext/Resolved_ThreeMusketeers_normalized_structured/ThreePeople/projection/source/projection/source/Person/someGroup/someGroup",
                                            "definition": "resolvedFrom/Person/hasAttributes/someGroup/members/age",
                                            "contents": [
                                              "Resolved_ThreeMusketeers_normalized_structured/hasAttributes/age"
                                            ]
                                          },
                                          {
                                            "type": "attributeDefinition",
                                            "name": "address",
                                            "parent": "Resolved_ThreeMusketeers_normalized_structured/attributeContext/Resolved_ThreeMusketeers_normalized_structured/ThreePeople/projection/source/projection/source/Person/someGroup/someGroup",
                                            "definition": "resolvedFrom/Person/hasAttributes/someGroup/members/address",
                                            "contents": [
                                              "Resolved_ThreeMusketeers_normalized_structured/hasAttributes/address"
                                            ]
                                          }
                                        ]
                                      }
                                    ]
                                  }
                                ]
                              }
                            ]
                          }
                        ]
                      }
                    ]
                  }
                ]
              }
            ]
          }
        ]
      },
      "hasAttributes": [
        {
          "name": "name",
          "appliedTraits": [
            "is.dataFormat.character",
            "is.dataFormat.big",
            "is.dataFormat.array"
          ],
          "attributeContext": "Resolved_ThreeMusketeers_normalized_structured/attributeContext/Resolved_ThreeMusketeers_normalized_structured/ThreePeople/projection/source/projection/source/Person/someGroup/someGroup/name",
          "dataFormat": "String"
        },
        {
          "name": "age",
          "appliedTraits": [
            "is.dataFormat.integer"
          ],
          "attributeContext": "Resolved_ThreeMusketeers_normalized_structured/attributeContext/Resolved_ThreeMusketeers_normalized_structured/ThreePeople/projection/source/projection/source/Person/someGroup/someGroup/age",
          "dataFormat": "Int32"
        },
        {
          "name": "address",
          "appliedTraits": [
            "is.dataFormat.character",
            "is.dataFormat.big",
            "is.dataFormat.array"
          ],
          "attributeContext": "Resolved_ThreeMusketeers_normalized_structured/attributeContext/Resolved_ThreeMusketeers_normalized_structured/ThreePeople/projection/source/projection/source/Person/someGroup/someGroup/address",
          "dataFormat": "String"
        }
      ],
      "version": "1.1"
    }
  ]
}