Resolved_Person_structured/attributeContext/Resolved_Person_structured/contactAt
Resolved_Person_structured/attributeContext/Resolved_Person_structured/contactAt/projection
Resolved_Person_structured/attributeContext/Resolved_Person_structured/contactAt/projection/source
Resolved_Person_structured/attributeContext/Resolved_Person_structured/contactAt/projection/source/ContactKinds
Resolved_Person_structured/attributeContext/Resolved_Person_structured/contactAt/projection/source/ContactKinds/emailKind
Resolved_Person_structured/attributeContext/Resolved_Person_structured/contactAt/projection/source/ContactKinds/emailKind/Email
Resolved_Person_structured/attributeContext/Resolved_Person_structured/contactAt/projection/source/ContactKinds/emailKind/Email/emailId
Resolved_Person_structured/attributeContext/Resolved_Person_structured/contactAt/projection/source/ContactKinds/emailKind/Email/address
Resolved_Person_structured/attributeContext/Resolved_Person_structured/contactAt/projection/source/ContactKinds/emailKind/Email/isPrimary
Resolved_Person_structured/attributeContext/Resolved_Person_structured/contactAt/projection/source/ContactKinds/emailKind/Email/userId
Resolved_Person_structured/attributeContext/Resolved_Person_structured/contactAt/projection/source/ContactKinds/phoneKind
Resolved_Person_structured/attributeContext/Resolved_Person_structured/contactAt/projection/source/ContactKinds/phoneKind/Phone
Resolved_Person_structured/attributeContext/Resolved_Person_structured/contactAt/projection/source/ContactKinds/phoneKind/Phone/phoneId
Resolved_Person_structured/attributeContext/Resolved_Person_structured/contactAt/projection/source/ContactKinds/phoneKind/Phone/number
Resolved_Person_structured/attributeContext/Resolved_Person_structured/contactAt/projection/source/ContactKinds/phoneKind/Phone/isPrimary
Resolved_Person_structured/attributeContext/Resolved_Person_structured/contactAt/projection/source/ContactKinds/phoneKind/Phone/userId
Resolved_Person_structured/attributeContext/Resolved_Person_structured/contactAt/projection/source/ContactKinds/socialKind
Resolved_Person_structured/attributeContext/Resolved_Person_structured/contactAt/projection/source/ContactKinds/socialKind/Social
Resolved_Person_structured/attributeContext/Resolved_Person_structured/contactAt/projection/source/ContactKinds/socialKind/Social/socialId
Resolved_Person_structured/attributeContext/Resolved_Person_structured/contactAt/projection/source/ContactKinds/socialKind/Social/account
Resolved_Person_structured/attributeContext/Resolved_Person_structured/contactAt/projection/source/ContactKinds/socialKind/Social/isPrimary
Resolved_Person_structured/attributeContext/Resolved_Person_structured/contactAt/projection/source/ContactKinds/socialKind/Social/userId
Resolved_Person_structured/attributeContext/Resolved_Person_structured/personId
output:/Resolved_Person_structured.cdm.json/Resolved_Person_structured/attributeContext/Resolved_Person_structured/personId/Resolved_Person_structured/hasAttributes/personId/(ref)
Resolved_Person_structured/attributeContext/Resolved_Person_structured/personName
output:/Resolved_Person_structured.cdm.json/Resolved_Person_structured/attributeContext/Resolved_Person_structured/personName/Resolved_Person_structured/hasAttributes/personName/(ref)
output:/Resolved_Person_structured.cdm.json/Resolved_Person_structured/hasAttributes/personId
is.dataFormat.integer
is.identifiedBy
  [Parameter (Name / DefaultValue): attribute / this.attribute]
  [Argument Value: Resolved_Person_structured/(resolvedAttributes)/personId]
is.dataFormat.integer
output:/Resolved_Person_structured.cdm.json/Resolved_Person_structured/hasAttributes/personName
is.dataFormat.character
is.dataFormat.big
is.dataFormat.array
is.dataFormat.character
is.dataFormat.array
